<?xml version="1.0"?>
<link_info>
   <banner>TMS320C6x Linker PC v7.3.1</banner>
   <copyright>Copyright (c) 1996-2011 Texas Instruments Incorporated</copyright>
   <link_time>0x573337c6</link_time>
   <output_file>2013_realtime_audio.out</output_file>
   <entry_point>
      <name>_c_int00</name>
      <address>0xc0060820</address>
   </entry_point>
   <input_file_list>
      <input_file id="fl-10">
         <path>.\src_audio\</path>
         <kind>object</kind>
         <file>process_audio.obj</file>
         <name>process_audio.obj</name>
      </input_file>
      <input_file id="fl-11">
         <path>.\src_audio\</path>
         <kind>object</kind>
         <file>audioSample_main.obj</file>
         <name>audioSample_main.obj</name>
      </input_file>
      <input_file id="fl-12">
         <path>.\src_audio\</path>
         <kind>object</kind>
         <file>audioSample_io.obj</file>
         <name>audioSample_io.obj</name>
      </input_file>
      <input_file id="fl-13">
         <path>.\</path>
         <kind>object</kind>
         <file>transmit.obj</file>
         <name>transmit.obj</name>
      </input_file>
      <input_file id="fl-14">
         <path>.\</path>
         <kind>object</kind>
         <file>sym.obj</file>
         <name>sym.obj</name>
      </input_file>
      <input_file id="fl-15">
         <path>.\</path>
         <kind>object</kind>
         <file>sha_convert.obj</file>
         <name>sha_convert.obj</name>
      </input_file>
      <input_file id="fl-16">
         <path>.\</path>
         <kind>object</kind>
         <file>sha2.obj</file>
         <name>sha2.obj</name>
      </input_file>
      <input_file id="fl-17">
         <path>.\</path>
         <kind>object</kind>
         <file>mont.obj</file>
         <name>mont.obj</name>
      </input_file>
      <input_file id="fl-18">
         <path>.\</path>
         <kind>object</kind>
         <file>encode.obj</file>
         <name>encode.obj</name>
      </input_file>
      <input_file id="fl-19">
         <path>.\</path>
         <kind>object</kind>
         <file>digest-info.obj</file>
         <name>digest-info.obj</name>
      </input_file>
      <input_file id="fl-1a">
         <path>.\</path>
         <kind>object</kind>
         <file>audioSamplecfg_c.obj</file>
         <name>audioSamplecfg_c.obj</name>
      </input_file>
      <input_file id="fl-1b">
         <path>.\</path>
         <kind>object</kind>
         <file>audioSamplecfg.obj</file>
         <name>audioSamplecfg.obj</name>
      </input_file>
      <input_file id="fl-1c">
         <path>.\</path>
         <kind>object</kind>
         <file>aes.obj</file>
         <name>aes.obj</name>
      </input_file>
      <input_file id="fl-1d">
         <path>.\</path>
         <kind>object</kind>
         <file>Encrypt.obj</file>
         <name>Encrypt.obj</name>
      </input_file>
      <input_file id="fl-1e">
         <path>.\</path>
         <kind>object</kind>
         <file>DSP_SBC.obj</file>
         <name>DSP_SBC.obj</name>
      </input_file>
      <input_file id="fl-1f">
         <path>.\</path>
         <kind>object</kind>
         <file>DSP_QMF.obj</file>
         <name>DSP_QMF.obj</name>
      </input_file>
      <input_file id="fl-20">
         <path>.\</path>
         <kind>object</kind>
         <file>DSP_BitPacker.obj</file>
         <name>DSP_BitPacker.obj</name>
      </input_file>
      <input_file id="fl-21">
         <path>.\</path>
         <kind>object</kind>
         <file>DSP_ADPCM_SBC.obj</file>
         <name>DSP_ADPCM_SBC.obj</name>
      </input_file>
      <input_file id="fl-22">
         <path>.\</path>
         <kind>object</kind>
         <file>DSP_ADPCM.obj</file>
         <name>DSP_ADPCM.obj</name>
      </input_file>
      <input_file id="fl-a1">
         <path>C:\ti\bios_5_41_11_38\packages\ti\bios\lib\</path>
         <kind>archive</kind>
         <file>bios.a674</file>
         <name>biosdata.o674</name>
      </input_file>
      <input_file id="fl-a2">
         <path>C:\ti\bios_5_41_11_38\packages\ti\bios\lib\</path>
         <kind>archive</kind>
         <file>bios.a674</file>
         <name>hwi_disp_asm.o674</name>
      </input_file>
      <input_file id="fl-a3">
         <path>C:\ti\bios_5_41_11_38\packages\ti\bios\lib\</path>
         <kind>archive</kind>
         <file>bios.a674</file>
         <name>idl_stub.o674</name>
      </input_file>
      <input_file id="fl-a4">
         <path>C:\ti\bios_5_41_11_38\packages\ti\bios\lib\</path>
         <kind>archive</kind>
         <file>lnkrtdx.a674</file>
         <name>rtdx.o674</name>
      </input_file>
      <input_file id="fl-a5">
         <path>C:\ti\bios_5_41_11_38\packages\ti\bios\lib\</path>
         <kind>archive</kind>
         <file>bios.a674</file>
         <name>swi.o674</name>
      </input_file>
      <input_file id="fl-a6">
         <path>C:\ti\bios_5_41_11_38\packages\ti\bios\lib\</path>
         <kind>archive</kind>
         <file>bios6748.a674</file>
         <name>clk_gethtime.o674</name>
      </input_file>
      <input_file id="fl-a7">
         <path>C:\ti\bios_5_41_11_38\packages\ti\bios\lib\</path>
         <kind>archive</kind>
         <file>bios.a674</file>
         <name>fxn_c.o674</name>
      </input_file>
      <input_file id="fl-a8">
         <path>C:\ti\bios_5_41_11_38\packages\ti\bios\lib\</path>
         <kind>archive</kind>
         <file>bios.a674</file>
         <name>knl_tick.o674</name>
      </input_file>
      <input_file id="fl-a9">
         <path>C:\ti\bios_5_41_11_38\packages\ti\bios\lib\</path>
         <kind>archive</kind>
         <file>bios.a674</file>
         <name>utl_doab.o674</name>
      </input_file>
      <input_file id="fl-aa">
         <path>C:\ti\bios_5_41_11_38\packages\ti\bios\lib\</path>
         <kind>archive</kind>
         <file>bios.a674</file>
         <name>utl_doer.o674</name>
      </input_file>
      <input_file id="fl-ab">
         <path>C:\ti\bios_5_41_11_38\packages\ti\bios\lib\</path>
         <kind>archive</kind>
         <file>bios.a674</file>
         <name>utl_putc.o674</name>
      </input_file>
      <input_file id="fl-ac">
         <path>C:\ti\bios_5_41_11_38\packages\ti\bios\lib\</path>
         <kind>archive</kind>
         <file>bios.a674</file>
         <name>utl_halt.o674</name>
      </input_file>
      <input_file id="fl-ad">
         <path>C:\ti\bios_5_41_11_38\packages\ti\bios\lib\</path>
         <kind>archive</kind>
         <file>bios6748.a674</file>
         <name>clk.o674</name>
      </input_file>
      <input_file id="fl-ae">
         <path>C:\ti\bios_5_41_11_38\packages\ti\bios\lib\</path>
         <kind>archive</kind>
         <file>bios.a674</file>
         <name>fxn.o674</name>
      </input_file>
      <input_file id="fl-af">
         <path>C:\ti\bios_5_41_11_38\packages\ti\bios\lib\</path>
         <kind>archive</kind>
         <file>bios.a674</file>
         <name>boot.o674</name>
      </input_file>
      <input_file id="fl-b0">
         <path>C:\ti\bios_5_41_11_38\packages\ti\bios\lib\</path>
         <kind>archive</kind>
         <file>bios.a674</file>
         <name>trc.o674</name>
      </input_file>
      <input_file id="fl-b1">
         <path>C:\ti\bios_5_41_11_38\packages\ti\bios\lib\</path>
         <kind>archive</kind>
         <file>bios.a674</file>
         <name>hwi.o674</name>
      </input_file>
      <input_file id="fl-b2">
         <path>C:\ti\bios_5_41_11_38\packages\ti\bios\lib\</path>
         <kind>archive</kind>
         <file>bios.a674</file>
         <name>idl_busy.o674</name>
      </input_file>
      <input_file id="fl-b3">
         <path>C:\ti\bios_5_41_11_38\packages\ti\bios\lib\</path>
         <kind>archive</kind>
         <file>bios6748.a674</file>
         <name>idl_cal.o674</name>
      </input_file>
      <input_file id="fl-b4">
         <path>C:\ti\bios_5_41_11_38\packages\ti\bios\lib\</path>
         <kind>archive</kind>
         <file>bios.a674</file>
         <name>idl.o674</name>
      </input_file>
      <input_file id="fl-b5">
         <path>C:\ti\bios_5_41_11_38\packages\ti\bios\lib\</path>
         <kind>archive</kind>
         <file>bios.a674</file>
         <name>knl_swit.o674</name>
      </input_file>
      <input_file id="fl-b6">
         <path>C:\ti\bios_5_41_11_38\packages\ti\bios\lib\</path>
         <kind>archive</kind>
         <file>log8.a674</file>
         <name>log_ts.o674</name>
      </input_file>
      <input_file id="fl-b7">
         <path>C:\ti\bios_5_41_11_38\packages\ti\bios\lib\</path>
         <kind>archive</kind>
         <file>bios.a674</file>
         <name>pip.o674</name>
      </input_file>
      <input_file id="fl-b8">
         <path>C:\ti\bios_5_41_11_38\packages\ti\bios\lib\</path>
         <kind>archive</kind>
         <file>bios.a674</file>
         <name>prd.o674</name>
      </input_file>
      <input_file id="fl-b9">
         <path>C:\ti\bios_5_41_11_38\packages\ti\bios\lib\</path>
         <kind>archive</kind>
         <file>bios.a674</file>
         <name>rta.o674</name>
      </input_file>
      <input_file id="fl-ba">
         <path>C:\ti\bios_5_41_11_38\packages\ti\bios\lib\</path>
         <kind>archive</kind>
         <file>bios.a674</file>
         <name>rta_andn.o674</name>
      </input_file>
      <input_file id="fl-bb">
         <path>C:\ti\bios_5_41_11_38\packages\ti\bios\lib\</path>
         <kind>archive</kind>
         <file>bios.a674</file>
         <name>sts.o674</name>
      </input_file>
      <input_file id="fl-bc">
         <path>C:\Users\r0603366\Desktop\Secure_Codec_SpeechGroup6_CryptoGroup6_realtime\2013_realtime_audio\libs\</path>
         <kind>archive</kind>
         <file>ti.pspiom.platforms.codec.a674</file>
         <name>Aic31.obj</name>
      </input_file>
      <input_file id="fl-bd">
         <path>C:\Users\r0603366\Desktop\Secure_Codec_SpeechGroup6_CryptoGroup6_realtime\2013_realtime_audio\libs\</path>
         <kind>archive</kind>
         <file>ti.pspiom.platforms.evm6748.audio.a674</file>
         <name>Audio.obj</name>
      </input_file>
      <input_file id="fl-be">
         <path>C:\ti\bios_5_41_11_38\packages\ti\bios\lib\</path>
         <kind>archive</kind>
         <file>bios.a674</file>
         <name>clk_data.o674</name>
      </input_file>
      <input_file id="fl-bf">
         <path>C:\ti\bios_5_41_11_38\packages\ti\bios\lib\</path>
         <kind>archive</kind>
         <file>bios.a674</file>
         <name>clk_data2.o674</name>
      </input_file>
      <input_file id="fl-c0">
         <path>C:\ti\bios_5_41_11_38\packages\ti\bios\lib\</path>
         <kind>archive</kind>
         <file>bios6748.a674</file>
         <name>clk_data.o674</name>
      </input_file>
      <input_file id="fl-c1">
         <path>C:\ti\bios_5_41_11_38\packages\ti\bios\lib\</path>
         <kind>archive</kind>
         <file>bios6748.a674</file>
         <name>clk_meas.o674</name>
      </input_file>
      <input_file id="fl-c2">
         <path>C:\ti\bios_5_41_11_38\packages\ti\bios\lib\</path>
         <kind>archive</kind>
         <file>bios.a674</file>
         <name>dev_init.o674</name>
      </input_file>
      <input_file id="fl-c3">
         <path>C:\ti\bios_5_41_11_38\packages\ti\bios\lib\</path>
         <kind>archive</kind>
         <file>bios.a674</file>
         <name>dev_matc.o674</name>
      </input_file>
      <input_file id="fl-c4">
         <path>C:\ti\bios_5_41_11_38\packages\ti\bios\lib\</path>
         <kind>archive</kind>
         <file>drivers.a674</file>
         <name>dio.o674</name>
      </input_file>
      <input_file id="fl-c5">
         <path>C:\ti\bios_5_41_11_38\packages\ti\bios\lib\</path>
         <kind>archive</kind>
         <file>drivers.a674</file>
         <name>dio_tskDynamic.o674</name>
      </input_file>
      <input_file id="fl-c6">
         <path>C:\ti\bios_5_41_11_38\packages\ti\bios\lib\</path>
         <kind>archive</kind>
         <file>drivers.a674</file>
         <name>dio_tsk.o674</name>
      </input_file>
      <input_file id="fl-c7">
         <path>C:\ti\bios_5_41_11_38\packages\ti\bios\lib\</path>
         <kind>archive</kind>
         <file>bios.a674</file>
         <name>ecm_dispatch.o674</name>
      </input_file>
      <input_file id="fl-c8">
         <path>C:\ti\bios_5_41_11_38\packages\ti\bios\lib\</path>
         <kind>archive</kind>
         <file>bios.a674</file>
         <name>exc_asm.o674</name>
      </input_file>
      <input_file id="fl-c9">
         <path>C:\ti\bios_5_41_11_38\packages\ti\bios\lib\</path>
         <kind>archive</kind>
         <file>bios.a674</file>
         <name>exc.o674</name>
      </input_file>
      <input_file id="fl-ca">
         <path>C:\ti\bios_5_41_11_38\packages\ti\bios\lib\</path>
         <kind>archive</kind>
         <file>bios.a674</file>
         <name>gbl_cacheinit64P.o674</name>
      </input_file>
      <input_file id="fl-cb">
         <path>C:\ti\bios_5_41_11_38\packages\ti\bios\lib\</path>
         <kind>archive</kind>
         <file>bios6748.a674</file>
         <name>bcache_init.o674</name>
      </input_file>
      <input_file id="fl-cc">
         <path>C:\ti\bios_5_41_11_38\packages\ti\bios\lib\</path>
         <kind>archive</kind>
         <file>bios.a674</file>
         <name>gbl_vers.o674</name>
      </input_file>
      <input_file id="fl-cd">
         <path>C:\ti\bios_5_41_11_38\packages\ti\rtdx\lib\c6000\</path>
         <kind>archive</kind>
         <file>rtdx64xplus.lib</file>
         <name>rtdx_mon.o64P</name>
      </input_file>
      <input_file id="fl-ce">
         <path>C:\ti\bios_5_41_11_38\packages\ti\bios\lib\</path>
         <kind>archive</kind>
         <file>bios.a674</file>
         <name>hwi_c.o674</name>
      </input_file>
      <input_file id="fl-cf">
         <path>C:\Users\r0603366\Desktop\Secure_Codec_SpeechGroup6_CryptoGroup6_realtime\2013_realtime_audio\libs\</path>
         <kind>archive</kind>
         <file>ti.pspiom.i2c.a674</file>
         <name>I2c.obj</name>
      </input_file>
      <input_file id="fl-d0">
         <path>C:\ti\bios_5_41_11_38\packages\ti\bios\lib\</path>
         <kind>archive</kind>
         <file>bios.a674</file>
         <name>c62_c.o674</name>
      </input_file>
      <input_file id="fl-d1">
         <path>C:\ti\bios_5_41_11_38\packages\ti\bios\lib\</path>
         <kind>archive</kind>
         <file>bios.a674</file>
         <name>ecm_disableEvent.o674</name>
      </input_file>
      <input_file id="fl-d2">
         <path>C:\ti\bios_5_41_11_38\packages\ti\bios\lib\</path>
         <kind>archive</kind>
         <file>bios.a674</file>
         <name>atm.o674</name>
      </input_file>
      <input_file id="fl-d3">
         <path>C:\ti\bios_5_41_11_38\packages\ti\bios\lib\</path>
         <kind>archive</kind>
         <file>bios.a674</file>
         <name>ecm_dispatchPlug.o674</name>
      </input_file>
      <input_file id="fl-d4">
         <path>C:\ti\bios_5_41_11_38\packages\ti\bios\lib\</path>
         <kind>archive</kind>
         <file>bios.a674</file>
         <name>ecm_enableEvent.o674</name>
      </input_file>
      <input_file id="fl-d5">
         <path>C:\Users\r0603366\Desktop\Secure_Codec_SpeechGroup6_CryptoGroup6_realtime\2013_realtime_audio\libs\</path>
         <kind>archive</kind>
         <file>edma3_drv_bios_c674.lib</file>
         <name>edma3_drv_basic.obj</name>
      </input_file>
      <input_file id="fl-d6">
         <path>C:\Users\r0603366\Desktop\Secure_Codec_SpeechGroup6_CryptoGroup6_realtime\2013_realtime_audio\libs\</path>
         <kind>archive</kind>
         <file>edma3_rm_bios.lib</file>
         <name>edma3resmgr.obj</name>
      </input_file>
      <input_file id="fl-d7">
         <path>C:\Users\r0603366\Desktop\Secure_Codec_SpeechGroup6_CryptoGroup6_realtime\2013_realtime_audio\libs\</path>
         <kind>archive</kind>
         <file>edma3_rm_bios.lib</file>
         <name>edma3_rm_gbl_data.obj</name>
      </input_file>
      <input_file id="fl-d8">
         <path>C:\Users\r0603366\Desktop\Secure_Codec_SpeechGroup6_CryptoGroup6_realtime\2013_realtime_audio\libs\</path>
         <kind>archive</kind>
         <file>ti.pspiom.i2c.a674</file>
         <name>I2c_edma.obj</name>
      </input_file>
      <input_file id="fl-d9">
         <path>C:\ti\bios_5_41_11_38\packages\ti\bios\lib\</path>
         <kind>archive</kind>
         <file>bios6748.a674</file>
         <name>bcache_block.o674</name>
      </input_file>
      <input_file id="fl-da">
         <path>C:\ti\bios_5_41_11_38\packages\ti\bios\lib\</path>
         <kind>archive</kind>
         <file>bios6748.a674</file>
         <name>bcache_wait.o674</name>
      </input_file>
      <input_file id="fl-db">
         <path>C:\Users\r0603366\Desktop\Secure_Codec_SpeechGroup6_CryptoGroup6_realtime\2013_realtime_audio\libs\</path>
         <kind>archive</kind>
         <file>edma3_drv_bios_c674.lib</file>
         <name>edma3_drv_adv.obj</name>
      </input_file>
      <input_file id="fl-dc">
         <path>C:\ti\bios_5_41_11_38\packages\ti\bios\lib\</path>
         <kind>archive</kind>
         <file>bios.a674</file>
         <name>knl.o674</name>
      </input_file>
      <input_file id="fl-dd">
         <path>C:\ti\bios_5_41_11_38\packages\ti\bios\lib\</path>
         <kind>archive</kind>
         <file>bios.a674</file>
         <name>knl_exit.o674</name>
      </input_file>
      <input_file id="fl-de">
         <path>C:\ti\bios_5_41_11_38\packages\ti\bios\lib\</path>
         <kind>archive</kind>
         <file>bios.a674</file>
         <name>knl_chec.o674</name>
      </input_file>
      <input_file id="fl-df">
         <path>C:\ti\bios_5_41_11_38\packages\ti\bios\lib\</path>
         <kind>archive</kind>
         <file>bios.a674</file>
         <name>knl_post.o674</name>
      </input_file>
      <input_file id="fl-e0">
         <path>C:\ti\bios_5_41_11_38\packages\ti\bios\lib\</path>
         <kind>archive</kind>
         <file>bios.a674</file>
         <name>knl_ipos.o674</name>
      </input_file>
      <input_file id="fl-e1">
         <path>C:\ti\bios_5_41_11_38\packages\ti\bios\lib\</path>
         <kind>archive</kind>
         <file>bios.a674</file>
         <name>knl_run.o674</name>
      </input_file>
      <input_file id="fl-e2">
         <path>C:\ti\bios_5_41_11_38\packages\ti\bios\lib\</path>
         <kind>archive</kind>
         <file>bios.a674</file>
         <name>log_printf.o674</name>
      </input_file>
      <input_file id="fl-e3">
         <path>C:\ti\bios_5_41_11_38\packages\ti\bios\lib\</path>
         <kind>archive</kind>
         <file>bios.a674</file>
         <name>mem_asm.o674</name>
      </input_file>
      <input_file id="fl-e4">
         <path>C:\ti\bios_5_41_11_38\packages\ti\bios\lib\</path>
         <kind>archive</kind>
         <file>bios.a674</file>
         <name>mem_free.o674</name>
      </input_file>
      <input_file id="fl-e5">
         <path>C:\ti\bios_5_41_11_38\packages\ti\bios\lib\</path>
         <kind>archive</kind>
         <file>bios.a674</file>
         <name>mem_init.o674</name>
      </input_file>
      <input_file id="fl-e6">
         <path>C:\ti\bios_5_41_11_38\packages\ti\bios\lib\</path>
         <kind>archive</kind>
         <file>bios.a674</file>
         <name>mem_vall.o674</name>
      </input_file>
      <input_file id="fl-e7">
         <path>C:\ti\bios_5_41_11_38\packages\ti\bios\lib\</path>
         <kind>archive</kind>
         <file>bios.a674</file>
         <name>mem_allo.o674</name>
      </input_file>
      <input_file id="fl-e8">
         <path>C:\Users\r0603366\Desktop\Secure_Codec_SpeechGroup6_CryptoGroup6_realtime\2013_realtime_audio\libs\</path>
         <kind>archive</kind>
         <file>ti.pspiom.mcasp.a674</file>
         <name>Mcasp.obj</name>
      </input_file>
      <input_file id="fl-e9">
         <path>C:\Users\r0603366\Desktop\Secure_Codec_SpeechGroup6_CryptoGroup6_realtime\2013_realtime_audio\libs\</path>
         <kind>archive</kind>
         <file>ti.pspiom.mcasp.a674</file>
         <name>Mcasp_ioctl.obj</name>
      </input_file>
      <input_file id="fl-ea">
         <path>C:\Users\r0603366\Desktop\Secure_Codec_SpeechGroup6_CryptoGroup6_realtime\2013_realtime_audio\libs\</path>
         <kind>archive</kind>
         <file>ti.pspiom.mcasp.a674</file>
         <name>Mcasp_edma.obj</name>
      </input_file>
      <input_file id="fl-eb">
         <path>C:\ti\bios_5_41_11_38\packages\ti\bios\lib\</path>
         <kind>archive</kind>
         <file>bios.a674</file>
         <name>obj_init.o674</name>
      </input_file>
      <input_file id="fl-ec">
         <path>C:\ti\bios_5_41_11_38\packages\ti\bios\lib\</path>
         <kind>archive</kind>
         <file>pwrm.a674</file>
         <name>pwrm_gsp674.o674</name>
      </input_file>
      <input_file id="fl-ed">
         <path>C:\Users\r0603366\Desktop\Secure_Codec_SpeechGroup6_CryptoGroup6_realtime\2013_realtime_audio\libs\</path>
         <kind>archive</kind>
         <file>pscl.a674</file>
         <name>pscl.o674</name>
      </input_file>
      <input_file id="fl-ee">
         <path>C:\Users\r0603366\Desktop\Secure_Codec_SpeechGroup6_CryptoGroup6_realtime\2013_realtime_audio\libs\</path>
         <kind>archive</kind>
         <file>pmi.a674</file>
         <name>pmi_pll.o674</name>
      </input_file>
      <input_file id="fl-ef">
         <path>C:\Users\r0603366\Desktop\Secure_Codec_SpeechGroup6_CryptoGroup6_realtime\2013_realtime_audio\libs\</path>
         <kind>archive</kind>
         <file>pmi_ctl_evm6748.a674</file>
         <name>pmi_volt6748evm.o674</name>
      </input_file>
      <input_file id="fl-f0">
         <path>C:\Users\r0603366\Desktop\Secure_Codec_SpeechGroup6_CryptoGroup6_realtime\2013_realtime_audio\libs\</path>
         <kind>archive</kind>
         <file>pmi.a674</file>
         <name>pmi_ms.o674</name>
      </input_file>
      <input_file id="fl-f1">
         <path>C:\Users\r0603366\Desktop\Secure_Codec_SpeechGroup6_CryptoGroup6_realtime\2013_realtime_audio\libs\</path>
         <kind>archive</kind>
         <file>pmi.a674</file>
         <name>pmi_onchip.o674</name>
      </input_file>
      <input_file id="fl-f2">
         <path>C:\Users\r0603366\Desktop\Secure_Codec_SpeechGroup6_CryptoGroup6_realtime\2013_realtime_audio\libs\</path>
         <kind>archive</kind>
         <file>pmi.a674</file>
         <name>pmi_init.o674</name>
      </input_file>
      <input_file id="fl-f3">
         <path>C:\Users\r0603366\Desktop\Secure_Codec_SpeechGroup6_CryptoGroup6_realtime\2013_realtime_audio\libs\</path>
         <kind>archive</kind>
         <file>pmi_ctl_evm6748.a674</file>
         <name>pmi_i2c.o674</name>
      </input_file>
      <input_file id="fl-f4">
         <path>C:\Users\r0603366\Desktop\Secure_Codec_SpeechGroup6_CryptoGroup6_realtime\2013_realtime_audio\libs\</path>
         <kind>archive</kind>
         <file>pmi.a674</file>
         <name>pmi_relock1.o674</name>
      </input_file>
      <input_file id="fl-f5">
         <path>C:\Users\r0603366\Desktop\Secure_Codec_SpeechGroup6_CryptoGroup6_realtime\2013_realtime_audio\libs\</path>
         <kind>archive</kind>
         <file>pscl_cfg_evm6748.a674</file>
         <name>pscl_config_evm6748.o674</name>
      </input_file>
      <input_file id="fl-f6">
         <path>C:\ti\bios_5_41_11_38\packages\ti\bios\lib\</path>
         <kind>archive</kind>
         <file>bios6748.a674</file>
         <name>pwrm_get674.o674</name>
      </input_file>
      <input_file id="fl-f7">
         <path>C:\ti\bios_5_41_11_38\packages\ti\bios\lib\</path>
         <kind>archive</kind>
         <file>pwrm.a674</file>
         <name>pwrm_nsp674.o674</name>
      </input_file>
      <input_file id="fl-f8">
         <path>C:\ti\bios_5_41_11_38\packages\ti\bios\lib\</path>
         <kind>archive</kind>
         <file>pwrm.a674</file>
         <name>pwrm_spi674.o674</name>
      </input_file>
      <input_file id="fl-f9">
         <path>C:\ti\bios_5_41_11_38\packages\ti\bios\lib\</path>
         <kind>archive</kind>
         <file>pwrm.a674</file>
         <name>pwrm_regcst.o674</name>
      </input_file>
      <input_file id="fl-fa">
         <path>C:\ti\bios_5_41_11_38\packages\ti\bios\lib\</path>
         <kind>archive</kind>
         <file>pwrm.a674</file>
         <name>pwrm_reg.o674</name>
      </input_file>
      <input_file id="fl-fb">
         <path>C:\ti\bios_5_41_11_38\packages\ti\bios\lib\</path>
         <kind>archive</kind>
         <file>pwrm.a674</file>
         <name>pwrm.o674</name>
      </input_file>
      <input_file id="fl-fc">
         <path>C:\ti\bios_5_41_11_38\packages\ti\bios\lib\</path>
         <kind>archive</kind>
         <file>bios6748.a674</file>
         <name>pwrm_rel674.o674</name>
      </input_file>
      <input_file id="fl-fd">
         <path>C:\ti\bios_5_41_11_38\packages\ti\bios\lib\</path>
         <kind>archive</kind>
         <file>bios6748.a674</file>
         <name>pwrm_set674.o674</name>
      </input_file>
      <input_file id="fl-fe">
         <path>C:\ti\bios_5_41_11_38\packages\ti\bios\lib\</path>
         <kind>archive</kind>
         <file>pwrm.a674</file>
         <name>pwrm_urgcst.o674</name>
      </input_file>
      <input_file id="fl-ff">
         <path>C:\ti\bios_5_41_11_38\packages\ti\bios\lib\</path>
         <kind>archive</kind>
         <file>pwrm.a674</file>
         <name>pwrm_urg.o674</name>
      </input_file>
      <input_file id="fl-100">
         <path>C:\ti\bios_5_41_11_38\packages\ti\bios\lib\</path>
         <kind>archive</kind>
         <file>bios.a674</file>
         <name>que_get.o674</name>
      </input_file>
      <input_file id="fl-101">
         <path>C:\ti\bios_5_41_11_38\packages\ti\rtdx\lib\c6000\</path>
         <kind>archive</kind>
         <file>rtdx64xplus.lib</file>
         <name>buffer2.o64P</name>
      </input_file>
      <input_file id="fl-102">
         <path>C:\ti\bios_5_41_11_38\packages\ti\rtdx\lib\c6000\</path>
         <kind>archive</kind>
         <file>rtdx64xplus.lib</file>
         <name>buffer1.o64P</name>
      </input_file>
      <input_file id="fl-103">
         <path>C:\ti\bios_5_41_11_38\packages\ti\rtdx\lib\c6000\</path>
         <kind>archive</kind>
         <file>rtdx64xplus.lib</file>
         <name>intr_tgt.o64P</name>
      </input_file>
      <input_file id="fl-104">
         <path>C:\ti\bios_5_41_11_38\packages\ti\rtdx\lib\c6000\</path>
         <kind>archive</kind>
         <file>rtdx64xplus.lib</file>
         <name>memfill.o64P</name>
      </input_file>
      <input_file id="fl-105">
         <path>C:\ti\bios_5_41_11_38\packages\ti\bios\lib\</path>
         <kind>archive</kind>
         <file>bios.a674</file>
         <name>sem_crea.o674</name>
      </input_file>
      <input_file id="fl-106">
         <path>C:\ti\bios_5_41_11_38\packages\ti\bios\lib\</path>
         <kind>archive</kind>
         <file>bios.a674</file>
         <name>obj_crea.o674</name>
      </input_file>
      <input_file id="fl-107">
         <path>C:\ti\bios_5_41_11_38\packages\ti\bios\lib\</path>
         <kind>archive</kind>
         <file>bios.a674</file>
         <name>sem_dele.o674</name>
      </input_file>
      <input_file id="fl-108">
         <path>C:\ti\bios_5_41_11_38\packages\ti\bios\lib\</path>
         <kind>archive</kind>
         <file>bios.a674</file>
         <name>obj_dele.o674</name>
      </input_file>
      <input_file id="fl-109">
         <path>C:\ti\bios_5_41_11_38\packages\ti\bios\lib\</path>
         <kind>archive</kind>
         <file>bios.a674</file>
         <name>sem_pend_counting.o674</name>
      </input_file>
      <input_file id="fl-10a">
         <path>C:\ti\bios_5_41_11_38\packages\ti\bios\lib\</path>
         <kind>archive</kind>
         <file>bios.a674</file>
         <name>sem_pend.o674</name>
      </input_file>
      <input_file id="fl-10b">
         <path>C:\ti\bios_5_41_11_38\packages\ti\bios\lib\</path>
         <kind>archive</kind>
         <file>bios.a674</file>
         <name>sem_post_asm.o674</name>
      </input_file>
      <input_file id="fl-10c">
         <path>C:\ti\bios_5_41_11_38\packages\ti\bios\lib\</path>
         <kind>archive</kind>
         <file>bios.a674</file>
         <name>sem_post.o674</name>
      </input_file>
      <input_file id="fl-10d">
         <path>C:\ti\bios_5_41_11_38\packages\ti\bios\lib\</path>
         <kind>archive</kind>
         <file>sioboth.a674</file>
         <name>sio.o674</name>
      </input_file>
      <input_file id="fl-10e">
         <path>C:\ti\bios_5_41_11_38\packages\ti\bios\lib\</path>
         <kind>archive</kind>
         <file>sioboth.a674</file>
         <name>sio_crea.o674</name>
      </input_file>
      <input_file id="fl-10f">
         <path>C:\ti\bios_5_41_11_38\packages\ti\bios\lib\</path>
         <kind>archive</kind>
         <file>bios.a674</file>
         <name>dev_mkfr.o674</name>
      </input_file>
      <input_file id="fl-110">
         <path>C:\ti\bios_5_41_11_38\packages\ti\bios\lib\</path>
         <kind>archive</kind>
         <file>bios.a674</file>
         <name>que_crea.o674</name>
      </input_file>
      <input_file id="fl-111">
         <path>C:\ti\bios_5_41_11_38\packages\ti\bios\lib\</path>
         <kind>archive</kind>
         <file>sioboth.a674</file>
         <name>sio_dele.o674</name>
      </input_file>
      <input_file id="fl-112">
         <path>C:\ti\bios_5_41_11_38\packages\ti\bios\lib\</path>
         <kind>archive</kind>
         <file>bios.a674</file>
         <name>dev_rmfr.o674</name>
      </input_file>
      <input_file id="fl-113">
         <path>C:\ti\bios_5_41_11_38\packages\ti\bios\lib\</path>
         <kind>archive</kind>
         <file>sioboth.a674</file>
         <name>sio_issu.o674</name>
      </input_file>
      <input_file id="fl-114">
         <path>C:\ti\bios_5_41_11_38\packages\ti\bios\lib\</path>
         <kind>archive</kind>
         <file>sioboth.a674</file>
         <name>sio_recl.o674</name>
      </input_file>
      <input_file id="fl-115">
         <path>C:\ti\bios_5_41_11_38\packages\ti\bios\lib\</path>
         <kind>archive</kind>
         <file>bios.a674</file>
         <name>sts_set.o674</name>
      </input_file>
      <input_file id="fl-116">
         <path>C:\ti\bios_5_41_11_38\packages\ti\bios\lib\</path>
         <kind>archive</kind>
         <file>bios.a674</file>
         <name>swi_crea.o674</name>
      </input_file>
      <input_file id="fl-117">
         <path>C:\ti\bios_5_41_11_38\packages\ti\bios\lib\</path>
         <kind>archive</kind>
         <file>bios.a674</file>
         <name>swi_disable.o674</name>
      </input_file>
      <input_file id="fl-118">
         <path>C:\ti\bios_5_41_11_38\packages\ti\bios\lib\</path>
         <kind>archive</kind>
         <file>bios.a674</file>
         <name>swi_seta.o674</name>
      </input_file>
      <input_file id="fl-119">
         <path>C:\ti\bios_5_41_11_38\packages\ti\bios\lib\</path>
         <kind>archive</kind>
         <file>bios.a674</file>
         <name>sys_abor.o674</name>
      </input_file>
      <input_file id="fl-11a">
         <path>C:\ti\bios_5_41_11_38\packages\ti\bios\lib\</path>
         <kind>archive</kind>
         <file>bios.a674</file>
         <name>sys_erro.o674</name>
      </input_file>
      <input_file id="fl-11b">
         <path>C:\ti\bios_5_41_11_38\packages\ti\bios\lib\</path>
         <kind>archive</kind>
         <file>bios.a674</file>
         <name>sys_prin.o674</name>
      </input_file>
      <input_file id="fl-11c">
         <path>C:\ti\bios_5_41_11_38\packages\ti\bios\lib\</path>
         <kind>archive</kind>
         <file>bios.a674</file>
         <name>sys_one.o674</name>
      </input_file>
      <input_file id="fl-11d">
         <path>C:\ti\bios_5_41_11_38\packages\ti\bios\lib\</path>
         <kind>archive</kind>
         <file>bios.a674</file>
         <name>tsk.o674</name>
      </input_file>
      <input_file id="fl-11e">
         <path>C:\ti\bios_5_41_11_38\packages\ti\bios\lib\</path>
         <kind>archive</kind>
         <file>bios.a674</file>
         <name>tsk_exit.o674</name>
      </input_file>
      <input_file id="fl-11f">
         <path>C:\ti\bios_5_41_11_38\packages\ti\bios\lib\</path>
         <kind>archive</kind>
         <file>bios.a674</file>
         <name>sys_exit.o674</name>
      </input_file>
      <input_file id="fl-120">
         <path>C:\ti\bios_5_41_11_38\packages\ti\bios\lib\</path>
         <kind>archive</kind>
         <file>bios.a674</file>
         <name>sys.o674</name>
      </input_file>
      <input_file id="fl-121">
         <path>C:\ti\bios_5_41_11_38\packages\ti\bios\lib\</path>
         <kind>archive</kind>
         <file>bios.a674</file>
         <name>tsk_init.o674</name>
      </input_file>
      <input_file id="fl-122">
         <path>C:\ti\bios_5_41_11_38\packages\ti\bios\lib\</path>
         <kind>archive</kind>
         <file>bios.a674</file>
         <name>tsk_setu.o674</name>
      </input_file>
      <input_file id="fl-123">
         <path>C:\ti\bios_5_41_11_38\packages\ti\bios\lib\</path>
         <kind>archive</kind>
         <file>bios.a674</file>
         <name>tsk_stup.o674</name>
      </input_file>
      <input_file id="fl-124">
         <path>C:\ti\bios_5_41_11_38\packages\ti\bios\lib\</path>
         <kind>archive</kind>
         <file>bios.a674</file>
         <name>lck.o674</name>
      </input_file>
      <input_file id="fl-125">
         <path>C:\ti\bios_5_41_11_38\packages\ti\bios\lib\</path>
         <kind>archive</kind>
         <file>pwrm.a674</file>
         <name>pwrm_ini.o674</name>
      </input_file>
      <input_file id="fl-126">
         <path>C:\ti\bios_5_41_11_38\packages\ti\bios\lib\</path>
         <kind>archive</kind>
         <file>bios6748.a674</file>
         <name>pwrm_rdb6748.o674</name>
      </input_file>
      <input_file id="fl-127">
         <path>C:\ti\bios_5_41_11_38\packages\ti\bios\lib\</path>
         <kind>archive</kind>
         <file>bios6748.a674</file>
         <name>_pwrm_initcounts.o674</name>
      </input_file>
      <input_file id="fl-128">
         <path>C:\ti\bios_5_41_11_38\packages\ti\bios\lib\</path>
         <kind>archive</kind>
         <file>pwrm.a674</file>
         <name>_pwrm_updcst.o674</name>
      </input_file>
      <input_file id="fl-129">
         <path>C:\ti\bios_5_41_11_38\packages\ti\bios\lib\</path>
         <kind>archive</kind>
         <file>bios.a674</file>
         <name>sem_dopo.o674</name>
      </input_file>
      <input_file id="fl-12a">
         <path>C:\ti\ccsv5\tools\compiler\c6000\lib\</path>
         <kind>archive</kind>
         <file>rts6740.lib</file>
         <name>assert.obj</name>
      </input_file>
      <input_file id="fl-12b">
         <path>C:\ti\bios_5_41_11_38\packages\ti\bios\lib\</path>
         <kind>archive</kind>
         <file>bios.a674</file>
         <name>autoinit.o674</name>
      </input_file>
      <input_file id="fl-12c">
         <path>C:\ti\ccsv5\tools\compiler\c6000\lib\</path>
         <kind>archive</kind>
         <file>rts6740.lib</file>
         <name>divu.obj</name>
      </input_file>
      <input_file id="fl-12d">
         <path>C:\ti\ccsv5\tools\compiler\c6000\lib\</path>
         <kind>archive</kind>
         <file>rts6740.lib</file>
         <name>fixdu.obj</name>
      </input_file>
      <input_file id="fl-12e">
         <path>C:\ti\ccsv5\tools\compiler\c6000\lib\</path>
         <kind>archive</kind>
         <file>rts6740.lib</file>
         <name>defs.obj</name>
      </input_file>
      <input_file id="fl-12f">
         <path>C:\ti\ccsv5\tools\compiler\c6000\lib\</path>
         <kind>archive</kind>
         <file>rts6740.lib</file>
         <name>_lock.obj</name>
      </input_file>
      <input_file id="fl-130">
         <path>C:\ti\ccsv5\tools\compiler\c6000\lib\</path>
         <kind>archive</kind>
         <file>rts6740.lib</file>
         <name>remu.obj</name>
      </input_file>
      <input_file id="fl-131">
         <path>C:\ti\ccsv5\tools\compiler\c6000\lib\</path>
         <kind>archive</kind>
         <file>rts6740.lib</file>
         <name>strasg.obj</name>
      </input_file>
      <input_file id="fl-132">
         <path>C:\ti\ccsv5\tools\compiler\c6000\lib\</path>
         <kind>archive</kind>
         <file>rts6740.lib</file>
         <name>exit.obj</name>
      </input_file>
      <input_file id="fl-133">
         <path>C:\ti\ccsv5\tools\compiler\c6000\lib\</path>
         <kind>archive</kind>
         <file>rts6740.lib</file>
         <name>atexit.obj</name>
      </input_file>
      <input_file id="fl-134">
         <path>C:\ti\ccsv5\tools\compiler\c6000\lib\</path>
         <kind>archive</kind>
         <file>rts6740.lib</file>
         <name>sinit.obj</name>
      </input_file>
      <input_file id="fl-135">
         <path>C:\Users\r0603366\Desktop\Secure_Codec_SpeechGroup6_CryptoGroup6_realtime\2013_realtime_audio\libs\</path>
         <kind>archive</kind>
         <file>ti.pspiom.platforms.evm6748.evmInit.a674</file>
         <name>audio_evmInit.obj</name>
      </input_file>
      <input_file id="fl-136">
         <path>C:\Users\r0603366\Desktop\Secure_Codec_SpeechGroup6_CryptoGroup6_realtime\2013_realtime_audio\libs\</path>
         <kind>archive</kind>
         <file>edma3_rm_bios.lib</file>
         <name>edma3_c6748_cfg.obj</name>
      </input_file>
      <input_file id="fl-137">
         <path>C:\Users\r0603366\Desktop\Secure_Codec_SpeechGroup6_CryptoGroup6_realtime\2013_realtime_audio\libs\</path>
         <kind>archive</kind>
         <file>edma3_drv_bios_c674.lib</file>
         <name>edma3_drv_init.obj</name>
      </input_file>
      <input_file id="fl-138">
         <path>C:\Users\r0603366\Desktop\Secure_Codec_SpeechGroup6_CryptoGroup6_realtime\2013_realtime_audio\libs\</path>
         <kind>archive</kind>
         <file>edma3_drv_bios_sample.lib</file>
         <name>bios_edma3_drv_sample_cs_multi_edma.obj</name>
      </input_file>
      <input_file id="fl-139">
         <path>C:\ti\bios_5_41_11_38\packages\ti\bios\lib\</path>
         <kind>archive</kind>
         <file>bios.a674</file>
         <name>tsk_disa.o674</name>
      </input_file>
      <input_file id="fl-13a">
         <path>C:\Users\r0603366\Desktop\Secure_Codec_SpeechGroup6_CryptoGroup6_realtime\2013_realtime_audio\libs\</path>
         <kind>archive</kind>
         <file>edma3_drv_bios_sample.lib</file>
         <name>bios_edma3_drv_sample_c6748_cfg.obj</name>
      </input_file>
      <input_file id="fl-13b">
         <path>C:\Users\r0603366\Desktop\Secure_Codec_SpeechGroup6_CryptoGroup6_realtime\2013_realtime_audio\libs\</path>
         <kind>archive</kind>
         <file>edma3_drv_bios_sample.lib</file>
         <name>bios_edma3_drv_sample_init_multi_edma.obj</name>
      </input_file>
      <input_file id="fl-13c">
         <path>C:\ti\ccsv5\tools\compiler\c6000\lib\</path>
         <kind>archive</kind>
         <file>rts6740.lib</file>
         <name>fflush.obj</name>
      </input_file>
      <input_file id="fl-13d">
         <path>C:\ti\ccsv5\tools\compiler\c6000\lib\</path>
         <kind>archive</kind>
         <file>rts6740.lib</file>
         <name>fprintf.obj</name>
      </input_file>
      <input_file id="fl-13e">
         <path>C:\ti\ccsv5\tools\compiler\c6000\lib\</path>
         <kind>archive</kind>
         <file>rts6740.lib</file>
         <name>_printfi.obj</name>
      </input_file>
      <input_file id="fl-13f">
         <path>C:\ti\ccsv5\tools\compiler\c6000\lib\</path>
         <kind>archive</kind>
         <file>rts6740.lib</file>
         <name>isinf.obj</name>
      </input_file>
      <input_file id="fl-140">
         <path>C:\ti\ccsv5\tools\compiler\c6000\lib\</path>
         <kind>archive</kind>
         <file>rts6740.lib</file>
         <name>divd.obj</name>
      </input_file>
      <input_file id="fl-141">
         <path>C:\ti\ccsv5\tools\compiler\c6000\lib\</path>
         <kind>archive</kind>
         <file>rts6740.lib</file>
         <name>imath40.obj</name>
      </input_file>
      <input_file id="fl-142">
         <path>C:\ti\ccsv5\tools\compiler\c6000\lib\</path>
         <kind>archive</kind>
         <file>rts6740.lib</file>
         <name>imath64.obj</name>
      </input_file>
      <input_file id="fl-143">
         <path>C:\ti\ccsv5\tools\compiler\c6000\lib\</path>
         <kind>archive</kind>
         <file>rts6740.lib</file>
         <name>fixdli.obj</name>
      </input_file>
      <input_file id="fl-144">
         <path>C:\ti\ccsv5\tools\compiler\c6000\lib\</path>
         <kind>archive</kind>
         <file>rts6740.lib</file>
         <name>fltlid.obj</name>
      </input_file>
      <input_file id="fl-145">
         <path>C:\ti\ccsv5\tools\compiler\c6000\lib\</path>
         <kind>archive</kind>
         <file>rts6740.lib</file>
         <name>frcmpyd_div.obj</name>
      </input_file>
      <input_file id="fl-146">
         <path>C:\ti\ccsv5\tools\compiler\c6000\lib\</path>
         <kind>archive</kind>
         <file>rts6740.lib</file>
         <name>llshift.obj</name>
      </input_file>
      <input_file id="fl-147">
         <path>C:\ti\ccsv5\tools\compiler\c6000\lib\</path>
         <kind>archive</kind>
         <file>rts6740.lib</file>
         <name>negll.obj</name>
      </input_file>
      <input_file id="fl-148">
         <path>C:\ti\ccsv5\tools\compiler\c6000\lib\</path>
         <kind>archive</kind>
         <file>rts6740.lib</file>
         <name>atoi.obj</name>
      </input_file>
      <input_file id="fl-149">
         <path>C:\ti\ccsv5\tools\compiler\c6000\lib\</path>
         <kind>archive</kind>
         <file>rts6740.lib</file>
         <name>ctype.obj</name>
      </input_file>
      <input_file id="fl-14a">
         <path>C:\ti\ccsv5\tools\compiler\c6000\lib\</path>
         <kind>archive</kind>
         <file>rts6740.lib</file>
         <name>fputc.obj</name>
      </input_file>
      <input_file id="fl-14b">
         <path>C:\ti\ccsv5\tools\compiler\c6000\lib\</path>
         <kind>archive</kind>
         <file>rts6740.lib</file>
         <name>_io_perm.obj</name>
      </input_file>
      <input_file id="fl-14c">
         <path>C:\ti\ccsv5\tools\compiler\c6000\lib\</path>
         <kind>archive</kind>
         <file>rts6740.lib</file>
         <name>fputs.obj</name>
      </input_file>
      <input_file id="fl-14d">
         <path>C:\ti\ccsv5\tools\compiler\c6000\lib\</path>
         <kind>archive</kind>
         <file>rts6740.lib</file>
         <name>fseek.obj</name>
      </input_file>
      <input_file id="fl-14e">
         <path>C:\ti\ccsv5\tools\compiler\c6000\lib\</path>
         <kind>archive</kind>
         <file>rts6740.lib</file>
         <name>abs.obj</name>
      </input_file>
      <input_file id="fl-14f">
         <path>C:\ti\ccsv5\tools\compiler\c6000\lib\</path>
         <kind>archive</kind>
         <file>rts6740.lib</file>
         <name>lowlev.obj</name>
      </input_file>
      <input_file id="fl-150">
         <path>C:\ti\ccsv5\tools\compiler\c6000\lib\</path>
         <kind>archive</kind>
         <file>rts6740.lib</file>
         <name>trgdrv.obj</name>
      </input_file>
      <input_file id="fl-151">
         <path>C:\ti\ccsv5\tools\compiler\c6000\lib\</path>
         <kind>archive</kind>
         <file>rts6740.lib</file>
         <name>ltoa.obj</name>
      </input_file>
      <input_file id="fl-152">
         <path>C:\ti\ccsv5\tools\compiler\c6000\lib\</path>
         <kind>archive</kind>
         <file>rts6740.lib</file>
         <name>memccpy.obj</name>
      </input_file>
      <input_file id="fl-153">
         <path>C:\ti\ccsv5\tools\compiler\c6000\lib\</path>
         <kind>archive</kind>
         <file>rts6740.lib</file>
         <name>memcpy64.obj</name>
      </input_file>
      <input_file id="fl-154">
         <path>C:\ti\ccsv5\tools\compiler\c6000\lib\</path>
         <kind>archive</kind>
         <file>rts6740.lib</file>
         <name>memset.obj</name>
      </input_file>
      <input_file id="fl-155">
         <path>C:\ti\ccsv5\tools\compiler\c6000\lib\</path>
         <kind>archive</kind>
         <file>rts6740.lib</file>
         <name>printf.obj</name>
      </input_file>
      <input_file id="fl-156">
         <path>C:\ti\ccsv5\tools\compiler\c6000\lib\</path>
         <kind>archive</kind>
         <file>rts6740.lib</file>
         <name>trgmsg.obj</name>
      </input_file>
      <input_file id="fl-157">
         <path>C:\ti\ccsv5\tools\compiler\c6000\lib\</path>
         <kind>archive</kind>
         <file>rts6740.lib</file>
         <name>setvbuf.obj</name>
      </input_file>
      <input_file id="fl-158">
         <path>C:\ti\ccsv5\tools\compiler\c6000\lib\</path>
         <kind>archive</kind>
         <file>rts6740.lib</file>
         <name>fopen.obj</name>
      </input_file>
      <input_file id="fl-159">
         <path>C:\ti\ccsv5\tools\compiler\c6000\lib\</path>
         <kind>archive</kind>
         <file>rts6740.lib</file>
         <name>fclose.obj</name>
      </input_file>
      <input_file id="fl-15a">
         <path>C:\ti\bios_5_41_11_38\packages\ti\bios\lib\</path>
         <kind>archive</kind>
         <file>bios.a674</file>
         <name>malloc.o674</name>
      </input_file>
      <input_file id="fl-15b">
         <path>C:\ti\ccsv5\tools\compiler\c6000\lib\</path>
         <kind>archive</kind>
         <file>rts6740.lib</file>
         <name>remove.obj</name>
      </input_file>
   </input_file_list>
   <object_component_list>
      <object_component id="oc-aa">
         <name>.vers</name>
         <load_address>0x0</load_address>
         <run_address>0x0</run_address>
         <size>0x40</size>
         <input_file_ref idref="fl-1b"/>
      </object_component>
      <object_component id="oc-97">
         <name>.clk</name>
         <uninitialized>true</uninitialized>
         <run_address>0x1183a1cc</run_address>
         <size>0x8</size>
         <input_file_ref idref="fl-1b"/>
      </object_component>
      <object_component id="oc-9d">
         <name>.swi</name>
         <uninitialized>true</uninitialized>
         <run_address>0x1183a160</run_address>
         <size>0x2c</size>
         <input_file_ref idref="fl-1b"/>
      </object_component>
      <object_component id="oc-a0">
         <name>.tsk</name>
         <uninitialized>true</uninitialized>
         <run_address>0x1183a018</run_address>
         <size>0xc0</size>
         <input_file_ref idref="fl-1b"/>
      </object_component>
      <object_component id="oc-a4">
         <name>.idl</name>
         <uninitialized>true</uninitialized>
         <run_address>0x1183a19c</run_address>
         <size>0x10</size>
         <input_file_ref idref="fl-1b"/>
      </object_component>
      <object_component id="oc-a3">
         <name>.idlcal</name>
         <uninitialized>true</uninitialized>
         <run_address>0x1183a1ac</run_address>
         <size>0x10</size>
         <input_file_ref idref="fl-1b"/>
      </object_component>
      <object_component id="oc-9c">
         <name>.hwi_vec</name>
         <load_address>0xc0060c00</load_address>
         <run_address>0xc0060c00</run_address>
         <size>0x200</size>
         <input_file_ref idref="fl-1b"/>
      </object_component>
      <object_component id="oc-4b8">
         <name>.bios</name>
         <load_address>0xc00596a0</load_address>
         <run_address>0xc00596a0</run_address>
         <size>0x780</size>
         <input_file_ref idref="fl-11b"/>
      </object_component>
      <object_component id="oc-dc">
         <name>.bios</name>
         <load_address>0xc0059e20</load_address>
         <run_address>0xc0059e20</run_address>
         <size>0x5c0</size>
         <input_file_ref idref="fl-a4"/>
      </object_component>
      <object_component id="oc-3b1">
         <name>.bios</name>
         <load_address>0xc005a3e0</load_address>
         <run_address>0xc005a3e0</run_address>
         <size>0x580</size>
         <input_file_ref idref="fl-c9"/>
      </object_component>
      <object_component id="oc-4b">
         <name>.bios</name>
         <load_address>0xc005a960</load_address>
         <run_address>0xc005a960</run_address>
         <size>0x4e0</size>
         <input_file_ref idref="fl-a2"/>
      </object_component>
      <object_component id="oc-4a">
         <name>.bios</name>
         <load_address>0xc005ae40</load_address>
         <run_address>0xc005ae40</run_address>
         <size>0x4c0</size>
         <input_file_ref idref="fl-a5"/>
      </object_component>
      <object_component id="oc-12b">
         <name>.bios</name>
         <load_address>0xc005b300</load_address>
         <run_address>0xc005b300</run_address>
         <size>0x380</size>
         <input_file_ref idref="fl-b8"/>
      </object_component>
      <object_component id="oc-3f4">
         <name>.bios</name>
         <load_address>0xc005b680</load_address>
         <run_address>0xc005b680</run_address>
         <size>0x320</size>
         <input_file_ref idref="fl-10e"/>
      </object_component>
      <object_component id="oc-4ee">
         <name>.bios</name>
         <load_address>0xc005b9a0</load_address>
         <run_address>0xc005b9a0</run_address>
         <size>0x280</size>
         <input_file_ref idref="fl-15a"/>
      </object_component>
      <object_component id="oc-130">
         <name>.bios</name>
         <load_address>0xc005bc20</load_address>
         <run_address>0xc005bc20</run_address>
         <size>0x280</size>
         <input_file_ref idref="fl-b9"/>
      </object_component>
      <object_component id="oc-3ab">
         <name>.bios</name>
         <load_address>0xc005bea0</load_address>
         <run_address>0xc005bea0</run_address>
         <size>0x240</size>
         <input_file_ref idref="fl-e1"/>
      </object_component>
      <object_component id="oc-458">
         <name>.bios:.near</name>
         <load_address>0xc005c0e0</load_address>
         <run_address>0xc005c0e0</run_address>
         <size>0x200</size>
         <input_file_ref idref="fl-e7"/>
      </object_component>
      <object_component id="oc-4f">
         <name>.bios</name>
         <load_address>0xc005c2e0</load_address>
         <run_address>0xc005c2e0</run_address>
         <size>0x200</size>
         <input_file_ref idref="fl-a8"/>
      </object_component>
      <object_component id="oc-419">
         <name>.bios:.near</name>
         <load_address>0xc005c4e0</load_address>
         <run_address>0xc005c4e0</run_address>
         <size>0x1e0</size>
         <input_file_ref idref="fl-e4"/>
      </object_component>
      <object_component id="oc-172">
         <name>.bios</name>
         <load_address>0xc005c6c0</load_address>
         <run_address>0xc005c6c0</run_address>
         <size>0x1e0</size>
         <input_file_ref idref="fl-c8"/>
      </object_component>
      <object_component id="oc-127">
         <name>.bios</name>
         <load_address>0xc005c8a0</load_address>
         <run_address>0xc005c8a0</run_address>
         <size>0x1e0</size>
         <input_file_ref idref="fl-b7"/>
      </object_component>
      <object_component id="oc-3d9">
         <name>.bios</name>
         <load_address>0xc005ca80</load_address>
         <run_address>0xc005ca80</run_address>
         <size>0x1e0</size>
         <input_file_ref idref="fl-10a"/>
      </object_component>
      <object_component id="oc-457">
         <name>.bios</name>
         <load_address>0xc005cc60</load_address>
         <run_address>0xc005cc60</run_address>
         <size>0x1e0</size>
         <input_file_ref idref="fl-111"/>
      </object_component>
      <object_component id="oc-3dc">
         <name>.bios</name>
         <load_address>0xc005ce40</load_address>
         <run_address>0xc005ce40</run_address>
         <size>0x1a0</size>
         <input_file_ref idref="fl-129"/>
      </object_component>
      <object_component id="oc-3b4">
         <name>.bios</name>
         <load_address>0xc005cfe0</load_address>
         <run_address>0xc005cfe0</run_address>
         <size>0x1a0</size>
         <input_file_ref idref="fl-122"/>
      </object_component>
      <object_component id="oc-100">
         <name>.bios</name>
         <load_address>0xc005d180</load_address>
         <run_address>0xc005d180</run_address>
         <size>0x1a0</size>
         <input_file_ref idref="fl-ad"/>
      </object_component>
      <object_component id="oc-11f">
         <name>.bios</name>
         <load_address>0xc005d320</load_address>
         <run_address>0xc005d320</run_address>
         <size>0x180</size>
         <input_file_ref idref="fl-b5"/>
      </object_component>
      <object_component id="oc-432">
         <name>.bios</name>
         <load_address>0xc005d4a0</load_address>
         <run_address>0xc005d4a0</run_address>
         <size>0x180</size>
         <input_file_ref idref="fl-d9"/>
      </object_component>
      <object_component id="oc-3a2">
         <name>.bios</name>
         <load_address>0xc005d620</load_address>
         <run_address>0xc005d620</run_address>
         <size>0x140</size>
         <input_file_ref idref="fl-12b"/>
      </object_component>
      <object_component id="oc-3ad">
         <name>.bios</name>
         <load_address>0xc005d760</load_address>
         <run_address>0xc005d760</run_address>
         <size>0x140</size>
         <input_file_ref idref="fl-11e"/>
      </object_component>
      <object_component id="oc-3fa">
         <name>.bios</name>
         <load_address>0xc005d8a0</load_address>
         <run_address>0xc005d8a0</run_address>
         <size>0x140</size>
         <input_file_ref idref="fl-cb"/>
      </object_component>
      <object_component id="oc-3af">
         <name>.bios</name>
         <load_address>0xc005d9e0</load_address>
         <run_address>0xc005d9e0</run_address>
         <size>0x120</size>
         <input_file_ref idref="fl-ca"/>
      </object_component>
      <object_component id="oc-1d1">
         <name>.bios</name>
         <load_address>0xc005db00</load_address>
         <run_address>0xc005db00</run_address>
         <size>0x120</size>
         <input_file_ref idref="fl-de"/>
      </object_component>
      <object_component id="oc-3b7">
         <name>.bios</name>
         <load_address>0xc005dc20</load_address>
         <run_address>0xc005dc20</run_address>
         <size>0x120</size>
         <input_file_ref idref="fl-123"/>
      </object_component>
      <object_component id="oc-3a8">
         <name>.bios</name>
         <load_address>0xc005dd40</load_address>
         <run_address>0xc005dd40</run_address>
         <size>0x100</size>
         <input_file_ref idref="fl-c7"/>
      </object_component>
      <object_component id="oc-27b">
         <name>.bios</name>
         <load_address>0xc005de40</load_address>
         <run_address>0xc005de40</run_address>
         <size>0xe0</size>
         <input_file_ref idref="fl-10b"/>
      </object_component>
      <object_component id="oc-40f">
         <name>.bios</name>
         <load_address>0xc005df20</load_address>
         <run_address>0xc005df20</run_address>
         <size>0xc0</size>
         <input_file_ref idref="fl-c3"/>
      </object_component>
      <object_component id="oc-3ac">
         <name>.bios</name>
         <load_address>0xc005dfe0</load_address>
         <run_address>0xc005dfe0</run_address>
         <size>0xc0</size>
         <input_file_ref idref="fl-dd"/>
      </object_component>
      <object_component id="oc-3f9">
         <name>.bios</name>
         <load_address>0xc005e0a0</load_address>
         <run_address>0xc005e0a0</run_address>
         <size>0xc0</size>
         <input_file_ref idref="fl-114"/>
      </object_component>
      <object_component id="oc-455">
         <name>.bios</name>
         <load_address>0xc005e160</load_address>
         <run_address>0xc005e160</run_address>
         <size>0xa0</size>
         <input_file_ref idref="fl-10f"/>
      </object_component>
      <object_component id="oc-453">
         <name>.bios</name>
         <load_address>0xc005e200</load_address>
         <run_address>0xc005e200</run_address>
         <size>0xa0</size>
         <input_file_ref idref="fl-106"/>
      </object_component>
      <object_component id="oc-3db">
         <name>.bios</name>
         <load_address>0xc005e2a0</load_address>
         <run_address>0xc005e2a0</run_address>
         <size>0xa0</size>
         <input_file_ref idref="fl-10c"/>
      </object_component>
      <object_component id="oc-478">
         <name>.bios</name>
         <load_address>0xc005e340</load_address>
         <run_address>0xc005e340</run_address>
         <size>0xa0</size>
         <input_file_ref idref="fl-118"/>
      </object_component>
      <object_component id="oc-3f3">
         <name>.bios</name>
         <load_address>0xc005e3e0</load_address>
         <run_address>0xc005e3e0</run_address>
         <size>0xa0</size>
         <input_file_ref idref="fl-11f"/>
      </object_component>
      <object_component id="oc-123">
         <name>.bios</name>
         <load_address>0xc005e480</load_address>
         <run_address>0xc005e480</run_address>
         <size>0xa0</size>
         <input_file_ref idref="fl-b6"/>
      </object_component>
      <object_component id="oc-1a1">
         <name>.bios</name>
         <load_address>0xc005e520</load_address>
         <run_address>0xc005e520</run_address>
         <size>0x80</size>
         <input_file_ref idref="fl-d2"/>
      </object_component>
      <object_component id="oc-3da">
         <name>.bios</name>
         <load_address>0xc005e5a0</load_address>
         <run_address>0xc005e5a0</run_address>
         <size>0x80</size>
         <input_file_ref idref="fl-e0"/>
      </object_component>
      <object_component id="oc-3a4">
         <name>.bios</name>
         <load_address>0xc005e620</load_address>
         <run_address>0xc005e620</run_address>
         <size>0x80</size>
         <input_file_ref idref="fl-df"/>
      </object_component>
      <object_component id="oc-3ff">
         <name>.bios</name>
         <load_address>0xc005e6a0</load_address>
         <run_address>0xc005e6a0</run_address>
         <size>0x80</size>
         <input_file_ref idref="fl-124"/>
      </object_component>
      <object_component id="oc-41a">
         <name>.bios</name>
         <load_address>0xc005e720</load_address>
         <run_address>0xc005e720</run_address>
         <size>0x80</size>
         <input_file_ref idref="fl-105"/>
      </object_component>
      <object_component id="oc-42e">
         <name>.bios</name>
         <load_address>0xc005e7a0</load_address>
         <run_address>0xc005e7a0</run_address>
         <size>0x80</size>
         <input_file_ref idref="fl-116"/>
      </object_component>
      <object_component id="oc-49f">
         <name>.bios</name>
         <load_address>0xc005e820</load_address>
         <run_address>0xc005e820</run_address>
         <size>0x80</size>
         <input_file_ref idref="fl-139"/>
      </object_component>
      <object_component id="oc-48f">
         <name>.bios</name>
         <load_address>0xc005e8a0</load_address>
         <run_address>0xc005e8a0</run_address>
         <size>0x80</size>
         <input_file_ref idref="fl-da"/>
      </object_component>
      <object_component id="oc-116">
         <name>.bios</name>
         <load_address>0xc005e920</load_address>
         <run_address>0xc005e920</run_address>
         <size>0x80</size>
         <input_file_ref idref="fl-b3"/>
      </object_component>
      <object_component id="oc-3f6">
         <name>.bios</name>
         <load_address>0xc005e9a0</load_address>
         <run_address>0xc005e9a0</run_address>
         <size>0x80</size>
         <input_file_ref idref="fl-113"/>
      </object_component>
      <object_component id="oc-3f5">
         <name>.bios:.near</name>
         <load_address>0xc005ea20</load_address>
         <run_address>0xc005ea20</run_address>
         <size>0x60</size>
         <input_file_ref idref="fl-e6"/>
      </object_component>
      <object_component id="oc-452">
         <name>.bios:.near</name>
         <load_address>0xc005ea80</load_address>
         <run_address>0xc005ea80</run_address>
         <size>0x60</size>
         <input_file_ref idref="fl-11a"/>
      </object_component>
      <object_component id="oc-4a6">
         <name>.bios</name>
         <load_address>0xc005eae0</load_address>
         <run_address>0xc005eae0</run_address>
         <size>0x60</size>
         <input_file_ref idref="fl-112"/>
      </object_component>
      <object_component id="oc-104">
         <name>.bios</name>
         <load_address>0xc005eb40</load_address>
         <run_address>0xc005eb40</run_address>
         <size>0x60</size>
         <input_file_ref idref="fl-ae"/>
      </object_component>
      <object_component id="oc-18f">
         <name>.bios</name>
         <load_address>0xc005eba0</load_address>
         <run_address>0xc005eba0</run_address>
         <size>0x60</size>
         <input_file_ref idref="fl-ce"/>
      </object_component>
      <object_component id="oc-112">
         <name>.bios</name>
         <load_address>0xc005ec00</load_address>
         <run_address>0xc005ec00</run_address>
         <size>0x60</size>
         <input_file_ref idref="fl-b2"/>
      </object_component>
      <object_component id="oc-464">
         <name>.bios</name>
         <load_address>0xc005ec60</load_address>
         <run_address>0xc005ec60</run_address>
         <size>0x60</size>
         <input_file_ref idref="fl-108"/>
      </object_component>
      <object_component id="oc-274">
         <name>.bios</name>
         <load_address>0xc005ecc0</load_address>
         <run_address>0xc005ecc0</run_address>
         <size>0x60</size>
         <input_file_ref idref="fl-109"/>
      </object_component>
      <object_component id="oc-138">
         <name>.bios</name>
         <load_address>0xc005ed20</load_address>
         <run_address>0xc005ed20</run_address>
         <size>0x60</size>
         <input_file_ref idref="fl-bb"/>
      </object_component>
      <object_component id="oc-2a5">
         <name>.bios</name>
         <load_address>0xc005ed80</load_address>
         <run_address>0xc005ed80</run_address>
         <size>0x60</size>
         <input_file_ref idref="fl-117"/>
      </object_component>
      <object_component id="oc-3fb">
         <name>.bios</name>
         <load_address>0xc005ede0</load_address>
         <run_address>0xc005ede0</run_address>
         <size>0x60</size>
         <input_file_ref idref="fl-119"/>
      </object_component>
      <object_component id="oc-153">
         <name>.bios</name>
         <load_address>0xc005ee40</load_address>
         <run_address>0xc005ee40</run_address>
         <size>0x60</size>
         <input_file_ref idref="fl-c1"/>
      </object_component>
      <object_component id="oc-19a">
         <name>.bios</name>
         <load_address>0xc005eea0</load_address>
         <run_address>0xc005eea0</run_address>
         <size>0x40</size>
         <input_file_ref idref="fl-d0"/>
      </object_component>
      <object_component id="oc-429">
         <name>.bios</name>
         <load_address>0xc005eee0</load_address>
         <run_address>0xc005eee0</run_address>
         <size>0x40</size>
         <input_file_ref idref="fl-d1"/>
      </object_component>
      <object_component id="oc-45b">
         <name>.bios</name>
         <load_address>0xc005ef20</load_address>
         <run_address>0xc005ef20</run_address>
         <size>0x40</size>
         <input_file_ref idref="fl-d3"/>
      </object_component>
      <object_component id="oc-43f">
         <name>.bios</name>
         <load_address>0xc005ef60</load_address>
         <run_address>0xc005ef60</run_address>
         <size>0x40</size>
         <input_file_ref idref="fl-d4"/>
      </object_component>
      <object_component id="oc-48">
         <name>.bios</name>
         <load_address>0xc005efa0</load_address>
         <run_address>0xc005efa0</run_address>
         <size>0x40</size>
         <input_file_ref idref="fl-a3"/>
      </object_component>
      <object_component id="oc-454">
         <name>.bios</name>
         <load_address>0xc005efe0</load_address>
         <run_address>0xc005efe0</run_address>
         <size>0x40</size>
         <input_file_ref idref="fl-110"/>
      </object_component>
      <object_component id="oc-250">
         <name>.bios</name>
         <load_address>0xc005f020</load_address>
         <run_address>0xc005f020</run_address>
         <size>0x40</size>
         <input_file_ref idref="fl-100"/>
      </object_component>
      <object_component id="oc-134">
         <name>.bios</name>
         <load_address>0xc005f060</load_address>
         <run_address>0xc005f060</run_address>
         <size>0x40</size>
         <input_file_ref idref="fl-ba"/>
      </object_component>
      <object_component id="oc-47">
         <name>.bios</name>
         <load_address>0xc005f0a0</load_address>
         <run_address>0xc005f0a0</run_address>
         <size>0x40</size>
         <input_file_ref idref="fl-a9"/>
      </object_component>
      <object_component id="oc-4e">
         <name>.bios</name>
         <load_address>0xc005f0e0</load_address>
         <run_address>0xc005f0e0</run_address>
         <size>0x40</size>
         <input_file_ref idref="fl-ab"/>
      </object_component>
      <object_component id="oc-52">
         <name>.bios</name>
         <load_address>0xc005f120</load_address>
         <run_address>0xc005f120</run_address>
         <size>0x20</size>
         <input_file_ref idref="fl-a7"/>
      </object_component>
      <object_component id="oc-183">
         <name>.bios</name>
         <load_address>0xc005f140</load_address>
         <run_address>0xc005f140</run_address>
         <size>0x20</size>
         <input_file_ref idref="fl-cc"/>
      </object_component>
      <object_component id="oc-11a">
         <name>.bios</name>
         <load_address>0xc005f160</load_address>
         <run_address>0xc005f160</run_address>
         <size>0x20</size>
         <input_file_ref idref="fl-b4"/>
      </object_component>
      <object_component id="oc-1de">
         <name>.bios</name>
         <load_address>0xc005f180</load_address>
         <run_address>0xc005f180</run_address>
         <size>0x20</size>
         <input_file_ref idref="fl-e2"/>
      </object_component>
      <object_component id="oc-418">
         <name>.bios</name>
         <load_address>0xc005f1a0</load_address>
         <run_address>0xc005f1a0</run_address>
         <size>0x20</size>
         <input_file_ref idref="fl-107"/>
      </object_component>
      <object_component id="oc-29e">
         <name>.bios</name>
         <load_address>0xc005f1c0</load_address>
         <run_address>0xc005f1c0</run_address>
         <size>0x20</size>
         <input_file_ref idref="fl-115"/>
      </object_component>
      <object_component id="oc-456">
         <name>.bios</name>
         <load_address>0xc005f1e0</load_address>
         <run_address>0xc005f1e0</run_address>
         <size>0x20</size>
         <input_file_ref idref="fl-11c"/>
      </object_component>
      <object_component id="oc-51">
         <name>.bios</name>
         <load_address>0xc005f200</load_address>
         <run_address>0xc005f200</run_address>
         <size>0x20</size>
         <input_file_ref idref="fl-aa"/>
      </object_component>
      <object_component id="oc-50">
         <name>.bios</name>
         <load_address>0xc005f220</load_address>
         <run_address>0xc005f220</run_address>
         <size>0x20</size>
         <input_file_ref idref="fl-ac"/>
      </object_component>
      <object_component id="oc-4d">
         <name>.bios</name>
         <load_address>0xc005f240</load_address>
         <run_address>0xc005f240</run_address>
         <size>0x20</size>
         <input_file_ref idref="fl-a6"/>
      </object_component>
      <object_component id="oc-3de">
         <name>.text</name>
         <load_address>0xc0030000</load_address>
         <run_address>0xc0030000</run_address>
         <size>0x6240</size>
         <input_file_ref idref="fl-d6"/>
      </object_component>
      <object_component id="oc-42a">
         <name>.text</name>
         <load_address>0xc0036240</load_address>
         <run_address>0xc0036240</run_address>
         <size>0x2380</size>
         <input_file_ref idref="fl-d5"/>
      </object_component>
      <object_component id="oc-4cf">
         <name>.text</name>
         <load_address>0xc00385c0</load_address>
         <run_address>0xc00385c0</run_address>
         <size>0x1880</size>
         <input_file_ref idref="fl-1c"/>
      </object_component>
      <object_component id="oc-480">
         <name>.text</name>
         <load_address>0xc0039e40</load_address>
         <run_address>0xc0039e40</run_address>
         <size>0x17c0</size>
         <input_file_ref idref="fl-db"/>
      </object_component>
      <object_component id="oc-430">
         <name>.text:_Mcasp_localSubmitIoctl</name>
         <load_address>0xc003b600</load_address>
         <run_address>0xc003b600</run_address>
         <size>0x1120</size>
         <input_file_ref idref="fl-e9"/>
      </object_component>
      <object_component id="oc-4a7">
         <name>.text</name>
         <load_address>0xc003c720</load_address>
         <run_address>0xc003c720</run_address>
         <size>0xd00</size>
         <input_file_ref idref="fl-20"/>
      </object_component>
      <object_component id="oc-4cc">
         <name>.text</name>
         <load_address>0xc003d420</load_address>
         <run_address>0xc003d420</run_address>
         <size>0xcc0</size>
         <input_file_ref idref="fl-1f"/>
      </object_component>
      <object_component id="oc-4a8">
         <name>.text</name>
         <load_address>0xc003e0e0</load_address>
         <run_address>0xc003e0e0</run_address>
         <size>0xc60</size>
         <input_file_ref idref="fl-22"/>
      </object_component>
      <object_component id="oc-3fd">
         <name>.text</name>
         <load_address>0xc003ed40</load_address>
         <run_address>0xc003ed40</run_address>
         <size>0xbc0</size>
         <input_file_ref idref="fl-ed"/>
      </object_component>
      <object_component id="oc-4cd">
         <name>.text</name>
         <load_address>0xc003f900</load_address>
         <run_address>0xc003f900</run_address>
         <size>0xb40</size>
         <input_file_ref idref="fl-16"/>
      </object_component>
      <object_component id="oc-3d3">
         <name>.text:_mcaspMdCreateChan</name>
         <load_address>0xc0040440</load_address>
         <run_address>0xc0040440</run_address>
         <size>0xac0</size>
         <input_file_ref idref="fl-e8"/>
      </object_component>
      <object_component id="oc-4aa">
         <name>.text</name>
         <load_address>0xc0040f00</load_address>
         <run_address>0xc0040f00</run_address>
         <size>0x9e0</size>
         <input_file_ref idref="fl-17"/>
      </object_component>
      <object_component id="oc-45c">
         <name>.text</name>
         <load_address>0xc00418e0</load_address>
         <run_address>0xc00418e0</run_address>
         <size>0x9a0</size>
         <input_file_ref idref="fl-137"/>
      </object_component>
      <object_component id="oc-449">
         <name>.text</name>
         <load_address>0xc0042280</load_address>
         <run_address>0xc0042280</run_address>
         <size>0x780</size>
         <input_file_ref idref="fl-ee"/>
      </object_component>
      <object_component id="oc-4ad">
         <name>.text</name>
         <load_address>0xc0042a00</load_address>
         <run_address>0xc0042a00</run_address>
         <size>0x760</size>
         <input_file_ref idref="fl-14"/>
      </object_component>
      <object_component id="oc-45a">
         <name>.text</name>
         <load_address>0xc0043160</load_address>
         <run_address>0xc0043160</run_address>
         <size>0x6c0</size>
         <input_file_ref idref="fl-1d"/>
      </object_component>
      <object_component id="oc-426">
         <name>.text:_i2cIntrHandler</name>
         <load_address>0xc0043820</load_address>
         <run_address>0xc0043820</run_address>
         <size>0x6a0</size>
         <input_file_ref idref="fl-cf"/>
      </object_component>
      <object_component id="oc-435">
         <name>.text:_Mcasp_localEdmaCallback</name>
         <load_address>0xc0043ec0</load_address>
         <run_address>0xc0043ec0</run_address>
         <size>0x660</size>
         <input_file_ref idref="fl-ea"/>
      </object_component>
      <object_component id="oc-4f5">
         <name>.text:__divd</name>
         <load_address>0xc0044520</load_address>
         <run_address>0xc0044520</run_address>
         <size>0x5a0</size>
         <input_file_ref idref="fl-140"/>
      </object_component>
      <object_component id="oc-3d0">
         <name>.text:_mcaspMdBindDev</name>
         <load_address>0xc0044ac0</load_address>
         <run_address>0xc0044ac0</run_address>
         <size>0x5a0</size>
         <input_file_ref idref="fl-e8"/>
      </object_component>
      <object_component id="oc-4dd">
         <name>.text:__getarg_diouxp</name>
         <load_address>0xc0045060</load_address>
         <run_address>0xc0045060</run_address>
         <size>0x580</size>
         <input_file_ref idref="fl-13e"/>
      </object_component>
      <object_component id="oc-495">
         <name>.text:_Mcasp_localEdmaChanPaRAMsetup</name>
         <load_address>0xc00455e0</load_address>
         <run_address>0xc00455e0</run_address>
         <size>0x540</size>
         <input_file_ref idref="fl-ea"/>
      </object_component>
      <object_component id="oc-3cd">
         <name>.text:_i2cMdCreateChan</name>
         <load_address>0xc0045b20</load_address>
         <run_address>0xc0045b20</run_address>
         <size>0x540</size>
         <input_file_ref idref="fl-cf"/>
      </object_component>
      <object_component id="oc-3f8">
         <name>.text</name>
         <load_address>0xc0046060</load_address>
         <run_address>0xc0046060</run_address>
         <size>0x4e0</size>
         <input_file_ref idref="fl-13b"/>
      </object_component>
      <object_component id="oc-48e">
         <name>.text:_Mcasp_localAbortReset</name>
         <load_address>0xc0046540</load_address>
         <run_address>0xc0046540</run_address>
         <size>0x4a0</size>
         <input_file_ref idref="fl-e8"/>
      </object_component>
      <object_component id="oc-459">
         <name>.text</name>
         <load_address>0xc00469e0</load_address>
         <run_address>0xc00469e0</run_address>
         <size>0x480</size>
         <input_file_ref idref="fl-21"/>
      </object_component>
      <object_component id="oc-4a4">
         <name>.text:__setfield</name>
         <load_address>0xc0046e60</load_address>
         <run_address>0xc0046e60</run_address>
         <size>0x480</size>
         <input_file_ref idref="fl-13e"/>
      </object_component>
      <object_component id="oc-469">
         <name>.text:_I2c_completeIOedmaCallback</name>
         <load_address>0xc00472e0</load_address>
         <run_address>0xc00472e0</run_address>
         <size>0x440</size>
         <input_file_ref idref="fl-d8"/>
      </object_component>
      <object_component id="oc-451">
         <name>.text:__printfi</name>
         <load_address>0xc0047720</load_address>
         <run_address>0xc0047720</run_address>
         <size>0x440</size>
         <input_file_ref idref="fl-13e"/>
      </object_component>
      <object_component id="oc-3bc">
         <name>.text:_aic31MdControlChan</name>
         <load_address>0xc0047b60</load_address>
         <run_address>0xc0047b60</run_address>
         <size>0x440</size>
         <input_file_ref idref="fl-bc"/>
      </object_component>
      <object_component id="oc-40c">
         <name>.text:_aic31SetSamplingRate</name>
         <load_address>0xc0047fa0</load_address>
         <run_address>0xc0047fa0</run_address>
         <size>0x440</size>
         <input_file_ref idref="fl-bc"/>
      </object_component>
      <object_component id="oc-3ca">
         <name>.text:_i2cMdBindDev</name>
         <load_address>0xc00483e0</load_address>
         <run_address>0xc00483e0</run_address>
         <size>0x420</size>
         <input_file_ref idref="fl-cf"/>
      </object_component>
      <object_component id="oc-3cf">
         <name>.text:_i2cMdSubmitChan</name>
         <load_address>0xc0048800</load_address>
         <run_address>0xc0048800</run_address>
         <size>0x400</size>
         <input_file_ref idref="fl-cf"/>
      </object_component>
      <object_component id="oc-477">
         <name>.text:_i2cPolledModeTransfer</name>
         <load_address>0xc0048c00</load_address>
         <run_address>0xc0048c00</run_address>
         <size>0x400</size>
         <input_file_ref idref="fl-cf"/>
      </object_component>
      <object_component id="oc-3cc">
         <name>.text:_i2cMdControlChan</name>
         <load_address>0xc0049000</load_address>
         <run_address>0xc0049000</run_address>
         <size>0x3c0</size>
         <input_file_ref idref="fl-cf"/>
      </object_component>
      <object_component id="oc-3bd">
         <name>.text:_aic31MdCreateChan</name>
         <load_address>0xc00493c0</load_address>
         <run_address>0xc00493c0</run_address>
         <size>0x3a0</size>
         <input_file_ref idref="fl-bc"/>
      </object_component>
      <object_component id="oc-46a">
         <name>.text:_i2cCompleteIOInIsr</name>
         <load_address>0xc0049760</load_address>
         <run_address>0xc0049760</run_address>
[...]
      </symbol>
      <symbol id="sm-1b3f">
         <name>__c6xabi_divu</name>
         <value>0xc00564e0</value>
         <object_component_ref idref="oc-40d"/>
      </symbol>
      <symbol id="sm-1b40">
         <name>__divu</name>
         <value>0xc00564e0</value>
         <object_component_ref idref="oc-40d"/>
      </symbol>
      <symbol id="sm-1b4e">
         <name>__fixdu</name>
         <value>0xc0057b60</value>
         <object_component_ref idref="oc-4d4"/>
      </symbol>
      <symbol id="sm-1b58">
         <name>__tmpnams</name>
         <value>0x118131d0</value>
         <object_component_ref idref="oc-2fd"/>
      </symbol>
      <symbol id="sm-1b59">
         <name>__ft_end</name>
         <value>0x11813310</value>
         <object_component_ref idref="oc-2fd"/>
      </symbol>
      <symbol id="sm-1b5a">
         <name>__ftable</name>
         <value>0x11812ff0</value>
         <object_component_ref idref="oc-2fd"/>
      </symbol>
      <symbol id="sm-1b6c">
         <name>__unlock</name>
         <value>0x118142a8</value>
         <object_component_ref idref="oc-301"/>
      </symbol>
      <symbol id="sm-1b6d">
         <name>__lock</name>
         <value>0x118142a4</value>
         <object_component_ref idref="oc-301"/>
      </symbol>
      <symbol id="sm-1b6e">
         <name>__register_lock</name>
         <value>0xc0059040</value>
         <object_component_ref idref="oc-400"/>
      </symbol>
      <symbol id="sm-1b6f">
         <name>__nop</name>
         <value>0xc0058fa0</value>
         <object_component_ref idref="oc-3dd"/>
      </symbol>
      <symbol id="sm-1b70">
         <name>__register_unlock</name>
         <value>0xc0059060</value>
         <object_component_ref idref="oc-401"/>
      </symbol>
      <symbol id="sm-1b79">
         <name>__remu</name>
         <value>0xc00574a0</value>
         <object_component_ref idref="oc-4d3"/>
      </symbol>
      <symbol id="sm-1b7a">
         <name>__c6xabi_remu</name>
         <value>0xc00574a0</value>
         <object_component_ref idref="oc-4d3"/>
      </symbol>
      <symbol id="sm-1b85">
         <name>__c6xabi_strasgi</name>
         <value>0xc0055120</value>
         <object_component_ref idref="oc-417"/>
      </symbol>
      <symbol id="sm-1b86">
         <name>__c6xabi_strasgi_64plus</name>
         <value>0xc0058ce0</value>
         <object_component_ref idref="oc-3ec"/>
      </symbol>
      <symbol id="sm-1b87">
         <name>__strasgi_64plus</name>
         <value>0xc0058ce0</value>
         <object_component_ref idref="oc-3ec"/>
      </symbol>
      <symbol id="sm-1b88">
         <name>__strasgi</name>
         <value>0xc0055120</value>
         <object_component_ref idref="oc-417"/>
      </symbol>
      <symbol id="sm-1b97">
         <name>C$$EXIT</name>
         <value>0xc0059080</value>
         <object_component_ref idref="oc-49d"/>
      </symbol>
      <symbol id="sm-1b98">
         <name>___TI_enable_exit_profile_output</name>
         <value>0x11814290</value>
         <object_component_ref idref="oc-30c"/>
      </symbol>
      <symbol id="sm-1b99">
         <name>_abort</name>
         <value>0xc0059080</value>
         <object_component_ref idref="oc-49d"/>
      </symbol>
      <symbol id="sm-1b9a">
         <name>__cleanup_ptr</name>
         <value>0x11814288</value>
         <object_component_ref idref="oc-30c"/>
      </symbol>
      <symbol id="sm-1b9b">
         <name>__dtors_ptr</name>
         <value>0x1181428c</value>
         <object_component_ref idref="oc-30c"/>
      </symbol>
      <symbol id="sm-1baf">
         <name>_atexit</name>
         <value>0xc0056660</value>
         <object_component_ref idref="oc-41c"/>
      </symbol>
      <symbol id="sm-1bb0">
         <name>___atexit_func_id__</name>
         <value>0x11813510</value>
         <object_component_ref idref="oc-311"/>
      </symbol>
      <symbol id="sm-1bc8">
         <name>_dtors</name>
         <value>0x118140b4</value>
         <object_component_ref idref="oc-316"/>
      </symbol>
      <symbol id="sm-1bc9">
         <name>_call_dtors</name>
         <value>0xc0054980</value>
         <object_component_ref idref="oc-4af"/>
      </symbol>
      <symbol id="sm-1bca">
         <name>___add_dtor</name>
         <value>0xc0058b60</value>
         <object_component_ref idref="oc-465"/>
      </symbol>
      <symbol id="sm-1bd8">
         <name>_audioI2cParams</name>
         <value>0x11814190</value>
         <object_component_ref idref="oc-31a"/>
      </symbol>
      <symbol id="sm-1bd9">
         <name>_audioUserI2cInit</name>
         <value>0xc0058700</value>
         <object_component_ref idref="oc-3a6"/>
      </symbol>
      <symbol id="sm-1bda">
         <name>_configureAudio</name>
         <value>0xc0057ce0</value>
         <object_component_ref idref="oc-3e8"/>
      </symbol>
      <symbol id="sm-1be4">
         <name>_defInstInitConfig</name>
         <value>0x11810d28</value>
         <object_component_ref idref="oc-31f"/>
      </symbol>
      <symbol id="sm-1be5">
         <name>_edma3GblCfgParams</name>
         <value>0x11810780</value>
         <object_component_ref idref="oc-31f"/>
      </symbol>
      <symbol id="sm-1c27">
         <name>_drvObj</name>
         <value>0x11807e38</value>
         <object_component_ref idref="oc-324"/>
      </symbol>
      <symbol id="sm-1c28">
         <name>_drvInstance</name>
         <value>0x118083f8</value>
         <object_component_ref idref="oc-324"/>
      </symbol>
      <symbol id="sm-1c29">
         <name>_EDMA3_DRV_delete</name>
         <value>0xc0041dc0</value>
         <object_component_ref idref="oc-45c"/>
      </symbol>
      <symbol id="sm-1c2a">
         <name>_EDMA3_DRV_open</name>
         <value>0xc0041b2c</value>
         <object_component_ref idref="oc-45c"/>
      </symbol>
      <symbol id="sm-1c2b">
         <name>_EDMA3_DRV_create</name>
         <value>0xc0041ea4</value>
         <object_component_ref idref="oc-45c"/>
      </symbol>
      <symbol id="sm-1c2c">
         <name>_EDMA3_DRV_close</name>
         <value>0xc0042110</value>
         <object_component_ref idref="oc-45c"/>
      </symbol>
      <symbol id="sm-1c2d">
         <name>_edma3DrvChBoundRes</name>
         <value>0x11809078</value>
         <object_component_ref idref="oc-324"/>
      </symbol>
      <symbol id="sm-1c57">
         <name>_edma3OsSemGive</name>
         <value>0xc0049ec8</value>
         <object_component_ref idref="oc-44b"/>
      </symbol>
      <symbol id="sm-1c58">
         <name>_Edma3_CacheInvalidate</name>
         <value>0xc004a164</value>
         <object_component_ref idref="oc-44b"/>
      </symbol>
      <symbol id="sm-1c59">
         <name>_edma3OsSemCreate</name>
         <value>0xc0049f50</value>
         <object_component_ref idref="oc-44b"/>
      </symbol>
      <symbol id="sm-1c5a">
         <name>_edma3OsProtectExit</name>
         <value>0xc0049fa8</value>
         <object_component_ref idref="oc-44b"/>
      </symbol>
      <symbol id="sm-1c5b">
         <name>_Edma3_CacheFlush</name>
         <value>0xc004a1a0</value>
         <object_component_ref idref="oc-44b"/>
      </symbol>
      <symbol id="sm-1c5c">
         <name>_edma3OsSemDelete</name>
         <value>0xc0049f18</value>
         <object_component_ref idref="oc-44b"/>
      </symbol>
      <symbol id="sm-1c5d">
         <name>_edma3OsProtectEntry</name>
         <value>0xc004a04c</value>
         <object_component_ref idref="oc-44b"/>
      </symbol>
      <symbol id="sm-1c5e">
         <name>_edma3OsSemTake</name>
         <value>0xc0049e60</value>
         <object_component_ref idref="oc-44b"/>
      </symbol>
      <symbol id="sm-1c70">
         <name>_TSK_enable</name>
         <value>0xc005e820</value>
         <object_component_ref idref="oc-49f"/>
      </symbol>
      <symbol id="sm-1c71">
         <name>_TSK_disable</name>
         <value>0xc005e844</value>
         <object_component_ref idref="oc-49f"/>
      </symbol>
      <symbol id="sm-1c7f">
         <name>_numEdma3Instances</name>
         <value>0x11839834</value>
         <object_component_ref idref="oc-330"/>
      </symbol>
      <symbol id="sm-1c80">
         <name>_tcErrorInt</name>
         <value>0x11811288</value>
         <object_component_ref idref="oc-333"/>
      </symbol>
      <symbol id="sm-1c81">
         <name>_hwIntTcErr</name>
         <value>0x118112d8</value>
         <object_component_ref idref="oc-333"/>
      </symbol>
      <symbol id="sm-1c82">
         <name>_hwIntCcErr</name>
         <value>0x118112d0</value>
         <object_component_ref idref="oc-333"/>
      </symbol>
      <symbol id="sm-1c83">
         <name>_sampleInstInitConfig</name>
         <value>0x118118c0</value>
         <object_component_ref idref="oc-333"/>
      </symbol>
      <symbol id="sm-1c84">
         <name>_ccXferCompInt</name>
         <value>0x11811278</value>
         <object_component_ref idref="oc-333"/>
      </symbol>
      <symbol id="sm-1c85">
         <name>_numEdma3Tc</name>
         <value>0x11811270</value>
         <object_component_ref idref="oc-333"/>
      </symbol>
      <symbol id="sm-1c86">
         <name>_hwIntXferComp</name>
         <value>0x118112c8</value>
         <object_component_ref idref="oc-333"/>
      </symbol>
      <symbol id="sm-1c87">
         <name>_numEdma3EvtQue</name>
         <value>0x11811268</value>
         <object_component_ref idref="oc-333"/>
      </symbol>
      <symbol id="sm-1c88">
         <name>_sampleEdma3GblCfgParams</name>
         <value>0x11811318</value>
         <object_component_ref idref="oc-333"/>
      </symbol>
      <symbol id="sm-1c89">
         <name>_ccErrorInt</name>
         <value>0x11811280</value>
         <object_component_ref idref="oc-333"/>
      </symbol>
      <symbol id="sm-1cb0">
         <name>_ptrEdma3TcIsrHandler</name>
         <value>0x11814170</value>
         <object_component_ref idref="oc-337"/>
      </symbol>
      <symbol id="sm-1cb1">
         <name>_edma3deinit</name>
         <value>0xc0046460</value>
         <object_component_ref idref="oc-3f8"/>
      </symbol>
      <symbol id="sm-1cb2">
         <name>_semHandle</name>
         <value>0x11814168</value>
         <object_component_ref idref="oc-337"/>
      </symbol>
      <symbol id="sm-1cb3">
         <name>_unregisterEdma3Interrupts</name>
         <value>0xc0046060</value>
         <object_component_ref idref="oc-3f8"/>
      </symbol>
      <symbol id="sm-1cb4">
         <name>_edma3init</name>
         <value>0xc00462c0</value>
         <object_component_ref idref="oc-3f8"/>
      </symbol>
      <symbol id="sm-1cb5">
         <name>_registerEdma3Interrupts</name>
         <value>0xc0046108</value>
         <object_component_ref idref="oc-3f8"/>
      </symbol>
      <symbol id="sm-1cb6">
         <name>_hEdma</name>
         <value>0x11814160</value>
         <object_component_ref idref="oc-337"/>
      </symbol>
      <symbol id="sm-1ccd">
         <name>__doflush</name>
         <value>0xc00565a0</value>
         <object_component_ref idref="oc-4c5"/>
      </symbol>
      <symbol id="sm-1cce">
         <name>_fflush</name>
         <value>0xc0054a80</value>
         <object_component_ref idref="oc-49c"/>
      </symbol>
      <symbol id="sm-1ce0">
         <name>_fprintf</name>
         <value>0xc0057d60</value>
         <object_component_ref idref="oc-49b"/>
      </symbol>
      <symbol id="sm-1dec">
         <name>__printfi</name>
         <value>0xc0047720</value>
         <object_component_ref idref="oc-451"/>
      </symbol>
      <symbol id="sm-1df6">
         <name>___isinf</name>
         <value>0xc0058ba0</value>
         <object_component_ref idref="oc-4d9"/>
      </symbol>
      <symbol id="sm-1e08">
         <name>__divd</name>
         <value>0xc0044520</value>
         <object_component_ref idref="oc-4f5"/>
      </symbol>
      <symbol id="sm-1e18">
         <name>__divul</name>
         <value>0xc0051300</value>
         <object_component_ref idref="oc-4fd"/>
      </symbol>
      <symbol id="sm-1e19">
         <name>__remli</name>
         <value>0xc0058ca0</value>
         <object_component_ref idref="oc-501"/>
      </symbol>
      <symbol id="sm-1e1a">
         <name>__divli</name>
         <value>0xc0057180</value>
         <object_component_ref idref="oc-502"/>
      </symbol>
      <symbol id="sm-1e2e">
         <name>__subcull</name>
         <value>0xc0058520</value>
         <object_component_ref idref="oc-504"/>
      </symbol>
      <symbol id="sm-1e2f">
         <name>__divull</name>
         <value>0xc004e220</value>
         <object_component_ref idref="oc-4fe"/>
      </symbol>
      <symbol id="sm-1e3c">
         <name>__fixdli</name>
         <value>0xc0057360</value>
         <object_component_ref idref="oc-4f8"/>
      </symbol>
      <symbol id="sm-1e47">
         <name>__fltlid</name>
         <value>0xc0057be0</value>
         <object_component_ref idref="oc-4fa"/>
      </symbol>
      <symbol id="sm-1e51">
         <name>__frcmpyd_div</name>
         <value>0xc0058c20</value>
         <object_component_ref idref="oc-4fc"/>
      </symbol>
      <symbol id="sm-1e5f">
         <name>__llshl</name>
         <value>0xc0057c60</value>
         <object_component_ref idref="oc-503"/>
      </symbol>
      <symbol id="sm-1e60">
         <name>__llshru</name>
         <value>0xc0058c60</value>
         <object_component_ref idref="oc-4fb"/>
      </symbol>
      <symbol id="sm-1e6a">
         <name>__negll</name>
         <value>0xc0058f80</value>
         <object_component_ref idref="oc-4de"/>
      </symbol>
      <symbol id="sm-1e78">
         <name>_atoi</name>
         <value>0xc00552e0</value>
         <object_component_ref idref="oc-4c8"/>
      </symbol>
      <symbol id="sm-1e80">
         <name>__ctypes_</name>
         <value>0x11827098</value>
         <object_component_ref idref="oc-4d7"/>
      </symbol>
      <symbol id="sm-1e92">
         <name>_putc</name>
         <value>0xc0053020</value>
         <object_component_ref idref="oc-4a1"/>
      </symbol>
      <symbol id="sm-1e93">
         <name>_fputc</name>
         <value>0xc0053020</value>
         <object_component_ref idref="oc-4a1"/>
      </symbol>
      <symbol id="sm-1ea2">
         <name>__wrt_ok</name>
         <value>0xc0054680</value>
         <object_component_ref idref="oc-4c6"/>
      </symbol>
      <symbol id="sm-1ebc">
         <name>_fputs</name>
         <value>0xc004b220</value>
         <object_component_ref idref="oc-4a0"/>
      </symbol>
      <symbol id="sm-1ec9">
         <name>_fseek</name>
         <value>0xc0056720</value>
         <object_component_ref idref="oc-4d5"/>
      </symbol>
      <symbol id="sm-1f0f">
         <name>_unlink</name>
         <value>0xc0058160</value>
         <object_component_ref idref="oc-505"/>
      </symbol>
      <symbol id="sm-1f10">
         <name>_lseek</name>
         <value>0xc00567e0</value>
         <object_component_ref idref="oc-4ed"/>
      </symbol>
      <symbol id="sm-1f11">
         <name>_close</name>
         <value>0xc0055580</value>
         <object_component_ref idref="oc-4ff"/>
      </symbol>
      <symbol id="sm-1f12">
         <name>_write</name>
         <value>0xc0056ae0</value>
         <object_component_ref idref="oc-4c7"/>
      </symbol>
      <symbol id="sm-1f3c">
         <name>_HOSTopen</name>
         <value>0xc0054e80</value>
         <object_component_ref idref="oc-3df"/>
      </symbol>
      <symbol id="sm-1f3d">
         <name>_HOSTread</name>
         <value>0xc0055d60</value>
         <object_component_ref idref="oc-3e1"/>
      </symbol>
      <symbol id="sm-1f3e">
         <name>_HOSTrename</name>
         <value>0xc0051b20</value>
         <object_component_ref idref="oc-3e5"/>
      </symbol>
      <symbol id="sm-1f3f">
         <name>_HOSTwrite</name>
         <value>0xc0055ee0</value>
         <object_component_ref idref="oc-3e2"/>
      </symbol>
      <symbol id="sm-1f40">
         <name>_HOSTlseek</name>
         <value>0xc0054080</value>
         <object_component_ref idref="oc-3e3"/>
      </symbol>
      <symbol id="sm-1f41">
         <name>_HOSTunlink</name>
         <value>0xc0055e20</value>
         <object_component_ref idref="oc-3e4"/>
      </symbol>
      <symbol id="sm-1f42">
         <name>_HOSTclose</name>
         <value>0xc0056dc0</value>
         <object_component_ref idref="oc-3e0"/>
      </symbol>
      <symbol id="sm-1f4f">
         <name>_ltoa</name>
         <value>0xc00568a0</value>
         <object_component_ref idref="oc-4f9"/>
      </symbol>
      <symbol id="sm-1f5c">
         <name>_memccpy</name>
         <value>0xc00589a0</value>
         <object_component_ref idref="oc-4cb"/>
      </symbol>
      <symbol id="sm-1f64">
         <name>_memcpy</name>
         <value>0xc0057860</value>
         <object_component_ref idref="oc-3e6"/>
      </symbol>
      <symbol id="sm-1f6f">
         <name>_memset</name>
         <value>0xc0055ba0</value>
         <object_component_ref idref="oc-415"/>
      </symbol>
      <symbol id="sm-1f81">
         <name>_printf</name>
         <value>0xc0058060</value>
         <object_component_ref idref="oc-3e7"/>
      </symbol>
      <symbol id="sm-1f91">
         <name>C$$IO$$</name>
         <value>0xc0058a58</value>
         <object_component_ref idref="oc-44d"/>
      </symbol>
      <symbol id="sm-1f92">
         <name>__CIOBUF_</name>
         <value>0x11836e40</value>
         <object_component_ref idref="oc-38e"/>
      </symbol>
      <symbol id="sm-1f93">
         <name>_readmsg</name>
         <value>0xc00580e0</value>
         <object_component_ref idref="oc-44e"/>
      </symbol>
      <symbol id="sm-1f94">
         <name>_writemsg</name>
         <value>0xc0058a00</value>
         <object_component_ref idref="oc-44d"/>
      </symbol>
      <symbol id="sm-1fa5">
         <name>_setvbuf</name>
         <value>0xc00522a0</value>
         <object_component_ref idref="oc-4d6"/>
      </symbol>
      <symbol id="sm-1fba">
         <name>__cleanup</name>
         <value>0xc0056360</value>
         <object_component_ref idref="oc-4ef"/>
      </symbol>
      <symbol id="sm-1fcc">
         <name>_fclose</name>
         <value>0xc0053ae0</value>
         <object_component_ref idref="oc-4f7"/>
      </symbol>
      <symbol id="sm-1fe8">
         <name>_free</name>
         <value>0xc005b9a0</value>
         <object_component_ref idref="oc-4ee"/>
      </symbol>
      <symbol id="sm-1fe9">
         <name>_calloc</name>
         <value>0xc005bbcc</value>
         <object_component_ref idref="oc-4ee"/>
      </symbol>
      <symbol id="sm-1fea">
         <name>_memalign</name>
         <value>0xc005bb08</value>
         <object_component_ref idref="oc-4ee"/>
      </symbol>
      <symbol id="sm-1feb">
         <name>_realloc</name>
         <value>0xc005ba24</value>
         <object_component_ref idref="oc-4ee"/>
      </symbol>
      <symbol id="sm-1fec">
         <name>_malloc</name>
         <value>0xc005b9c4</value>
         <object_component_ref idref="oc-4ee"/>
      </symbol>
      <symbol id="sm-1ff8">
         <name>_remove</name>
         <value>0xc0059100</value>
         <object_component_ref idref="oc-500"/>
      </symbol>
   </symbol_table>
</link_info>
