<?xml version="1.0"?>
<link_info>
   <banner>TMS320C6x Linker PC v7.3.1</banner>
   <copyright>Copyright (c) 1996-2011 Texas Instruments Incorporated</copyright>
   <link_time>0x57333359</link_time>
   <output_file>2013_realtime_audio.out</output_file>
   <entry_point>
      <name>_c_int00</name>
      <address>0xc005e980</address>
   </entry_point>
   <input_file_list>
      <input_file id="fl-10">
         <path>.\src_audio\</path>
         <kind>object</kind>
         <file>process_audio.obj</file>
         <name>process_audio.obj</name>
      </input_file>
      <input_file id="fl-11">
         <path>.\src_audio\</path>
         <kind>object</kind>
         <file>audioSample_main.obj</file>
         <name>audioSample_main.obj</name>
      </input_file>
      <input_file id="fl-12">
         <path>.\src_audio\</path>
         <kind>object</kind>
         <file>audioSample_io.obj</file>
         <name>audioSample_io.obj</name>
      </input_file>
      <input_file id="fl-13">
         <path>.\</path>
         <kind>object</kind>
         <file>transmit.obj</file>
         <name>transmit.obj</name>
      </input_file>
      <input_file id="fl-14">
         <path>.\</path>
         <kind>object</kind>
         <file>sym.obj</file>
         <name>sym.obj</name>
      </input_file>
      <input_file id="fl-15">
         <path>.\</path>
         <kind>object</kind>
         <file>sha_convert.obj</file>
         <name>sha_convert.obj</name>
      </input_file>
      <input_file id="fl-16">
         <path>.\</path>
         <kind>object</kind>
         <file>sha2.obj</file>
         <name>sha2.obj</name>
      </input_file>
      <input_file id="fl-17">
         <path>.\</path>
         <kind>object</kind>
         <file>mont.obj</file>
         <name>mont.obj</name>
      </input_file>
      <input_file id="fl-18">
         <path>.\</path>
         <kind>object</kind>
         <file>encode.obj</file>
         <name>encode.obj</name>
      </input_file>
      <input_file id="fl-19">
         <path>.\</path>
         <kind>object</kind>
         <file>digest-info.obj</file>
         <name>digest-info.obj</name>
      </input_file>
      <input_file id="fl-1a">
         <path>.\</path>
         <kind>object</kind>
         <file>audioSamplecfg_c.obj</file>
         <name>audioSamplecfg_c.obj</name>
      </input_file>
      <input_file id="fl-1b">
         <path>.\</path>
         <kind>object</kind>
         <file>audioSamplecfg.obj</file>
         <name>audioSamplecfg.obj</name>
      </input_file>
      <input_file id="fl-1c">
         <path>.\</path>
         <kind>object</kind>
         <file>aes.obj</file>
         <name>aes.obj</name>
      </input_file>
      <input_file id="fl-1d">
         <path>.\</path>
         <kind>object</kind>
         <file>Encrypt.obj</file>
         <name>Encrypt.obj</name>
      </input_file>
      <input_file id="fl-1e">
         <path>.\</path>
         <kind>object</kind>
         <file>DSP_SBC.obj</file>
         <name>DSP_SBC.obj</name>
      </input_file>
      <input_file id="fl-1f">
         <path>.\</path>
         <kind>object</kind>
         <file>DSP_QMF.obj</file>
         <name>DSP_QMF.obj</name>
      </input_file>
      <input_file id="fl-20">
         <path>.\</path>
         <kind>object</kind>
         <file>DSP_BitPacker.obj</file>
         <name>DSP_BitPacker.obj</name>
      </input_file>
      <input_file id="fl-21">
         <path>.\</path>
         <kind>object</kind>
         <file>DSP_ADPCM_SBC.obj</file>
         <name>DSP_ADPCM_SBC.obj</name>
      </input_file>
      <input_file id="fl-22">
         <path>.\</path>
         <kind>object</kind>
         <file>DSP_ADPCM.obj</file>
         <name>DSP_ADPCM.obj</name>
      </input_file>
      <input_file id="fl-a1">
         <path>C:\ti\bios_5_41_11_38\packages\ti\bios\lib\</path>
         <kind>archive</kind>
         <file>bios.a674</file>
         <name>biosdata.o674</name>
      </input_file>
      <input_file id="fl-a2">
         <path>C:\ti\bios_5_41_11_38\packages\ti\bios\lib\</path>
         <kind>archive</kind>
         <file>bios.a674</file>
         <name>hwi_disp_asm.o674</name>
      </input_file>
      <input_file id="fl-a3">
         <path>C:\ti\bios_5_41_11_38\packages\ti\bios\lib\</path>
         <kind>archive</kind>
         <file>bios.a674</file>
         <name>idl_stub.o674</name>
      </input_file>
      <input_file id="fl-a4">
         <path>C:\ti\bios_5_41_11_38\packages\ti\bios\lib\</path>
         <kind>archive</kind>
         <file>lnkrtdx.a674</file>
         <name>rtdx.o674</name>
      </input_file>
      <input_file id="fl-a5">
         <path>C:\ti\bios_5_41_11_38\packages\ti\bios\lib\</path>
         <kind>archive</kind>
         <file>bios.a674</file>
         <name>swi.o674</name>
      </input_file>
      <input_file id="fl-a6">
         <path>C:\ti\bios_5_41_11_38\packages\ti\bios\lib\</path>
         <kind>archive</kind>
         <file>bios6748.a674</file>
         <name>clk_gethtime.o674</name>
      </input_file>
      <input_file id="fl-a7">
         <path>C:\ti\bios_5_41_11_38\packages\ti\bios\lib\</path>
         <kind>archive</kind>
         <file>bios.a674</file>
         <name>fxn_c.o674</name>
      </input_file>
      <input_file id="fl-a8">
         <path>C:\ti\bios_5_41_11_38\packages\ti\bios\lib\</path>
         <kind>archive</kind>
         <file>bios.a674</file>
         <name>knl_tick.o674</name>
      </input_file>
      <input_file id="fl-a9">
         <path>C:\ti\bios_5_41_11_38\packages\ti\bios\lib\</path>
         <kind>archive</kind>
         <file>bios.a674</file>
         <name>utl_doab.o674</name>
      </input_file>
      <input_file id="fl-aa">
         <path>C:\ti\bios_5_41_11_38\packages\ti\bios\lib\</path>
         <kind>archive</kind>
         <file>bios.a674</file>
         <name>utl_doer.o674</name>
      </input_file>
      <input_file id="fl-ab">
         <path>C:\ti\bios_5_41_11_38\packages\ti\bios\lib\</path>
         <kind>archive</kind>
         <file>bios.a674</file>
         <name>utl_putc.o674</name>
      </input_file>
      <input_file id="fl-ac">
         <path>C:\ti\bios_5_41_11_38\packages\ti\bios\lib\</path>
         <kind>archive</kind>
         <file>bios.a674</file>
         <name>utl_halt.o674</name>
      </input_file>
      <input_file id="fl-ad">
         <path>C:\ti\bios_5_41_11_38\packages\ti\bios\lib\</path>
         <kind>archive</kind>
         <file>bios6748.a674</file>
         <name>clk.o674</name>
      </input_file>
      <input_file id="fl-ae">
         <path>C:\ti\bios_5_41_11_38\packages\ti\bios\lib\</path>
         <kind>archive</kind>
         <file>bios.a674</file>
         <name>fxn.o674</name>
      </input_file>
      <input_file id="fl-af">
         <path>C:\ti\bios_5_41_11_38\packages\ti\bios\lib\</path>
         <kind>archive</kind>
         <file>bios.a674</file>
         <name>boot.o674</name>
      </input_file>
      <input_file id="fl-b0">
         <path>C:\ti\bios_5_41_11_38\packages\ti\bios\lib\</path>
         <kind>archive</kind>
         <file>bios.a674</file>
         <name>trc.o674</name>
      </input_file>
      <input_file id="fl-b1">
         <path>C:\ti\bios_5_41_11_38\packages\ti\bios\lib\</path>
         <kind>archive</kind>
         <file>bios.a674</file>
         <name>hwi.o674</name>
      </input_file>
      <input_file id="fl-b2">
         <path>C:\ti\bios_5_41_11_38\packages\ti\bios\lib\</path>
         <kind>archive</kind>
         <file>bios.a674</file>
         <name>idl_busy.o674</name>
      </input_file>
      <input_file id="fl-b3">
         <path>C:\ti\bios_5_41_11_38\packages\ti\bios\lib\</path>
         <kind>archive</kind>
         <file>bios6748.a674</file>
         <name>idl_cal.o674</name>
      </input_file>
      <input_file id="fl-b4">
         <path>C:\ti\bios_5_41_11_38\packages\ti\bios\lib\</path>
         <kind>archive</kind>
         <file>bios.a674</file>
         <name>idl.o674</name>
      </input_file>
      <input_file id="fl-b5">
         <path>C:\ti\bios_5_41_11_38\packages\ti\bios\lib\</path>
         <kind>archive</kind>
         <file>bios.a674</file>
         <name>knl_swit.o674</name>
      </input_file>
      <input_file id="fl-b6">
         <path>C:\ti\bios_5_41_11_38\packages\ti\bios\lib\</path>
         <kind>archive</kind>
         <file>log8.a674</file>
         <name>log_ts.o674</name>
      </input_file>
      <input_file id="fl-b7">
         <path>C:\ti\bios_5_41_11_38\packages\ti\bios\lib\</path>
         <kind>archive</kind>
         <file>bios.a674</file>
         <name>pip.o674</name>
      </input_file>
      <input_file id="fl-b8">
         <path>C:\ti\bios_5_41_11_38\packages\ti\bios\lib\</path>
         <kind>archive</kind>
         <file>bios.a674</file>
         <name>prd.o674</name>
      </input_file>
      <input_file id="fl-b9">
         <path>C:\ti\bios_5_41_11_38\packages\ti\bios\lib\</path>
         <kind>archive</kind>
         <file>bios.a674</file>
         <name>rta.o674</name>
      </input_file>
      <input_file id="fl-ba">
         <path>C:\ti\bios_5_41_11_38\packages\ti\bios\lib\</path>
         <kind>archive</kind>
         <file>bios.a674</file>
         <name>rta_andn.o674</name>
      </input_file>
      <input_file id="fl-bb">
         <path>C:\ti\bios_5_41_11_38\packages\ti\bios\lib\</path>
         <kind>archive</kind>
         <file>bios.a674</file>
         <name>sts.o674</name>
      </input_file>
      <input_file id="fl-bc">
         <path>C:\Users\r0603366\Desktop\DSP_dev\realtime_audio\libs\</path>
         <kind>archive</kind>
         <file>ti.pspiom.platforms.codec.a674</file>
         <name>Aic31.obj</name>
      </input_file>
      <input_file id="fl-bd">
         <path>C:\Users\r0603366\Desktop\DSP_dev\realtime_audio\libs\</path>
         <kind>archive</kind>
         <file>ti.pspiom.platforms.evm6748.audio.a674</file>
         <name>Audio.obj</name>
      </input_file>
      <input_file id="fl-be">
         <path>C:\ti\bios_5_41_11_38\packages\ti\bios\lib\</path>
         <kind>archive</kind>
         <file>bios.a674</file>
         <name>clk_data.o674</name>
      </input_file>
      <input_file id="fl-bf">
         <path>C:\ti\bios_5_41_11_38\packages\ti\bios\lib\</path>
         <kind>archive</kind>
         <file>bios.a674</file>
         <name>clk_data2.o674</name>
      </input_file>
      <input_file id="fl-c0">
         <path>C:\ti\bios_5_41_11_38\packages\ti\bios\lib\</path>
         <kind>archive</kind>
         <file>bios6748.a674</file>
         <name>clk_data.o674</name>
      </input_file>
      <input_file id="fl-c1">
         <path>C:\ti\bios_5_41_11_38\packages\ti\bios\lib\</path>
         <kind>archive</kind>
         <file>bios6748.a674</file>
         <name>clk_meas.o674</name>
      </input_file>
      <input_file id="fl-c2">
         <path>C:\ti\bios_5_41_11_38\packages\ti\bios\lib\</path>
         <kind>archive</kind>
         <file>bios.a674</file>
         <name>dev_init.o674</name>
      </input_file>
      <input_file id="fl-c3">
         <path>C:\ti\bios_5_41_11_38\packages\ti\bios\lib\</path>
         <kind>archive</kind>
         <file>bios.a674</file>
         <name>dev_matc.o674</name>
      </input_file>
      <input_file id="fl-c4">
         <path>C:\ti\bios_5_41_11_38\packages\ti\bios\lib\</path>
         <kind>archive</kind>
         <file>drivers.a674</file>
         <name>dio.o674</name>
      </input_file>
      <input_file id="fl-c5">
         <path>C:\ti\bios_5_41_11_38\packages\ti\bios\lib\</path>
         <kind>archive</kind>
         <file>drivers.a674</file>
         <name>dio_tskDynamic.o674</name>
      </input_file>
      <input_file id="fl-c6">
         <path>C:\ti\bios_5_41_11_38\packages\ti\bios\lib\</path>
         <kind>archive</kind>
         <file>drivers.a674</file>
         <name>dio_tsk.o674</name>
      </input_file>
      <input_file id="fl-c7">
         <path>C:\ti\bios_5_41_11_38\packages\ti\bios\lib\</path>
         <kind>archive</kind>
         <file>bios.a674</file>
         <name>ecm_dispatch.o674</name>
      </input_file>
      <input_file id="fl-c8">
         <path>C:\ti\bios_5_41_11_38\packages\ti\bios\lib\</path>
         <kind>archive</kind>
         <file>bios.a674</file>
         <name>exc_asm.o674</name>
      </input_file>
      <input_file id="fl-c9">
         <path>C:\ti\bios_5_41_11_38\packages\ti\bios\lib\</path>
         <kind>archive</kind>
         <file>bios.a674</file>
         <name>exc.o674</name>
      </input_file>
      <input_file id="fl-ca">
         <path>C:\ti\bios_5_41_11_38\packages\ti\bios\lib\</path>
         <kind>archive</kind>
         <file>bios.a674</file>
         <name>gbl_cacheinit64P.o674</name>
      </input_file>
      <input_file id="fl-cb">
         <path>C:\ti\bios_5_41_11_38\packages\ti\bios\lib\</path>
         <kind>archive</kind>
         <file>bios6748.a674</file>
         <name>bcache_init.o674</name>
      </input_file>
      <input_file id="fl-cc">
         <path>C:\ti\bios_5_41_11_38\packages\ti\bios\lib\</path>
         <kind>archive</kind>
         <file>bios.a674</file>
         <name>gbl_vers.o674</name>
      </input_file>
      <input_file id="fl-cd">
         <path>C:\ti\bios_5_41_11_38\packages\ti\rtdx\lib\c6000\</path>
         <kind>archive</kind>
         <file>rtdx64xplus.lib</file>
         <name>rtdx_mon.o64P</name>
      </input_file>
      <input_file id="fl-ce">
         <path>C:\ti\bios_5_41_11_38\packages\ti\bios\lib\</path>
         <kind>archive</kind>
         <file>bios.a674</file>
         <name>hwi_c.o674</name>
      </input_file>
      <input_file id="fl-cf">
         <path>C:\Users\r0603366\Desktop\DSP_dev\realtime_audio\libs\</path>
         <kind>archive</kind>
         <file>ti.pspiom.i2c.a674</file>
         <name>I2c.obj</name>
      </input_file>
      <input_file id="fl-d0">
         <path>C:\ti\bios_5_41_11_38\packages\ti\bios\lib\</path>
         <kind>archive</kind>
         <file>bios.a674</file>
         <name>c62_c.o674</name>
      </input_file>
      <input_file id="fl-d1">
         <path>C:\ti\bios_5_41_11_38\packages\ti\bios\lib\</path>
         <kind>archive</kind>
         <file>bios.a674</file>
         <name>ecm_disableEvent.o674</name>
      </input_file>
      <input_file id="fl-d2">
         <path>C:\ti\bios_5_41_11_38\packages\ti\bios\lib\</path>
         <kind>archive</kind>
         <file>bios.a674</file>
         <name>atm.o674</name>
      </input_file>
      <input_file id="fl-d3">
         <path>C:\ti\bios_5_41_11_38\packages\ti\bios\lib\</path>
         <kind>archive</kind>
         <file>bios.a674</file>
         <name>ecm_dispatchPlug.o674</name>
      </input_file>
      <input_file id="fl-d4">
         <path>C:\ti\bios_5_41_11_38\packages\ti\bios\lib\</path>
         <kind>archive</kind>
         <file>bios.a674</file>
         <name>ecm_enableEvent.o674</name>
      </input_file>
      <input_file id="fl-d5">
         <path>C:\Users\r0603366\Desktop\DSP_dev\realtime_audio\libs\</path>
         <kind>archive</kind>
         <file>edma3_drv_bios_c674.lib</file>
         <name>edma3_drv_basic.obj</name>
      </input_file>
      <input_file id="fl-d6">
         <path>C:\Users\r0603366\Desktop\DSP_dev\realtime_audio\libs\</path>
         <kind>archive</kind>
         <file>edma3_rm_bios.lib</file>
         <name>edma3resmgr.obj</name>
      </input_file>
      <input_file id="fl-d7">
         <path>C:\Users\r0603366\Desktop\DSP_dev\realtime_audio\libs\</path>
         <kind>archive</kind>
         <file>edma3_rm_bios.lib</file>
         <name>edma3_rm_gbl_data.obj</name>
      </input_file>
      <input_file id="fl-d8">
         <path>C:\Users\r0603366\Desktop\DSP_dev\realtime_audio\libs\</path>
         <kind>archive</kind>
         <file>ti.pspiom.i2c.a674</file>
         <name>I2c_edma.obj</name>
      </input_file>
      <input_file id="fl-d9">
         <path>C:\ti\bios_5_41_11_38\packages\ti\bios\lib\</path>
         <kind>archive</kind>
         <file>bios6748.a674</file>
         <name>bcache_block.o674</name>
      </input_file>
      <input_file id="fl-da">
         <path>C:\ti\bios_5_41_11_38\packages\ti\bios\lib\</path>
         <kind>archive</kind>
         <file>bios6748.a674</file>
         <name>bcache_wait.o674</name>
      </input_file>
      <input_file id="fl-db">
         <path>C:\Users\r0603366\Desktop\DSP_dev\realtime_audio\libs\</path>
         <kind>archive</kind>
         <file>edma3_drv_bios_c674.lib</file>
         <name>edma3_drv_adv.obj</name>
      </input_file>
      <input_file id="fl-dc">
         <path>C:\ti\bios_5_41_11_38\packages\ti\bios\lib\</path>
         <kind>archive</kind>
         <file>bios.a674</file>
         <name>knl.o674</name>
      </input_file>
      <input_file id="fl-dd">
         <path>C:\ti\bios_5_41_11_38\packages\ti\bios\lib\</path>
         <kind>archive</kind>
         <file>bios.a674</file>
         <name>knl_exit.o674</name>
      </input_file>
      <input_file id="fl-de">
         <path>C:\ti\bios_5_41_11_38\packages\ti\bios\lib\</path>
         <kind>archive</kind>
         <file>bios.a674</file>
         <name>knl_chec.o674</name>
      </input_file>
      <input_file id="fl-df">
         <path>C:\ti\bios_5_41_11_38\packages\ti\bios\lib\</path>
         <kind>archive</kind>
         <file>bios.a674</file>
         <name>knl_post.o674</name>
      </input_file>
      <input_file id="fl-e0">
         <path>C:\ti\bios_5_41_11_38\packages\ti\bios\lib\</path>
         <kind>archive</kind>
         <file>bios.a674</file>
         <name>knl_ipos.o674</name>
      </input_file>
      <input_file id="fl-e1">
         <path>C:\ti\bios_5_41_11_38\packages\ti\bios\lib\</path>
         <kind>archive</kind>
         <file>bios.a674</file>
         <name>knl_run.o674</name>
      </input_file>
      <input_file id="fl-e2">
         <path>C:\ti\bios_5_41_11_38\packages\ti\bios\lib\</path>
         <kind>archive</kind>
         <file>bios.a674</file>
         <name>log_printf.o674</name>
      </input_file>
      <input_file id="fl-e3">
         <path>C:\ti\bios_5_41_11_38\packages\ti\bios\lib\</path>
         <kind>archive</kind>
         <file>bios.a674</file>
         <name>mem_asm.o674</name>
      </input_file>
      <input_file id="fl-e4">
         <path>C:\ti\bios_5_41_11_38\packages\ti\bios\lib\</path>
         <kind>archive</kind>
         <file>bios.a674</file>
         <name>mem_free.o674</name>
      </input_file>
      <input_file id="fl-e5">
         <path>C:\ti\bios_5_41_11_38\packages\ti\bios\lib\</path>
         <kind>archive</kind>
         <file>bios.a674</file>
         <name>mem_init.o674</name>
      </input_file>
      <input_file id="fl-e6">
         <path>C:\ti\bios_5_41_11_38\packages\ti\bios\lib\</path>
         <kind>archive</kind>
         <file>bios.a674</file>
         <name>mem_vall.o674</name>
      </input_file>
      <input_file id="fl-e7">
         <path>C:\ti\bios_5_41_11_38\packages\ti\bios\lib\</path>
         <kind>archive</kind>
         <file>bios.a674</file>
         <name>mem_allo.o674</name>
      </input_file>
      <input_file id="fl-e8">
         <path>C:\Users\r0603366\Desktop\DSP_dev\realtime_audio\libs\</path>
         <kind>archive</kind>
         <file>ti.pspiom.mcasp.a674</file>
         <name>Mcasp.obj</name>
      </input_file>
      <input_file id="fl-e9">
         <path>C:\Users\r0603366\Desktop\DSP_dev\realtime_audio\libs\</path>
         <kind>archive</kind>
         <file>ti.pspiom.mcasp.a674</file>
         <name>Mcasp_ioctl.obj</name>
      </input_file>
      <input_file id="fl-ea">
         <path>C:\Users\r0603366\Desktop\DSP_dev\realtime_audio\libs\</path>
         <kind>archive</kind>
         <file>ti.pspiom.mcasp.a674</file>
         <name>Mcasp_edma.obj</name>
      </input_file>
      <input_file id="fl-eb">
         <path>C:\ti\bios_5_41_11_38\packages\ti\bios\lib\</path>
         <kind>archive</kind>
         <file>bios.a674</file>
         <name>obj_init.o674</name>
      </input_file>
      <input_file id="fl-ec">
         <path>C:\ti\bios_5_41_11_38\packages\ti\bios\lib\</path>
         <kind>archive</kind>
         <file>pwrm.a674</file>
         <name>pwrm_gsp674.o674</name>
      </input_file>
      <input_file id="fl-ed">
         <path>C:\Users\r0603366\Desktop\DSP_dev\realtime_audio\libs\</path>
         <kind>archive</kind>
         <file>pscl.a674</file>
         <name>pscl.o674</name>
      </input_file>
      <input_file id="fl-ee">
         <path>C:\Users\r0603366\Desktop\DSP_dev\realtime_audio\libs\</path>
         <kind>archive</kind>
         <file>pmi.a674</file>
         <name>pmi_pll.o674</name>
      </input_file>
      <input_file id="fl-ef">
         <path>C:\Users\r0603366\Desktop\DSP_dev\realtime_audio\libs\</path>
         <kind>archive</kind>
         <file>pmi_ctl_evm6748.a674</file>
         <name>pmi_volt6748evm.o674</name>
      </input_file>
      <input_file id="fl-f0">
         <path>C:\Users\r0603366\Desktop\DSP_dev\realtime_audio\libs\</path>
         <kind>archive</kind>
         <file>pmi.a674</file>
         <name>pmi_ms.o674</name>
      </input_file>
      <input_file id="fl-f1">
         <path>C:\Users\r0603366\Desktop\DSP_dev\realtime_audio\libs\</path>
         <kind>archive</kind>
         <file>pmi.a674</file>
         <name>pmi_onchip.o674</name>
      </input_file>
      <input_file id="fl-f2">
         <path>C:\Users\r0603366\Desktop\DSP_dev\realtime_audio\libs\</path>
         <kind>archive</kind>
         <file>pmi.a674</file>
         <name>pmi_init.o674</name>
      </input_file>
      <input_file id="fl-f3">
         <path>C:\Users\r0603366\Desktop\DSP_dev\realtime_audio\libs\</path>
         <kind>archive</kind>
         <file>pmi_ctl_evm6748.a674</file>
         <name>pmi_i2c.o674</name>
      </input_file>
      <input_file id="fl-f4">
         <path>C:\Users\r0603366\Desktop\DSP_dev\realtime_audio\libs\</path>
         <kind>archive</kind>
         <file>pmi.a674</file>
         <name>pmi_relock1.o674</name>
      </input_file>
      <input_file id="fl-f5">
         <path>C:\Users\r0603366\Desktop\DSP_dev\realtime_audio\libs\</path>
         <kind>archive</kind>
         <file>pscl_cfg_evm6748.a674</file>
         <name>pscl_config_evm6748.o674</name>
      </input_file>
      <input_file id="fl-f6">
         <path>C:\ti\bios_5_41_11_38\packages\ti\bios\lib\</path>
         <kind>archive</kind>
         <file>bios6748.a674</file>
         <name>pwrm_get674.o674</name>
      </input_file>
      <input_file id="fl-f7">
         <path>C:\ti\bios_5_41_11_38\packages\ti\bios\lib\</path>
         <kind>archive</kind>
         <file>pwrm.a674</file>
         <name>pwrm_nsp674.o674</name>
      </input_file>
      <input_file id="fl-f8">
         <path>C:\ti\bios_5_41_11_38\packages\ti\bios\lib\</path>
         <kind>archive</kind>
         <file>pwrm.a674</file>
         <name>pwrm_spi674.o674</name>
      </input_file>
      <input_file id="fl-f9">
         <path>C:\ti\bios_5_41_11_38\packages\ti\bios\lib\</path>
         <kind>archive</kind>
         <file>pwrm.a674</file>
         <name>pwrm_regcst.o674</name>
      </input_file>
      <input_file id="fl-fa">
         <path>C:\ti\bios_5_41_11_38\packages\ti\bios\lib\</path>
         <kind>archive</kind>
         <file>pwrm.a674</file>
         <name>pwrm_reg.o674</name>
      </input_file>
      <input_file id="fl-fb">
         <path>C:\ti\bios_5_41_11_38\packages\ti\bios\lib\</path>
         <kind>archive</kind>
         <file>pwrm.a674</file>
         <name>pwrm.o674</name>
      </input_file>
      <input_file id="fl-fc">
         <path>C:\ti\bios_5_41_11_38\packages\ti\bios\lib\</path>
         <kind>archive</kind>
         <file>bios6748.a674</file>
         <name>pwrm_rel674.o674</name>
      </input_file>
      <input_file id="fl-fd">
         <path>C:\ti\bios_5_41_11_38\packages\ti\bios\lib\</path>
         <kind>archive</kind>
         <file>bios6748.a674</file>
         <name>pwrm_set674.o674</name>
      </input_file>
      <input_file id="fl-fe">
         <path>C:\ti\bios_5_41_11_38\packages\ti\bios\lib\</path>
         <kind>archive</kind>
         <file>pwrm.a674</file>
         <name>pwrm_urgcst.o674</name>
      </input_file>
      <input_file id="fl-ff">
         <path>C:\ti\bios_5_41_11_38\packages\ti\bios\lib\</path>
         <kind>archive</kind>
         <file>pwrm.a674</file>
         <name>pwrm_urg.o674</name>
      </input_file>
      <input_file id="fl-100">
         <path>C:\ti\bios_5_41_11_38\packages\ti\bios\lib\</path>
         <kind>archive</kind>
         <file>bios.a674</file>
         <name>que_get.o674</name>
      </input_file>
      <input_file id="fl-101">
         <path>C:\ti\bios_5_41_11_38\packages\ti\rtdx\lib\c6000\</path>
         <kind>archive</kind>
         <file>rtdx64xplus.lib</file>
         <name>buffer2.o64P</name>
      </input_file>
      <input_file id="fl-102">
         <path>C:\ti\bios_5_41_11_38\packages\ti\rtdx\lib\c6000\</path>
         <kind>archive</kind>
         <file>rtdx64xplus.lib</file>
         <name>buffer1.o64P</name>
      </input_file>
      <input_file id="fl-103">
         <path>C:\ti\bios_5_41_11_38\packages\ti\rtdx\lib\c6000\</path>
         <kind>archive</kind>
         <file>rtdx64xplus.lib</file>
         <name>intr_tgt.o64P</name>
      </input_file>
      <input_file id="fl-104">
         <path>C:\ti\bios_5_41_11_38\packages\ti\rtdx\lib\c6000\</path>
         <kind>archive</kind>
         <file>rtdx64xplus.lib</file>
         <name>memfill.o64P</name>
      </input_file>
      <input_file id="fl-105">
         <path>C:\ti\bios_5_41_11_38\packages\ti\bios\lib\</path>
         <kind>archive</kind>
         <file>bios.a674</file>
         <name>sem_crea.o674</name>
      </input_file>
      <input_file id="fl-106">
         <path>C:\ti\bios_5_41_11_38\packages\ti\bios\lib\</path>
         <kind>archive</kind>
         <file>bios.a674</file>
         <name>obj_crea.o674</name>
      </input_file>
      <input_file id="fl-107">
         <path>C:\ti\bios_5_41_11_38\packages\ti\bios\lib\</path>
         <kind>archive</kind>
         <file>bios.a674</file>
         <name>sem_dele.o674</name>
      </input_file>
      <input_file id="fl-108">
         <path>C:\ti\bios_5_41_11_38\packages\ti\bios\lib\</path>
         <kind>archive</kind>
         <file>bios.a674</file>
         <name>obj_dele.o674</name>
      </input_file>
      <input_file id="fl-109">
         <path>C:\ti\bios_5_41_11_38\packages\ti\bios\lib\</path>
         <kind>archive</kind>
         <file>bios.a674</file>
         <name>sem_pend_counting.o674</name>
      </input_file>
      <input_file id="fl-10a">
         <path>C:\ti\bios_5_41_11_38\packages\ti\bios\lib\</path>
         <kind>archive</kind>
         <file>bios.a674</file>
         <name>sem_pend.o674</name>
      </input_file>
      <input_file id="fl-10b">
         <path>C:\ti\bios_5_41_11_38\packages\ti\bios\lib\</path>
         <kind>archive</kind>
         <file>bios.a674</file>
         <name>sem_post_asm.o674</name>
      </input_file>
      <input_file id="fl-10c">
         <path>C:\ti\bios_5_41_11_38\packages\ti\bios\lib\</path>
         <kind>archive</kind>
         <file>bios.a674</file>
         <name>sem_post.o674</name>
      </input_file>
      <input_file id="fl-10d">
         <path>C:\ti\bios_5_41_11_38\packages\ti\bios\lib\</path>
         <kind>archive</kind>
         <file>sioboth.a674</file>
         <name>sio.o674</name>
      </input_file>
      <input_file id="fl-10e">
         <path>C:\ti\bios_5_41_11_38\packages\ti\bios\lib\</path>
         <kind>archive</kind>
         <file>sioboth.a674</file>
         <name>sio_crea.o674</name>
      </input_file>
      <input_file id="fl-10f">
         <path>C:\ti\bios_5_41_11_38\packages\ti\bios\lib\</path>
         <kind>archive</kind>
         <file>bios.a674</file>
         <name>dev_mkfr.o674</name>
      </input_file>
      <input_file id="fl-110">
         <path>C:\ti\bios_5_41_11_38\packages\ti\bios\lib\</path>
         <kind>archive</kind>
         <file>bios.a674</file>
         <name>que_crea.o674</name>
      </input_file>
      <input_file id="fl-111">
         <path>C:\ti\bios_5_41_11_38\packages\ti\bios\lib\</path>
         <kind>archive</kind>
         <file>sioboth.a674</file>
         <name>sio_dele.o674</name>
      </input_file>
      <input_file id="fl-112">
         <path>C:\ti\bios_5_41_11_38\packages\ti\bios\lib\</path>
         <kind>archive</kind>
         <file>bios.a674</file>
         <name>dev_rmfr.o674</name>
      </input_file>
      <input_file id="fl-113">
         <path>C:\ti\bios_5_41_11_38\packages\ti\bios\lib\</path>
         <kind>archive</kind>
         <file>sioboth.a674</file>
         <name>sio_issu.o674</name>
      </input_file>
      <input_file id="fl-114">
         <path>C:\ti\bios_5_41_11_38\packages\ti\bios\lib\</path>
         <kind>archive</kind>
         <file>sioboth.a674</file>
         <name>sio_recl.o674</name>
      </input_file>
      <input_file id="fl-115">
         <path>C:\ti\bios_5_41_11_38\packages\ti\bios\lib\</path>
         <kind>archive</kind>
         <file>bios.a674</file>
         <name>sts_set.o674</name>
      </input_file>
      <input_file id="fl-116">
         <path>C:\ti\bios_5_41_11_38\packages\ti\bios\lib\</path>
         <kind>archive</kind>
         <file>bios.a674</file>
         <name>swi_crea.o674</name>
      </input_file>
      <input_file id="fl-117">
         <path>C:\ti\bios_5_41_11_38\packages\ti\bios\lib\</path>
         <kind>archive</kind>
         <file>bios.a674</file>
         <name>swi_disable.o674</name>
      </input_file>
      <input_file id="fl-118">
         <path>C:\ti\bios_5_41_11_38\packages\ti\bios\lib\</path>
         <kind>archive</kind>
         <file>bios.a674</file>
         <name>swi_seta.o674</name>
      </input_file>
      <input_file id="fl-119">
         <path>C:\ti\bios_5_41_11_38\packages\ti\bios\lib\</path>
         <kind>archive</kind>
         <file>bios.a674</file>
         <name>sys_abor.o674</name>
      </input_file>
      <input_file id="fl-11a">
         <path>C:\ti\bios_5_41_11_38\packages\ti\bios\lib\</path>
         <kind>archive</kind>
         <file>bios.a674</file>
         <name>sys_erro.o674</name>
      </input_file>
      <input_file id="fl-11b">
         <path>C:\ti\bios_5_41_11_38\packages\ti\bios\lib\</path>
         <kind>archive</kind>
         <file>bios.a674</file>
         <name>sys_prin.o674</name>
      </input_file>
      <input_file id="fl-11c">
         <path>C:\ti\bios_5_41_11_38\packages\ti\bios\lib\</path>
         <kind>archive</kind>
         <file>bios.a674</file>
         <name>sys_one.o674</name>
      </input_file>
      <input_file id="fl-11d">
         <path>C:\ti\bios_5_41_11_38\packages\ti\bios\lib\</path>
         <kind>archive</kind>
         <file>bios.a674</file>
         <name>tsk.o674</name>
      </input_file>
      <input_file id="fl-11e">
         <path>C:\ti\bios_5_41_11_38\packages\ti\bios\lib\</path>
         <kind>archive</kind>
         <file>bios.a674</file>
         <name>tsk_exit.o674</name>
      </input_file>
      <input_file id="fl-11f">
         <path>C:\ti\bios_5_41_11_38\packages\ti\bios\lib\</path>
         <kind>archive</kind>
         <file>bios.a674</file>
         <name>sys_exit.o674</name>
      </input_file>
      <input_file id="fl-120">
         <path>C:\ti\bios_5_41_11_38\packages\ti\bios\lib\</path>
         <kind>archive</kind>
         <file>bios.a674</file>
         <name>sys.o674</name>
      </input_file>
      <input_file id="fl-121">
         <path>C:\ti\bios_5_41_11_38\packages\ti\bios\lib\</path>
         <kind>archive</kind>
         <file>bios.a674</file>
         <name>tsk_init.o674</name>
      </input_file>
      <input_file id="fl-122">
         <path>C:\ti\bios_5_41_11_38\packages\ti\bios\lib\</path>
         <kind>archive</kind>
         <file>bios.a674</file>
         <name>tsk_setu.o674</name>
      </input_file>
      <input_file id="fl-123">
         <path>C:\ti\bios_5_41_11_38\packages\ti\bios\lib\</path>
         <kind>archive</kind>
         <file>bios.a674</file>
         <name>tsk_stup.o674</name>
      </input_file>
      <input_file id="fl-124">
         <path>C:\ti\bios_5_41_11_38\packages\ti\bios\lib\</path>
         <kind>archive</kind>
         <file>bios.a674</file>
         <name>lck.o674</name>
      </input_file>
      <input_file id="fl-125">
         <path>C:\ti\bios_5_41_11_38\packages\ti\bios\lib\</path>
         <kind>archive</kind>
         <file>pwrm.a674</file>
         <name>pwrm_ini.o674</name>
      </input_file>
      <input_file id="fl-126">
         <path>C:\ti\bios_5_41_11_38\packages\ti\bios\lib\</path>
         <kind>archive</kind>
         <file>bios6748.a674</file>
         <name>pwrm_rdb6748.o674</name>
      </input_file>
      <input_file id="fl-127">
         <path>C:\ti\bios_5_41_11_38\packages\ti\bios\lib\</path>
         <kind>archive</kind>
         <file>bios6748.a674</file>
         <name>_pwrm_initcounts.o674</name>
      </input_file>
      <input_file id="fl-128">
         <path>C:\ti\bios_5_41_11_38\packages\ti\bios\lib\</path>
         <kind>archive</kind>
         <file>pwrm.a674</file>
         <name>_pwrm_updcst.o674</name>
      </input_file>
      <input_file id="fl-129">
         <path>C:\ti\bios_5_41_11_38\packages\ti\bios\lib\</path>
         <kind>archive</kind>
         <file>bios.a674</file>
         <name>sem_dopo.o674</name>
      </input_file>
      <input_file id="fl-12a">
         <path>C:\ti\ccsv5\tools\compiler\c6000\lib\</path>
         <kind>archive</kind>
         <file>rts6740.lib</file>
         <name>assert.obj</name>
      </input_file>
      <input_file id="fl-12b">
         <path>C:\ti\bios_5_41_11_38\packages\ti\bios\lib\</path>
         <kind>archive</kind>
         <file>bios.a674</file>
         <name>autoinit.o674</name>
      </input_file>
      <input_file id="fl-12c">
         <path>C:\ti\ccsv5\tools\compiler\c6000\lib\</path>
         <kind>archive</kind>
         <file>rts6740.lib</file>
         <name>divu.obj</name>
      </input_file>
      <input_file id="fl-12d">
         <path>C:\ti\ccsv5\tools\compiler\c6000\lib\</path>
         <kind>archive</kind>
         <file>rts6740.lib</file>
         <name>fixdu.obj</name>
      </input_file>
      <input_file id="fl-12e">
         <path>C:\ti\ccsv5\tools\compiler\c6000\lib\</path>
         <kind>archive</kind>
         <file>rts6740.lib</file>
         <name>defs.obj</name>
      </input_file>
      <input_file id="fl-12f">
         <path>C:\ti\ccsv5\tools\compiler\c6000\lib\</path>
         <kind>archive</kind>
         <file>rts6740.lib</file>
         <name>_lock.obj</name>
      </input_file>
      <input_file id="fl-130">
         <path>C:\ti\ccsv5\tools\compiler\c6000\lib\</path>
         <kind>archive</kind>
         <file>rts6740.lib</file>
         <name>remu.obj</name>
      </input_file>
      <input_file id="fl-131">
         <path>C:\ti\ccsv5\tools\compiler\c6000\lib\</path>
         <kind>archive</kind>
         <file>rts6740.lib</file>
         <name>strasg.obj</name>
      </input_file>
      <input_file id="fl-132">
         <path>C:\ti\ccsv5\tools\compiler\c6000\lib\</path>
         <kind>archive</kind>
         <file>rts6740.lib</file>
         <name>exit.obj</name>
      </input_file>
      <input_file id="fl-133">
         <path>C:\ti\ccsv5\tools\compiler\c6000\lib\</path>
         <kind>archive</kind>
         <file>rts6740.lib</file>
         <name>atexit.obj</name>
      </input_file>
      <input_file id="fl-134">
         <path>C:\ti\ccsv5\tools\compiler\c6000\lib\</path>
         <kind>archive</kind>
         <file>rts6740.lib</file>
         <name>sinit.obj</name>
      </input_file>
      <input_file id="fl-135">
         <path>C:\Users\r0603366\Desktop\DSP_dev\realtime_audio\libs\</path>
         <kind>archive</kind>
         <file>ti.pspiom.platforms.evm6748.evmInit.a674</file>
         <name>audio_evmInit.obj</name>
      </input_file>
      <input_file id="fl-136">
         <path>C:\Users\r0603366\Desktop\DSP_dev\realtime_audio\libs\</path>
         <kind>archive</kind>
         <file>edma3_rm_bios.lib</file>
         <name>edma3_c6748_cfg.obj</name>
      </input_file>
      <input_file id="fl-137">
         <path>C:\Users\r0603366\Desktop\DSP_dev\realtime_audio\libs\</path>
         <kind>archive</kind>
         <file>edma3_drv_bios_c674.lib</file>
         <name>edma3_drv_init.obj</name>
      </input_file>
      <input_file id="fl-138">
         <path>C:\Users\r0603366\Desktop\DSP_dev\realtime_audio\libs\</path>
         <kind>archive</kind>
         <file>edma3_drv_bios_sample.lib</file>
         <name>bios_edma3_drv_sample_cs_multi_edma.obj</name>
      </input_file>
      <input_file id="fl-139">
         <path>C:\ti\bios_5_41_11_38\packages\ti\bios\lib\</path>
         <kind>archive</kind>
         <file>bios.a674</file>
         <name>tsk_disa.o674</name>
      </input_file>
      <input_file id="fl-13a">
         <path>C:\Users\r0603366\Desktop\DSP_dev\realtime_audio\libs\</path>
         <kind>archive</kind>
         <file>edma3_drv_bios_sample.lib</file>
         <name>bios_edma3_drv_sample_c6748_cfg.obj</name>
      </input_file>
      <input_file id="fl-13b">
         <path>C:\Users\r0603366\Desktop\DSP_dev\realtime_audio\libs\</path>
         <kind>archive</kind>
         <file>edma3_drv_bios_sample.lib</file>
         <name>bios_edma3_drv_sample_init_multi_edma.obj</name>
      </input_file>
      <input_file id="fl-13c">
         <path>C:\ti\ccsv5\tools\compiler\c6000\lib\</path>
         <kind>archive</kind>
         <file>rts6740.lib</file>
         <name>fflush.obj</name>
      </input_file>
      <input_file id="fl-13d">
         <path>C:\ti\ccsv5\tools\compiler\c6000\lib\</path>
         <kind>archive</kind>
         <file>rts6740.lib</file>
         <name>fprintf.obj</name>
      </input_file>
      <input_file id="fl-13e">
         <path>C:\ti\ccsv5\tools\compiler\c6000\lib\</path>
         <kind>archive</kind>
         <file>rts6740.lib</file>
         <name>_printfi.obj</name>
      </input_file>
      <input_file id="fl-13f">
         <path>C:\ti\ccsv5\tools\compiler\c6000\lib\</path>
         <kind>archive</kind>
         <file>rts6740.lib</file>
         <name>isinf.obj</name>
      </input_file>
      <input_file id="fl-140">
         <path>C:\ti\ccsv5\tools\compiler\c6000\lib\</path>
         <kind>archive</kind>
         <file>rts6740.lib</file>
         <name>divd.obj</name>
      </input_file>
      <input_file id="fl-141">
         <path>C:\ti\ccsv5\tools\compiler\c6000\lib\</path>
         <kind>archive</kind>
         <file>rts6740.lib</file>
         <name>imath40.obj</name>
      </input_file>
      <input_file id="fl-142">
         <path>C:\ti\ccsv5\tools\compiler\c6000\lib\</path>
         <kind>archive</kind>
         <file>rts6740.lib</file>
         <name>imath64.obj</name>
      </input_file>
      <input_file id="fl-143">
         <path>C:\ti\ccsv5\tools\compiler\c6000\lib\</path>
         <kind>archive</kind>
         <file>rts6740.lib</file>
         <name>fixdli.obj</name>
      </input_file>
      <input_file id="fl-144">
         <path>C:\ti\ccsv5\tools\compiler\c6000\lib\</path>
         <kind>archive</kind>
         <file>rts6740.lib</file>
         <name>fltlid.obj</name>
      </input_file>
      <input_file id="fl-145">
         <path>C:\ti\ccsv5\tools\compiler\c6000\lib\</path>
         <kind>archive</kind>
         <file>rts6740.lib</file>
         <name>frcmpyd_div.obj</name>
      </input_file>
      <input_file id="fl-146">
         <path>C:\ti\ccsv5\tools\compiler\c6000\lib\</path>
         <kind>archive</kind>
         <file>rts6740.lib</file>
         <name>llshift.obj</name>
      </input_file>
      <input_file id="fl-147">
         <path>C:\ti\ccsv5\tools\compiler\c6000\lib\</path>
         <kind>archive</kind>
         <file>rts6740.lib</file>
         <name>negll.obj</name>
      </input_file>
      <input_file id="fl-148">
         <path>C:\ti\ccsv5\tools\compiler\c6000\lib\</path>
         <kind>archive</kind>
         <file>rts6740.lib</file>
         <name>atoi.obj</name>
      </input_file>
      <input_file id="fl-149">
         <path>C:\ti\ccsv5\tools\compiler\c6000\lib\</path>
         <kind>archive</kind>
         <file>rts6740.lib</file>
         <name>ctype.obj</name>
      </input_file>
      <input_file id="fl-14a">
         <path>C:\ti\ccsv5\tools\compiler\c6000\lib\</path>
         <kind>archive</kind>
         <file>rts6740.lib</file>
         <name>fputc.obj</name>
      </input_file>
      <input_file id="fl-14b">
         <path>C:\ti\ccsv5\tools\compiler\c6000\lib\</path>
         <kind>archive</kind>
         <file>rts6740.lib</file>
         <name>_io_perm.obj</name>
      </input_file>
      <input_file id="fl-14c">
         <path>C:\ti\ccsv5\tools\compiler\c6000\lib\</path>
         <kind>archive</kind>
         <file>rts6740.lib</file>
         <name>fputs.obj</name>
      </input_file>
      <input_file id="fl-14d">
         <path>C:\ti\ccsv5\tools\compiler\c6000\lib\</path>
         <kind>archive</kind>
         <file>rts6740.lib</file>
         <name>fseek.obj</name>
      </input_file>
      <input_file id="fl-14e">
         <path>C:\ti\ccsv5\tools\compiler\c6000\lib\</path>
         <kind>archive</kind>
         <file>rts6740.lib</file>
         <name>abs.obj</name>
      </input_file>
      <input_file id="fl-14f">
         <path>C:\ti\ccsv5\tools\compiler\c6000\lib\</path>
         <kind>archive</kind>
         <file>rts6740.lib</file>
         <name>lowlev.obj</name>
      </input_file>
      <input_file id="fl-150">
         <path>C:\ti\ccsv5\tools\compiler\c6000\lib\</path>
         <kind>archive</kind>
         <file>rts6740.lib</file>
         <name>trgdrv.obj</name>
      </input_file>
      <input_file id="fl-151">
         <path>C:\ti\ccsv5\tools\compiler\c6000\lib\</path>
         <kind>archive</kind>
         <file>rts6740.lib</file>
         <name>ltoa.obj</name>
      </input_file>
      <input_file id="fl-152">
         <path>C:\ti\ccsv5\tools\compiler\c6000\lib\</path>
         <kind>archive</kind>
         <file>rts6740.lib</file>
         <name>memccpy.obj</name>
      </input_file>
      <input_file id="fl-153">
         <path>C:\ti\ccsv5\tools\compiler\c6000\lib\</path>
         <kind>archive</kind>
         <file>rts6740.lib</file>
         <name>memcpy64.obj</name>
      </input_file>
      <input_file id="fl-154">
         <path>C:\ti\ccsv5\tools\compiler\c6000\lib\</path>
         <kind>archive</kind>
         <file>rts6740.lib</file>
         <name>memset.obj</name>
      </input_file>
      <input_file id="fl-155">
         <path>C:\ti\ccsv5\tools\compiler\c6000\lib\</path>
         <kind>archive</kind>
         <file>rts6740.lib</file>
         <name>printf.obj</name>
      </input_file>
      <input_file id="fl-156">
         <path>C:\ti\ccsv5\tools\compiler\c6000\lib\</path>
         <kind>archive</kind>
         <file>rts6740.lib</file>
         <name>trgmsg.obj</name>
      </input_file>
      <input_file id="fl-157">
         <path>C:\ti\ccsv5\tools\compiler\c6000\lib\</path>
         <kind>archive</kind>
         <file>rts6740.lib</file>
         <name>setvbuf.obj</name>
      </input_file>
      <input_file id="fl-158">
         <path>C:\ti\ccsv5\tools\compiler\c6000\lib\</path>
         <kind>archive</kind>
         <file>rts6740.lib</file>
         <name>fopen.obj</name>
      </input_file>
      <input_file id="fl-159">
         <path>C:\ti\ccsv5\tools\compiler\c6000\lib\</path>
         <kind>archive</kind>
         <file>rts6740.lib</file>
         <name>fclose.obj</name>
      </input_file>
      <input_file id="fl-15a">
         <path>C:\ti\bios_5_41_11_38\packages\ti\bios\lib\</path>
         <kind>archive</kind>
         <file>bios.a674</file>
         <name>malloc.o674</name>
      </input_file>
      <input_file id="fl-15b">
         <path>C:\ti\ccsv5\tools\compiler\c6000\lib\</path>
         <kind>archive</kind>
         <file>rts6740.lib</file>
         <name>remove.obj</name>
      </input_file>
   </input_file_list>
   <object_component_list>
      <object_component id="oc-a1">
         <name>.vers</name>
         <load_address>0x0</load_address>
         <run_address>0x0</run_address>
         <size>0x40</size>
         <input_file_ref idref="fl-1b"/>
      </object_component>
      <object_component id="oc-8e">
         <name>.clk</name>
         <uninitialized>true</uninitialized>
         <run_address>0x1183a154</run_address>
         <size>0x8</size>
         <input_file_ref idref="fl-1b"/>
      </object_component>
      <object_component id="oc-94">
         <name>.swi</name>
         <uninitialized>true</uninitialized>
         <run_address>0x1183a0c0</run_address>
         <size>0x2c</size>
         <input_file_ref idref="fl-1b"/>
      </object_component>
      <object_component id="oc-97">
         <name>.tsk</name>
         <uninitialized>true</uninitialized>
         <run_address>0x11839fc0</run_address>
         <size>0xc0</size>
         <input_file_ref idref="fl-1b"/>
      </object_component>
      <object_component id="oc-9b">
         <name>.idl</name>
         <uninitialized>true</uninitialized>
         <run_address>0x1183a10c</run_address>
         <size>0x10</size>
         <input_file_ref idref="fl-1b"/>
      </object_component>
      <object_component id="oc-9a">
         <name>.idlcal</name>
         <uninitialized>true</uninitialized>
         <run_address>0x1183a11c</run_address>
         <size>0x10</size>
         <input_file_ref idref="fl-1b"/>
      </object_component>
      <object_component id="oc-93">
         <name>.hwi_vec</name>
         <load_address>0xc005ec00</load_address>
         <run_address>0xc005ec00</run_address>
         <size>0x200</size>
         <input_file_ref idref="fl-1b"/>
      </object_component>
      <object_component id="oc-4a8">
         <name>.bios</name>
         <load_address>0xc0057800</load_address>
         <run_address>0xc0057800</run_address>
         <size>0x780</size>
         <input_file_ref idref="fl-11b"/>
      </object_component>
      <object_component id="oc-cc">
         <name>.bios</name>
         <load_address>0xc0057f80</load_address>
         <run_address>0xc0057f80</run_address>
         <size>0x5c0</size>
         <input_file_ref idref="fl-a4"/>
      </object_component>
      <object_component id="oc-3a1">
         <name>.bios</name>
         <load_address>0xc0058540</load_address>
         <run_address>0xc0058540</run_address>
         <size>0x580</size>
         <input_file_ref idref="fl-c9"/>
      </object_component>
      <object_component id="oc-4b">
         <name>.bios</name>
         <load_address>0xc0058ac0</load_address>
         <run_address>0xc0058ac0</run_address>
         <size>0x4e0</size>
         <input_file_ref idref="fl-a2"/>
      </object_component>
      <object_component id="oc-4a">
         <name>.bios</name>
         <load_address>0xc0058fa0</load_address>
         <run_address>0xc0058fa0</run_address>
         <size>0x4c0</size>
         <input_file_ref idref="fl-a5"/>
      </object_component>
      <object_component id="oc-11b">
         <name>.bios</name>
         <load_address>0xc0059460</load_address>
         <run_address>0xc0059460</run_address>
         <size>0x380</size>
         <input_file_ref idref="fl-b8"/>
      </object_component>
      <object_component id="oc-3e4">
         <name>.bios</name>
         <load_address>0xc00597e0</load_address>
         <run_address>0xc00597e0</run_address>
         <size>0x320</size>
         <input_file_ref idref="fl-10e"/>
      </object_component>
      <object_component id="oc-4de">
         <name>.bios</name>
         <load_address>0xc0059b00</load_address>
         <run_address>0xc0059b00</run_address>
         <size>0x280</size>
         <input_file_ref idref="fl-15a"/>
      </object_component>
      <object_component id="oc-120">
         <name>.bios</name>
         <load_address>0xc0059d80</load_address>
         <run_address>0xc0059d80</run_address>
         <size>0x280</size>
         <input_file_ref idref="fl-b9"/>
      </object_component>
      <object_component id="oc-39b">
         <name>.bios</name>
         <load_address>0xc005a000</load_address>
         <run_address>0xc005a000</run_address>
         <size>0x240</size>
         <input_file_ref idref="fl-e1"/>
      </object_component>
      <object_component id="oc-448">
         <name>.bios:.near</name>
         <load_address>0xc005a240</load_address>
         <run_address>0xc005a240</run_address>
         <size>0x200</size>
         <input_file_ref idref="fl-e7"/>
      </object_component>
      <object_component id="oc-4f">
         <name>.bios</name>
         <load_address>0xc005a440</load_address>
         <run_address>0xc005a440</run_address>
         <size>0x200</size>
         <input_file_ref idref="fl-a8"/>
      </object_component>
      <object_component id="oc-409">
         <name>.bios:.near</name>
         <load_address>0xc005a640</load_address>
         <run_address>0xc005a640</run_address>
         <size>0x1e0</size>
         <input_file_ref idref="fl-e4"/>
      </object_component>
      <object_component id="oc-162">
         <name>.bios</name>
         <load_address>0xc005a820</load_address>
         <run_address>0xc005a820</run_address>
         <size>0x1e0</size>
         <input_file_ref idref="fl-c8"/>
      </object_component>
      <object_component id="oc-117">
         <name>.bios</name>
         <load_address>0xc005aa00</load_address>
         <run_address>0xc005aa00</run_address>
         <size>0x1e0</size>
         <input_file_ref idref="fl-b7"/>
      </object_component>
      <object_component id="oc-3c9">
         <name>.bios</name>
         <load_address>0xc005abe0</load_address>
         <run_address>0xc005abe0</run_address>
         <size>0x1e0</size>
         <input_file_ref idref="fl-10a"/>
      </object_component>
      <object_component id="oc-447">
         <name>.bios</name>
         <load_address>0xc005adc0</load_address>
         <run_address>0xc005adc0</run_address>
         <size>0x1e0</size>
         <input_file_ref idref="fl-111"/>
      </object_component>
      <object_component id="oc-3cc">
         <name>.bios</name>
         <load_address>0xc005afa0</load_address>
         <run_address>0xc005afa0</run_address>
         <size>0x1a0</size>
         <input_file_ref idref="fl-129"/>
      </object_component>
      <object_component id="oc-3a4">
         <name>.bios</name>
         <load_address>0xc005b140</load_address>
         <run_address>0xc005b140</run_address>
         <size>0x1a0</size>
         <input_file_ref idref="fl-122"/>
      </object_component>
      <object_component id="oc-f0">
         <name>.bios</name>
         <load_address>0xc005b2e0</load_address>
         <run_address>0xc005b2e0</run_address>
         <size>0x1a0</size>
         <input_file_ref idref="fl-ad"/>
      </object_component>
      <object_component id="oc-10f">
         <name>.bios</name>
         <load_address>0xc005b480</load_address>
         <run_address>0xc005b480</run_address>
         <size>0x180</size>
         <input_file_ref idref="fl-b5"/>
      </object_component>
      <object_component id="oc-422">
         <name>.bios</name>
         <load_address>0xc005b600</load_address>
         <run_address>0xc005b600</run_address>
         <size>0x180</size>
         <input_file_ref idref="fl-d9"/>
      </object_component>
      <object_component id="oc-392">
         <name>.bios</name>
         <load_address>0xc005b780</load_address>
         <run_address>0xc005b780</run_address>
         <size>0x140</size>
         <input_file_ref idref="fl-12b"/>
      </object_component>
      <object_component id="oc-39d">
         <name>.bios</name>
         <load_address>0xc005b8c0</load_address>
         <run_address>0xc005b8c0</run_address>
         <size>0x140</size>
         <input_file_ref idref="fl-11e"/>
      </object_component>
      <object_component id="oc-3ea">
         <name>.bios</name>
         <load_address>0xc005ba00</load_address>
         <run_address>0xc005ba00</run_address>
         <size>0x140</size>
         <input_file_ref idref="fl-cb"/>
      </object_component>
      <object_component id="oc-39f">
         <name>.bios</name>
         <load_address>0xc005bb40</load_address>
         <run_address>0xc005bb40</run_address>
         <size>0x120</size>
         <input_file_ref idref="fl-ca"/>
      </object_component>
      <object_component id="oc-1c1">
         <name>.bios</name>
         <load_address>0xc005bc60</load_address>
         <run_address>0xc005bc60</run_address>
         <size>0x120</size>
         <input_file_ref idref="fl-de"/>
      </object_component>
      <object_component id="oc-3a7">
         <name>.bios</name>
         <load_address>0xc005bd80</load_address>
         <run_address>0xc005bd80</run_address>
         <size>0x120</size>
         <input_file_ref idref="fl-123"/>
      </object_component>
      <object_component id="oc-398">
         <name>.bios</name>
         <load_address>0xc005bea0</load_address>
         <run_address>0xc005bea0</run_address>
         <size>0x100</size>
         <input_file_ref idref="fl-c7"/>
      </object_component>
      <object_component id="oc-26b">
         <name>.bios</name>
         <load_address>0xc005bfa0</load_address>
         <run_address>0xc005bfa0</run_address>
         <size>0xe0</size>
         <input_file_ref idref="fl-10b"/>
      </object_component>
      <object_component id="oc-3ff">
         <name>.bios</name>
         <load_address>0xc005c080</load_address>
         <run_address>0xc005c080</run_address>
         <size>0xc0</size>
         <input_file_ref idref="fl-c3"/>
      </object_component>
      <object_component id="oc-39c">
         <name>.bios</name>
         <load_address>0xc005c140</load_address>
         <run_address>0xc005c140</run_address>
         <size>0xc0</size>
         <input_file_ref idref="fl-dd"/>
      </object_component>
      <object_component id="oc-3e9">
         <name>.bios</name>
         <load_address>0xc005c200</load_address>
         <run_address>0xc005c200</run_address>
         <size>0xc0</size>
         <input_file_ref idref="fl-114"/>
      </object_component>
      <object_component id="oc-445">
         <name>.bios</name>
         <load_address>0xc005c2c0</load_address>
         <run_address>0xc005c2c0</run_address>
         <size>0xa0</size>
         <input_file_ref idref="fl-10f"/>
      </object_component>
      <object_component id="oc-443">
         <name>.bios</name>
         <load_address>0xc005c360</load_address>
         <run_address>0xc005c360</run_address>
         <size>0xa0</size>
         <input_file_ref idref="fl-106"/>
      </object_component>
      <object_component id="oc-3cb">
         <name>.bios</name>
         <load_address>0xc005c400</load_address>
         <run_address>0xc005c400</run_address>
         <size>0xa0</size>
         <input_file_ref idref="fl-10c"/>
      </object_component>
      <object_component id="oc-468">
         <name>.bios</name>
         <load_address>0xc005c4a0</load_address>
         <run_address>0xc005c4a0</run_address>
         <size>0xa0</size>
         <input_file_ref idref="fl-118"/>
      </object_component>
      <object_component id="oc-3e3">
         <name>.bios</name>
         <load_address>0xc005c540</load_address>
         <run_address>0xc005c540</run_address>
         <size>0xa0</size>
         <input_file_ref idref="fl-11f"/>
      </object_component>
      <object_component id="oc-113">
         <name>.bios</name>
         <load_address>0xc005c5e0</load_address>
         <run_address>0xc005c5e0</run_address>
         <size>0xa0</size>
         <input_file_ref idref="fl-b6"/>
      </object_component>
      <object_component id="oc-191">
         <name>.bios</name>
         <load_address>0xc005c680</load_address>
         <run_address>0xc005c680</run_address>
         <size>0x80</size>
         <input_file_ref idref="fl-d2"/>
      </object_component>
      <object_component id="oc-3ca">
         <name>.bios</name>
         <load_address>0xc005c700</load_address>
         <run_address>0xc005c700</run_address>
         <size>0x80</size>
         <input_file_ref idref="fl-e0"/>
      </object_component>
      <object_component id="oc-394">
         <name>.bios</name>
         <load_address>0xc005c780</load_address>
         <run_address>0xc005c780</run_address>
         <size>0x80</size>
         <input_file_ref idref="fl-df"/>
      </object_component>
      <object_component id="oc-3ef">
         <name>.bios</name>
         <load_address>0xc005c800</load_address>
         <run_address>0xc005c800</run_address>
         <size>0x80</size>
         <input_file_ref idref="fl-124"/>
      </object_component>
      <object_component id="oc-40a">
         <name>.bios</name>
         <load_address>0xc005c880</load_address>
         <run_address>0xc005c880</run_address>
         <size>0x80</size>
         <input_file_ref idref="fl-105"/>
      </object_component>
      <object_component id="oc-41e">
         <name>.bios</name>
         <load_address>0xc005c900</load_address>
         <run_address>0xc005c900</run_address>
         <size>0x80</size>
         <input_file_ref idref="fl-116"/>
      </object_component>
      <object_component id="oc-48f">
         <name>.bios</name>
         <load_address>0xc005c980</load_address>
         <run_address>0xc005c980</run_address>
         <size>0x80</size>
         <input_file_ref idref="fl-139"/>
      </object_component>
      <object_component id="oc-47f">
         <name>.bios</name>
         <load_address>0xc005ca00</load_address>
         <run_address>0xc005ca00</run_address>
         <size>0x80</size>
         <input_file_ref idref="fl-da"/>
      </object_component>
      <object_component id="oc-106">
         <name>.bios</name>
         <load_address>0xc005ca80</load_address>
         <run_address>0xc005ca80</run_address>
         <size>0x80</size>
         <input_file_ref idref="fl-b3"/>
      </object_component>
      <object_component id="oc-3e6">
         <name>.bios</name>
         <load_address>0xc005cb00</load_address>
         <run_address>0xc005cb00</run_address>
         <size>0x80</size>
         <input_file_ref idref="fl-113"/>
      </object_component>
      <object_component id="oc-3e5">
         <name>.bios:.near</name>
         <load_address>0xc005cb80</load_address>
         <run_address>0xc005cb80</run_address>
         <size>0x60</size>
         <input_file_ref idref="fl-e6"/>
      </object_component>
      <object_component id="oc-442">
         <name>.bios:.near</name>
         <load_address>0xc005cbe0</load_address>
         <run_address>0xc005cbe0</run_address>
         <size>0x60</size>
         <input_file_ref idref="fl-11a"/>
      </object_component>
      <object_component id="oc-496">
         <name>.bios</name>
         <load_address>0xc005cc40</load_address>
         <run_address>0xc005cc40</run_address>
         <size>0x60</size>
         <input_file_ref idref="fl-112"/>
      </object_component>
      <object_component id="oc-f4">
         <name>.bios</name>
         <load_address>0xc005cca0</load_address>
         <run_address>0xc005cca0</run_address>
         <size>0x60</size>
         <input_file_ref idref="fl-ae"/>
      </object_component>
      <object_component id="oc-17f">
         <name>.bios</name>
         <load_address>0xc005cd00</load_address>
         <run_address>0xc005cd00</run_address>
         <size>0x60</size>
         <input_file_ref idref="fl-ce"/>
      </object_component>
      <object_component id="oc-102">
         <name>.bios</name>
         <load_address>0xc005cd60</load_address>
         <run_address>0xc005cd60</run_address>
         <size>0x60</size>
         <input_file_ref idref="fl-b2"/>
      </object_component>
      <object_component id="oc-454">
         <name>.bios</name>
         <load_address>0xc005cdc0</load_address>
         <run_address>0xc005cdc0</run_address>
         <size>0x60</size>
         <input_file_ref idref="fl-108"/>
      </object_component>
      <object_component id="oc-264">
         <name>.bios</name>
         <load_address>0xc005ce20</load_address>
         <run_address>0xc005ce20</run_address>
         <size>0x60</size>
         <input_file_ref idref="fl-109"/>
      </object_component>
      <object_component id="oc-128">
         <name>.bios</name>
         <load_address>0xc005ce80</load_address>
         <run_address>0xc005ce80</run_address>
         <size>0x60</size>
         <input_file_ref idref="fl-bb"/>
      </object_component>
      <object_component id="oc-295">
         <name>.bios</name>
         <load_address>0xc005cee0</load_address>
         <run_address>0xc005cee0</run_address>
         <size>0x60</size>
         <input_file_ref idref="fl-117"/>
      </object_component>
      <object_component id="oc-3eb">
         <name>.bios</name>
         <load_address>0xc005cf40</load_address>
         <run_address>0xc005cf40</run_address>
         <size>0x60</size>
         <input_file_ref idref="fl-119"/>
      </object_component>
      <object_component id="oc-143">
         <name>.bios</name>
         <load_address>0xc005cfa0</load_address>
         <run_address>0xc005cfa0</run_address>
         <size>0x60</size>
         <input_file_ref idref="fl-c1"/>
      </object_component>
      <object_component id="oc-18a">
         <name>.bios</name>
         <load_address>0xc005d000</load_address>
         <run_address>0xc005d000</run_address>
         <size>0x40</size>
         <input_file_ref idref="fl-d0"/>
      </object_component>
      <object_component id="oc-419">
         <name>.bios</name>
         <load_address>0xc005d040</load_address>
         <run_address>0xc005d040</run_address>
         <size>0x40</size>
         <input_file_ref idref="fl-d1"/>
      </object_component>
      <object_component id="oc-44b">
         <name>.bios</name>
         <load_address>0xc005d080</load_address>
         <run_address>0xc005d080</run_address>
         <size>0x40</size>
         <input_file_ref idref="fl-d3"/>
      </object_component>
      <object_component id="oc-42f">
         <name>.bios</name>
         <load_address>0xc005d0c0</load_address>
         <run_address>0xc005d0c0</run_address>
         <size>0x40</size>
         <input_file_ref idref="fl-d4"/>
      </object_component>
      <object_component id="oc-48">
         <name>.bios</name>
         <load_address>0xc005d100</load_address>
         <run_address>0xc005d100</run_address>
         <size>0x40</size>
         <input_file_ref idref="fl-a3"/>
      </object_component>
      <object_component id="oc-444">
         <name>.bios</name>
         <load_address>0xc005d140</load_address>
         <run_address>0xc005d140</run_address>
         <size>0x40</size>
         <input_file_ref idref="fl-110"/>
      </object_component>
      <object_component id="oc-240">
         <name>.bios</name>
         <load_address>0xc005d180</load_address>
         <run_address>0xc005d180</run_address>
         <size>0x40</size>
         <input_file_ref idref="fl-100"/>
      </object_component>
      <object_component id="oc-124">
         <name>.bios</name>
         <load_address>0xc005d1c0</load_address>
         <run_address>0xc005d1c0</run_address>
         <size>0x40</size>
         <input_file_ref idref="fl-ba"/>
      </object_component>
      <object_component id="oc-47">
         <name>.bios</name>
         <load_address>0xc005d200</load_address>
         <run_address>0xc005d200</run_address>
         <size>0x40</size>
         <input_file_ref idref="fl-a9"/>
      </object_component>
      <object_component id="oc-4e">
         <name>.bios</name>
         <load_address>0xc005d240</load_address>
         <run_address>0xc005d240</run_address>
         <size>0x40</size>
         <input_file_ref idref="fl-ab"/>
      </object_component>
      <object_component id="oc-52">
         <name>.bios</name>
         <load_address>0xc005d280</load_address>
         <run_address>0xc005d280</run_address>
         <size>0x20</size>
         <input_file_ref idref="fl-a7"/>
      </object_component>
      <object_component id="oc-173">
         <name>.bios</name>
         <load_address>0xc005d2a0</load_address>
         <run_address>0xc005d2a0</run_address>
         <size>0x20</size>
         <input_file_ref idref="fl-cc"/>
      </object_component>
      <object_component id="oc-10a">
         <name>.bios</name>
         <load_address>0xc005d2c0</load_address>
         <run_address>0xc005d2c0</run_address>
         <size>0x20</size>
         <input_file_ref idref="fl-b4"/>
      </object_component>
      <object_component id="oc-1ce">
         <name>.bios</name>
         <load_address>0xc005d2e0</load_address>
         <run_address>0xc005d2e0</run_address>
         <size>0x20</size>
         <input_file_ref idref="fl-e2"/>
      </object_component>
      <object_component id="oc-408">
         <name>.bios</name>
         <load_address>0xc005d300</load_address>
         <run_address>0xc005d300</run_address>
         <size>0x20</size>
         <input_file_ref idref="fl-107"/>
      </object_component>
      <object_component id="oc-28e">
         <name>.bios</name>
         <load_address>0xc005d320</load_address>
         <run_address>0xc005d320</run_address>
         <size>0x20</size>
         <input_file_ref idref="fl-115"/>
      </object_component>
      <object_component id="oc-446">
         <name>.bios</name>
         <load_address>0xc005d340</load_address>
         <run_address>0xc005d340</run_address>
         <size>0x20</size>
         <input_file_ref idref="fl-11c"/>
      </object_component>
      <object_component id="oc-51">
         <name>.bios</name>
         <load_address>0xc005d360</load_address>
         <run_address>0xc005d360</run_address>
         <size>0x20</size>
         <input_file_ref idref="fl-aa"/>
      </object_component>
      <object_component id="oc-50">
         <name>.bios</name>
         <load_address>0xc005d380</load_address>
         <run_address>0xc005d380</run_address>
         <size>0x20</size>
         <input_file_ref idref="fl-ac"/>
      </object_component>
      <object_component id="oc-4d">
         <name>.bios</name>
         <load_address>0xc005d3a0</load_address>
         <run_address>0xc005d3a0</run_address>
         <size>0x20</size>
         <input_file_ref idref="fl-a6"/>
      </object_component>
      <object_component id="oc-3ce">
         <name>.text</name>
         <load_address>0xc0030000</load_address>
         <run_address>0xc0030000</run_address>
         <size>0x6240</size>
         <input_file_ref idref="fl-d6"/>
      </object_component>
      <object_component id="oc-41a">
         <name>.text</name>
         <load_address>0xc0036240</load_address>
         <run_address>0xc0036240</run_address>
         <size>0x2380</size>
         <input_file_ref idref="fl-d5"/>
      </object_component>
      <object_component id="oc-470">
         <name>.text</name>
         <load_address>0xc00385c0</load_address>
         <run_address>0xc00385c0</run_address>
         <size>0x17c0</size>
         <input_file_ref idref="fl-db"/>
      </object_component>
      <object_component id="oc-420">
         <name>.text:_Mcasp_localSubmitIoctl</name>
         <load_address>0xc0039d80</load_address>
         <run_address>0xc0039d80</run_address>
         <size>0x1120</size>
         <input_file_ref idref="fl-e9"/>
      </object_component>
      <object_component id="oc-4bf">
         <name>.text</name>
         <load_address>0xc003aea0</load_address>
         <run_address>0xc003aea0</run_address>
         <size>0x10e0</size>
         <input_file_ref idref="fl-1c"/>
      </object_component>
      <object_component id="oc-3ed">
         <name>.text</name>
         <load_address>0xc003bf80</load_address>
         <run_address>0xc003bf80</run_address>
         <size>0xbc0</size>
         <input_file_ref idref="fl-ed"/>
      </object_component>
      <object_component id="oc-3c3">
         <name>.text:_mcaspMdCreateChan</name>
         <load_address>0xc003cb40</load_address>
         <run_address>0xc003cb40</run_address>
         <size>0xac0</size>
         <input_file_ref idref="fl-e8"/>
      </object_component>
      <object_component id="oc-497">
         <name>.text</name>
         <load_address>0xc003d600</load_address>
         <run_address>0xc003d600</run_address>
         <size>0x9c0</size>
         <input_file_ref idref="fl-20"/>
      </object_component>
      <object_component id="oc-44c">
         <name>.text</name>
         <load_address>0xc003dfc0</load_address>
         <run_address>0xc003dfc0</run_address>
         <size>0x9a0</size>
         <input_file_ref idref="fl-137"/>
      </object_component>
      <object_component id="oc-4bd">
         <name>.text</name>
         <load_address>0xc003e960</load_address>
         <run_address>0xc003e960</run_address>
         <size>0x980</size>
         <input_file_ref idref="fl-16"/>
      </object_component>
      <object_component id="oc-4bc">
         <name>.text</name>
         <load_address>0xc003f2e0</load_address>
         <run_address>0xc003f2e0</run_address>
         <size>0x8c0</size>
         <input_file_ref idref="fl-1f"/>
      </object_component>
      <object_component id="oc-439">
         <name>.text</name>
         <load_address>0xc003fba0</load_address>
         <run_address>0xc003fba0</run_address>
         <size>0x780</size>
         <input_file_ref idref="fl-ee"/>
      </object_component>
      <object_component id="oc-498">
         <name>.text</name>
         <load_address>0xc0040320</load_address>
         <run_address>0xc0040320</run_address>
         <size>0x700</size>
         <input_file_ref idref="fl-22"/>
      </object_component>
      <object_component id="oc-49b">
         <name>.text</name>
         <load_address>0xc0040a20</load_address>
         <run_address>0xc0040a20</run_address>
         <size>0x700</size>
         <input_file_ref idref="fl-17"/>
      </object_component>
      <object_component id="oc-416">
         <name>.text:_i2cIntrHandler</name>
         <load_address>0xc0041120</load_address>
         <run_address>0xc0041120</run_address>
         <size>0x6a0</size>
         <input_file_ref idref="fl-cf"/>
      </object_component>
      <object_component id="oc-425">
         <name>.text:_Mcasp_localEdmaCallback</name>
         <load_address>0xc00417c0</load_address>
         <run_address>0xc00417c0</run_address>
         <size>0x660</size>
         <input_file_ref idref="fl-ea"/>
      </object_component>
      <object_component id="oc-4e5">
         <name>.text:__divd</name>
         <load_address>0xc0041e20</load_address>
         <run_address>0xc0041e20</run_address>
         <size>0x5a0</size>
         <input_file_ref idref="fl-140"/>
      </object_component>
      <object_component id="oc-3c0">
         <name>.text:_mcaspMdBindDev</name>
         <load_address>0xc00423c0</load_address>
         <run_address>0xc00423c0</run_address>
         <size>0x5a0</size>
         <input_file_ref idref="fl-e8"/>
      </object_component>
      <object_component id="oc-49d">
         <name>.text</name>
         <load_address>0xc0042960</load_address>
         <run_address>0xc0042960</run_address>
         <size>0x5a0</size>
         <input_file_ref idref="fl-14"/>
      </object_component>
      <object_component id="oc-4cd">
         <name>.text:__getarg_diouxp</name>
         <load_address>0xc0042f00</load_address>
         <run_address>0xc0042f00</run_address>
         <size>0x580</size>
         <input_file_ref idref="fl-13e"/>
      </object_component>
      <object_component id="oc-485">
         <name>.text:_Mcasp_localEdmaChanPaRAMsetup</name>
         <load_address>0xc0043480</load_address>
         <run_address>0xc0043480</run_address>
         <size>0x540</size>
         <input_file_ref idref="fl-ea"/>
      </object_component>
      <object_component id="oc-3bd">
         <name>.text:_i2cMdCreateChan</name>
         <load_address>0xc00439c0</load_address>
         <run_address>0xc00439c0</run_address>
         <size>0x540</size>
         <input_file_ref idref="fl-cf"/>
      </object_component>
      <object_component id="oc-3e8">
         <name>.text</name>
         <load_address>0xc0043f00</load_address>
         <run_address>0xc0043f00</run_address>
         <size>0x4e0</size>
         <input_file_ref idref="fl-13b"/>
      </object_component>
      <object_component id="oc-47e">
         <name>.text:_Mcasp_localAbortReset</name>
         <load_address>0xc00443e0</load_address>
         <run_address>0xc00443e0</run_address>
         <size>0x4a0</size>
         <input_file_ref idref="fl-e8"/>
      </object_component>
      <object_component id="oc-494">
         <name>.text:__setfield</name>
         <load_address>0xc0044880</load_address>
         <run_address>0xc0044880</run_address>
         <size>0x480</size>
         <input_file_ref idref="fl-13e"/>
      </object_component>
      <object_component id="oc-39e">
         <name>.text</name>
         <load_address>0xc0044d00</load_address>
         <run_address>0xc0044d00</run_address>
         <size>0x480</size>
         <input_file_ref idref="fl-12"/>
      </object_component>
      <object_component id="oc-44a">
         <name>.text</name>
         <load_address>0xc0045180</load_address>
         <run_address>0xc0045180</run_address>
         <size>0x460</size>
         <input_file_ref idref="fl-1d"/>
      </object_component>
      <object_component id="oc-459">
         <name>.text:_I2c_completeIOedmaCallback</name>
         <load_address>0xc00455e0</load_address>
         <run_address>0xc00455e0</run_address>
         <size>0x440</size>
         <input_file_ref idref="fl-d8"/>
      </object_component>
      <object_component id="oc-441">
         <name>.text:__printfi</name>
         <load_address>0xc0045a20</load_address>
         <run_address>0xc0045a20</run_address>
         <size>0x440</size>
         <input_file_ref idref="fl-13e"/>
      </object_component>
      <object_component id="oc-3ac">
         <name>.text:_aic31MdControlChan</name>
         <load_address>0xc0045e60</load_address>
         <run_address>0xc0045e60</run_address>
         <size>0x440</size>
         <input_file_ref idref="fl-bc"/>
      </object_component>
      <object_component id="oc-3fc">
         <name>.text:_aic31SetSamplingRate</name>
         <load_address>0xc00462a0</load_address>
         <run_address>0xc00462a0</run_address>
         <size>0x440</size>
         <input_file_ref idref="fl-bc"/>
      </object_component>
      <object_component id="oc-3ba">
         <name>.text:_i2cMdBindDev</name>
         <load_address>0xc00466e0</load_address>
         <run_address>0xc00466e0</run_address>
         <size>0x420</size>
         <input_file_ref idref="fl-cf"/>
      </object_component>
      <object_component id="oc-3bf">
         <name>.text:_i2cMdSubmitChan</name>
         <load_address>0xc0046b00</load_address>
         <run_address>0xc0046b00</run_address>
         <size>0x400</size>
         <input_file_ref idref="fl-cf"/>
      </object_component>
      <object_component id="oc-467">
         <name>.text:_i2cPolledModeTransfer</name>
         <load_address>0xc0046f00</load_address>
         <run_address>0xc0046f00</run_address>
         <size>0x400</size>
         <input_file_ref idref="fl-cf"/>
      </object_component>
      <object_component id="oc-449">
         <name>.text</name>
         <load_address>0xc0047300</load_address>
         <run_address>0xc0047300</run_address>
         <size>0x3c0</size>
         <input_file_ref idref="fl-21"/>
      </object_component>
      <object_component id="oc-3bc">
         <name>.text:_i2cMdControlChan</name>
         <load_address>0xc00476c0</load_address>
         <run_address>0xc00476c0</run_address>
         <size>0x3c0</size>
         <input_file_ref idref="fl-cf"/>
      </object_component>
      <object_component id="oc-3ad">
         <name>.text:_aic31MdCreateChan</name>
         <load_address>0xc0047a80</load_address>
         <run_address>0xc0047a80</run_address>
         <size>0x3a0</size>
         <input_file_ref idref="fl-bc"/>
      </object_component>
      <object_component id="oc-45a">
         <name>.text:_i2cCompleteIOInIsr</name>
         <load_address>0xc0047e20</load_address>
         <run_address>0xc0047e20</run_address>
         <size>0x380</size>
         <input_file_ref idref="fl-cf"/>
      </object_component>
      <object_component id="oc-43b">
         <name>.text</name>
         <load_address>0xc00481a0</load_address>
         <run_address>0xc00481a0</run_address>
         <size>0x380</size>
         <input_file_ref idref="fl-138"/>
      </object_component>
      <object_component id="oc-46e">
         <name>.text:_Mcasp_localUpdtDtPktToLnkPrms</name>
         <load_address>0xc0048520</load_address>
         <run_address>0xc0048520</run_address>
         <size>0x340</size>
         <input_file_ref idref="fl-ea"/>
      </object_component>
      <object_component id="oc-3b3">
         <name>.text:_audioMdCreateChan</name>
         <load_address>0xc0048860</load_address>
         <run_address>0xc0048860</run_address>
         <size>0x340</size>
         <input_file_ref idref="fl-bd"/>
[...]
      </symbol>
      <symbol id="sm-1880">
         <name>__c6xabi_divu</name>
         <value>0xc0054640</value>
         <object_component_ref idref="oc-3fd"/>
      </symbol>
      <symbol id="sm-1881">
         <name>__divu</name>
         <value>0xc0054640</value>
         <object_component_ref idref="oc-3fd"/>
      </symbol>
      <symbol id="sm-188f">
         <name>__fixdu</name>
         <value>0xc0055cc0</value>
         <object_component_ref idref="oc-4c4"/>
      </symbol>
      <symbol id="sm-1899">
         <name>__tmpnams</name>
         <value>0x118131d0</value>
         <object_component_ref idref="oc-2ed"/>
      </symbol>
      <symbol id="sm-189a">
         <name>__ft_end</name>
         <value>0x11813310</value>
         <object_component_ref idref="oc-2ed"/>
      </symbol>
      <symbol id="sm-189b">
         <name>__ftable</name>
         <value>0x11812ff0</value>
         <object_component_ref idref="oc-2ed"/>
      </symbol>
      <symbol id="sm-18ad">
         <name>__unlock</name>
         <value>0x118142a8</value>
         <object_component_ref idref="oc-2f1"/>
      </symbol>
      <symbol id="sm-18ae">
         <name>__lock</name>
         <value>0x118142a4</value>
         <object_component_ref idref="oc-2f1"/>
      </symbol>
      <symbol id="sm-18af">
         <name>__register_lock</name>
         <value>0xc00571a0</value>
         <object_component_ref idref="oc-3f0"/>
      </symbol>
      <symbol id="sm-18b0">
         <name>__nop</name>
         <value>0xc0057100</value>
         <object_component_ref idref="oc-3cd"/>
      </symbol>
      <symbol id="sm-18b1">
         <name>__register_unlock</name>
         <value>0xc00571c0</value>
         <object_component_ref idref="oc-3f1"/>
      </symbol>
      <symbol id="sm-18ba">
         <name>__remu</name>
         <value>0xc0055600</value>
         <object_component_ref idref="oc-4c3"/>
      </symbol>
      <symbol id="sm-18bb">
         <name>__c6xabi_remu</name>
         <value>0xc0055600</value>
         <object_component_ref idref="oc-4c3"/>
      </symbol>
      <symbol id="sm-18c6">
         <name>__c6xabi_strasgi</name>
         <value>0xc0053280</value>
         <object_component_ref idref="oc-407"/>
      </symbol>
      <symbol id="sm-18c7">
         <name>__c6xabi_strasgi_64plus</name>
         <value>0xc0056e40</value>
         <object_component_ref idref="oc-3db"/>
      </symbol>
      <symbol id="sm-18c8">
         <name>__strasgi_64plus</name>
         <value>0xc0056e40</value>
         <object_component_ref idref="oc-3db"/>
      </symbol>
      <symbol id="sm-18c9">
         <name>__strasgi</name>
         <value>0xc0053280</value>
         <object_component_ref idref="oc-407"/>
      </symbol>
      <symbol id="sm-18d8">
         <name>C$$EXIT</name>
         <value>0xc00571e0</value>
         <object_component_ref idref="oc-48d"/>
      </symbol>
      <symbol id="sm-18d9">
         <name>___TI_enable_exit_profile_output</name>
         <value>0x11814290</value>
         <object_component_ref idref="oc-2fc"/>
      </symbol>
      <symbol id="sm-18da">
         <name>_abort</name>
         <value>0xc00571e0</value>
         <object_component_ref idref="oc-48d"/>
      </symbol>
      <symbol id="sm-18db">
         <name>__cleanup_ptr</name>
         <value>0x11814288</value>
         <object_component_ref idref="oc-2fc"/>
      </symbol>
      <symbol id="sm-18dc">
         <name>__dtors_ptr</name>
         <value>0x1181428c</value>
         <object_component_ref idref="oc-2fc"/>
      </symbol>
      <symbol id="sm-18f0">
         <name>_atexit</name>
         <value>0xc00547c0</value>
         <object_component_ref idref="oc-40c"/>
      </symbol>
      <symbol id="sm-18f1">
         <name>___atexit_func_id__</name>
         <value>0x11813510</value>
         <object_component_ref idref="oc-301"/>
      </symbol>
      <symbol id="sm-1909">
         <name>_dtors</name>
         <value>0x118140b4</value>
         <object_component_ref idref="oc-306"/>
      </symbol>
      <symbol id="sm-190a">
         <name>_call_dtors</name>
         <value>0xc0052ae0</value>
         <object_component_ref idref="oc-49f"/>
      </symbol>
      <symbol id="sm-190b">
         <name>___add_dtor</name>
         <value>0xc0056cc0</value>
         <object_component_ref idref="oc-455"/>
      </symbol>
      <symbol id="sm-1919">
         <name>_audioI2cParams</name>
         <value>0x11814190</value>
         <object_component_ref idref="oc-30a"/>
      </symbol>
      <symbol id="sm-191a">
         <name>_audioUserI2cInit</name>
         <value>0xc0056860</value>
         <object_component_ref idref="oc-396"/>
      </symbol>
      <symbol id="sm-191b">
         <name>_configureAudio</name>
         <value>0xc0055e40</value>
         <object_component_ref idref="oc-3d8"/>
      </symbol>
      <symbol id="sm-1925">
         <name>_defInstInitConfig</name>
         <value>0x11810d28</value>
         <object_component_ref idref="oc-30f"/>
      </symbol>
      <symbol id="sm-1926">
         <name>_edma3GblCfgParams</name>
         <value>0x11810780</value>
         <object_component_ref idref="oc-30f"/>
      </symbol>
      <symbol id="sm-1968">
         <name>_drvObj</name>
         <value>0x11807e38</value>
         <object_component_ref idref="oc-314"/>
      </symbol>
      <symbol id="sm-1969">
         <name>_drvInstance</name>
         <value>0x118083f8</value>
         <object_component_ref idref="oc-314"/>
      </symbol>
      <symbol id="sm-196a">
         <name>_EDMA3_DRV_delete</name>
         <value>0xc003e4a0</value>
         <object_component_ref idref="oc-44c"/>
      </symbol>
      <symbol id="sm-196b">
         <name>_EDMA3_DRV_open</name>
         <value>0xc003e20c</value>
         <object_component_ref idref="oc-44c"/>
      </symbol>
      <symbol id="sm-196c">
         <name>_EDMA3_DRV_create</name>
         <value>0xc003e584</value>
         <object_component_ref idref="oc-44c"/>
      </symbol>
      <symbol id="sm-196d">
         <name>_EDMA3_DRV_close</name>
         <value>0xc003e7f0</value>
         <object_component_ref idref="oc-44c"/>
      </symbol>
      <symbol id="sm-196e">
         <name>_edma3DrvChBoundRes</name>
         <value>0x11809078</value>
         <object_component_ref idref="oc-314"/>
      </symbol>
      <symbol id="sm-1998">
         <name>_edma3OsSemGive</name>
         <value>0xc0048208</value>
         <object_component_ref idref="oc-43b"/>
      </symbol>
      <symbol id="sm-1999">
         <name>_Edma3_CacheInvalidate</name>
         <value>0xc00484a4</value>
         <object_component_ref idref="oc-43b"/>
      </symbol>
      <symbol id="sm-199a">
         <name>_edma3OsSemCreate</name>
         <value>0xc0048290</value>
         <object_component_ref idref="oc-43b"/>
      </symbol>
      <symbol id="sm-199b">
         <name>_edma3OsProtectExit</name>
         <value>0xc00482e8</value>
         <object_component_ref idref="oc-43b"/>
      </symbol>
      <symbol id="sm-199c">
         <name>_Edma3_CacheFlush</name>
         <value>0xc00484e0</value>
         <object_component_ref idref="oc-43b"/>
      </symbol>
      <symbol id="sm-199d">
         <name>_edma3OsSemDelete</name>
         <value>0xc0048258</value>
         <object_component_ref idref="oc-43b"/>
      </symbol>
      <symbol id="sm-199e">
         <name>_edma3OsProtectEntry</name>
         <value>0xc004838c</value>
         <object_component_ref idref="oc-43b"/>
      </symbol>
      <symbol id="sm-199f">
         <name>_edma3OsSemTake</name>
         <value>0xc00481a0</value>
         <object_component_ref idref="oc-43b"/>
      </symbol>
      <symbol id="sm-19b1">
         <name>_TSK_enable</name>
         <value>0xc005c980</value>
         <object_component_ref idref="oc-48f"/>
      </symbol>
      <symbol id="sm-19b2">
         <name>_TSK_disable</name>
         <value>0xc005c9a4</value>
         <object_component_ref idref="oc-48f"/>
      </symbol>
      <symbol id="sm-19c0">
         <name>_numEdma3Instances</name>
         <value>0x11827f9c</value>
         <object_component_ref idref="oc-320"/>
      </symbol>
      <symbol id="sm-19c1">
         <name>_tcErrorInt</name>
         <value>0x11811288</value>
         <object_component_ref idref="oc-323"/>
      </symbol>
      <symbol id="sm-19c2">
         <name>_hwIntTcErr</name>
         <value>0x118112d8</value>
         <object_component_ref idref="oc-323"/>
      </symbol>
      <symbol id="sm-19c3">
         <name>_hwIntCcErr</name>
         <value>0x118112d0</value>
         <object_component_ref idref="oc-323"/>
      </symbol>
      <symbol id="sm-19c4">
         <name>_sampleInstInitConfig</name>
         <value>0x118118c0</value>
         <object_component_ref idref="oc-323"/>
      </symbol>
      <symbol id="sm-19c5">
         <name>_ccXferCompInt</name>
         <value>0x11811278</value>
         <object_component_ref idref="oc-323"/>
      </symbol>
      <symbol id="sm-19c6">
         <name>_numEdma3Tc</name>
         <value>0x11811270</value>
         <object_component_ref idref="oc-323"/>
      </symbol>
      <symbol id="sm-19c7">
         <name>_hwIntXferComp</name>
         <value>0x118112c8</value>
         <object_component_ref idref="oc-323"/>
      </symbol>
      <symbol id="sm-19c8">
         <name>_numEdma3EvtQue</name>
         <value>0x11811268</value>
         <object_component_ref idref="oc-323"/>
      </symbol>
      <symbol id="sm-19c9">
         <name>_sampleEdma3GblCfgParams</name>
         <value>0x11811318</value>
         <object_component_ref idref="oc-323"/>
      </symbol>
      <symbol id="sm-19ca">
         <name>_ccErrorInt</name>
         <value>0x11811280</value>
         <object_component_ref idref="oc-323"/>
      </symbol>
      <symbol id="sm-19f1">
         <name>_ptrEdma3TcIsrHandler</name>
         <value>0x11814170</value>
         <object_component_ref idref="oc-327"/>
      </symbol>
      <symbol id="sm-19f2">
         <name>_edma3deinit</name>
         <value>0xc0044300</value>
         <object_component_ref idref="oc-3e8"/>
      </symbol>
      <symbol id="sm-19f3">
         <name>_semHandle</name>
         <value>0x11814168</value>
         <object_component_ref idref="oc-327"/>
      </symbol>
      <symbol id="sm-19f4">
         <name>_unregisterEdma3Interrupts</name>
         <value>0xc0043f00</value>
         <object_component_ref idref="oc-3e8"/>
      </symbol>
      <symbol id="sm-19f5">
         <name>_edma3init</name>
         <value>0xc0044160</value>
         <object_component_ref idref="oc-3e8"/>
      </symbol>
      <symbol id="sm-19f6">
         <name>_registerEdma3Interrupts</name>
         <value>0xc0043fa8</value>
         <object_component_ref idref="oc-3e8"/>
      </symbol>
      <symbol id="sm-19f7">
         <name>_hEdma</name>
         <value>0x11814160</value>
         <object_component_ref idref="oc-327"/>
      </symbol>
      <symbol id="sm-1a0e">
         <name>__doflush</name>
         <value>0xc0054700</value>
         <object_component_ref idref="oc-4b5"/>
      </symbol>
      <symbol id="sm-1a0f">
         <name>_fflush</name>
         <value>0xc0052be0</value>
         <object_component_ref idref="oc-48c"/>
      </symbol>
      <symbol id="sm-1a21">
         <name>_fprintf</name>
         <value>0xc0055ec0</value>
         <object_component_ref idref="oc-48b"/>
      </symbol>
      <symbol id="sm-1b2d">
         <name>__printfi</name>
         <value>0xc0045a20</value>
         <object_component_ref idref="oc-441"/>
      </symbol>
      <symbol id="sm-1b37">
         <name>___isinf</name>
         <value>0xc0056d00</value>
         <object_component_ref idref="oc-4c9"/>
      </symbol>
      <symbol id="sm-1b49">
         <name>__divd</name>
         <value>0xc0041e20</value>
         <object_component_ref idref="oc-4e5"/>
      </symbol>
      <symbol id="sm-1b59">
         <name>__divul</name>
         <value>0xc004f320</value>
         <object_component_ref idref="oc-4ed"/>
      </symbol>
      <symbol id="sm-1b5a">
         <name>__remli</name>
         <value>0xc0056e00</value>
         <object_component_ref idref="oc-4f1"/>
      </symbol>
      <symbol id="sm-1b5b">
         <name>__divli</name>
         <value>0xc00552e0</value>
         <object_component_ref idref="oc-4f2"/>
      </symbol>
      <symbol id="sm-1b6f">
         <name>__subcull</name>
         <value>0xc0056680</value>
         <object_component_ref idref="oc-4f4"/>
      </symbol>
      <symbol id="sm-1b70">
         <name>__divull</name>
         <value>0xc004c1e0</value>
         <object_component_ref idref="oc-4ee"/>
      </symbol>
      <symbol id="sm-1b7d">
         <name>__fixdli</name>
         <value>0xc00554c0</value>
         <object_component_ref idref="oc-4e8"/>
      </symbol>
      <symbol id="sm-1b88">
         <name>__fltlid</name>
         <value>0xc0055d40</value>
         <object_component_ref idref="oc-4ea"/>
      </symbol>
      <symbol id="sm-1b92">
         <name>__frcmpyd_div</name>
         <value>0xc0056d80</value>
         <object_component_ref idref="oc-4ec"/>
      </symbol>
      <symbol id="sm-1ba0">
         <name>__llshl</name>
         <value>0xc0055dc0</value>
         <object_component_ref idref="oc-4f3"/>
      </symbol>
      <symbol id="sm-1ba1">
         <name>__llshru</name>
         <value>0xc0056dc0</value>
         <object_component_ref idref="oc-4eb"/>
      </symbol>
      <symbol id="sm-1bab">
         <name>__negll</name>
         <value>0xc00570e0</value>
         <object_component_ref idref="oc-4ce"/>
      </symbol>
      <symbol id="sm-1bb9">
         <name>_atoi</name>
         <value>0xc0053440</value>
         <object_component_ref idref="oc-4b8"/>
      </symbol>
      <symbol id="sm-1bc1">
         <name>__ctypes_</name>
         <value>0x11826f80</value>
         <object_component_ref idref="oc-4c7"/>
      </symbol>
      <symbol id="sm-1bd3">
         <name>_putc</name>
         <value>0xc0051180</value>
         <object_component_ref idref="oc-491"/>
      </symbol>
      <symbol id="sm-1bd4">
         <name>_fputc</name>
         <value>0xc0051180</value>
         <object_component_ref idref="oc-491"/>
      </symbol>
      <symbol id="sm-1be3">
         <name>__wrt_ok</name>
         <value>0xc00527e0</value>
         <object_component_ref idref="oc-4b6"/>
      </symbol>
      <symbol id="sm-1bfd">
         <name>_fputs</name>
         <value>0xc0049200</value>
         <object_component_ref idref="oc-490"/>
      </symbol>
      <symbol id="sm-1c0a">
         <name>_fseek</name>
         <value>0xc0054880</value>
         <object_component_ref idref="oc-4c5"/>
      </symbol>
      <symbol id="sm-1c50">
         <name>_unlink</name>
         <value>0xc00562c0</value>
         <object_component_ref idref="oc-4f5"/>
      </symbol>
      <symbol id="sm-1c51">
         <name>_lseek</name>
         <value>0xc0054940</value>
         <object_component_ref idref="oc-4dd"/>
      </symbol>
      <symbol id="sm-1c52">
         <name>_close</name>
         <value>0xc00536e0</value>
         <object_component_ref idref="oc-4ef"/>
      </symbol>
      <symbol id="sm-1c53">
         <name>_write</name>
         <value>0xc0054c40</value>
         <object_component_ref idref="oc-4b7"/>
      </symbol>
      <symbol id="sm-1c7d">
         <name>_HOSTopen</name>
         <value>0xc0052fe0</value>
         <object_component_ref idref="oc-3cf"/>
      </symbol>
      <symbol id="sm-1c7e">
         <name>_HOSTread</name>
         <value>0xc0053ec0</value>
         <object_component_ref idref="oc-3d1"/>
      </symbol>
      <symbol id="sm-1c7f">
         <name>_HOSTrename</name>
         <value>0xc004fb40</value>
         <object_component_ref idref="oc-3d5"/>
      </symbol>
      <symbol id="sm-1c80">
         <name>_HOSTwrite</name>
         <value>0xc0054040</value>
         <object_component_ref idref="oc-3d2"/>
      </symbol>
      <symbol id="sm-1c81">
         <name>_HOSTlseek</name>
         <value>0xc00521e0</value>
         <object_component_ref idref="oc-3d3"/>
      </symbol>
      <symbol id="sm-1c82">
         <name>_HOSTunlink</name>
         <value>0xc0053f80</value>
         <object_component_ref idref="oc-3d4"/>
      </symbol>
      <symbol id="sm-1c83">
         <name>_HOSTclose</name>
         <value>0xc0054f20</value>
         <object_component_ref idref="oc-3d0"/>
      </symbol>
      <symbol id="sm-1c90">
         <name>_ltoa</name>
         <value>0xc0054a00</value>
         <object_component_ref idref="oc-4e9"/>
      </symbol>
      <symbol id="sm-1c9d">
         <name>_memccpy</name>
         <value>0xc0056b00</value>
         <object_component_ref idref="oc-4bb"/>
      </symbol>
      <symbol id="sm-1ca5">
         <name>_memcpy</name>
         <value>0xc00559c0</value>
         <object_component_ref idref="oc-3d6"/>
      </symbol>
      <symbol id="sm-1cb0">
         <name>_memset</name>
         <value>0xc0053d00</value>
         <object_component_ref idref="oc-405"/>
      </symbol>
      <symbol id="sm-1cc2">
         <name>_printf</name>
         <value>0xc00561c0</value>
         <object_component_ref idref="oc-3d7"/>
      </symbol>
      <symbol id="sm-1cd2">
         <name>C$$IO$$</name>
         <value>0xc0056bb8</value>
         <object_component_ref idref="oc-43d"/>
      </symbol>
      <symbol id="sm-1cd3">
         <name>__CIOBUF_</name>
         <value>0x11836e40</value>
         <object_component_ref idref="oc-37e"/>
      </symbol>
      <symbol id="sm-1cd4">
         <name>_readmsg</name>
         <value>0xc0056240</value>
         <object_component_ref idref="oc-43e"/>
      </symbol>
      <symbol id="sm-1cd5">
         <name>_writemsg</name>
         <value>0xc0056b60</value>
         <object_component_ref idref="oc-43d"/>
      </symbol>
      <symbol id="sm-1ce6">
         <name>_setvbuf</name>
         <value>0xc00502c0</value>
         <object_component_ref idref="oc-4c6"/>
      </symbol>
      <symbol id="sm-1cfb">
         <name>__cleanup</name>
         <value>0xc00544c0</value>
         <object_component_ref idref="oc-4df"/>
      </symbol>
      <symbol id="sm-1d0d">
         <name>_fclose</name>
         <value>0xc0051c40</value>
         <object_component_ref idref="oc-4e7"/>
      </symbol>
      <symbol id="sm-1d29">
         <name>_free</name>
         <value>0xc0059b00</value>
         <object_component_ref idref="oc-4de"/>
      </symbol>
      <symbol id="sm-1d2a">
         <name>_calloc</name>
         <value>0xc0059d2c</value>
         <object_component_ref idref="oc-4de"/>
      </symbol>
      <symbol id="sm-1d2b">
         <name>_memalign</name>
         <value>0xc0059c68</value>
         <object_component_ref idref="oc-4de"/>
      </symbol>
      <symbol id="sm-1d2c">
         <name>_realloc</name>
         <value>0xc0059b84</value>
         <object_component_ref idref="oc-4de"/>
      </symbol>
      <symbol id="sm-1d2d">
         <name>_malloc</name>
         <value>0xc0059b24</value>
         <object_component_ref idref="oc-4de"/>
      </symbol>
      <symbol id="sm-1d39">
         <name>_remove</name>
         <value>0xc0057260</value>
         <object_component_ref idref="oc-4f0"/>
      </symbol>
   </symbol_table>
</link_info>
